{
  "version": "1.5.0",
  "plugins_used": [
    {
      "name": "ArtifactoryDetector"
    },
    {
      "name": "AWSKeyDetector"
    },
    {
      "name": "AzureStorageKeyDetector"
    },
    {
      "name": "Base64HighEntropyString",
      "limit": 4.5
    },
    {
      "name": "BasicAuthDetector"
    },
    {
      "name": "CloudantDetector"
    },
    {
      "name": "DiscordBotTokenDetector"
    },
    {
      "name": "GitHubTokenDetector"
    },
    {
      "name": "GitLabTokenDetector"
    },
    {
      "name": "HexHighEntropyString",
      "limit": 3
    },
    {
      "name": "IbmCloudIamDetector"
    },
    {
      "name": "IbmCosHmacDetector"
    },
    {
      "name": "IPPublicDetector"
    },
    {
      "name": "JwtTokenDetector"
    },
    {
      "name": "KeywordDetector",
      "keyword_exclude": ""
    },
    {
      "name": "MailchimpDetector"
    },
    {
      "name": "NpmDetector"
    },
    {
      "name": "OpenAIDetector"
    },
    {
      "name": "PrivateKeyDetector"
    },
    {
      "name": "PypiTokenDetector"
    },
    {
      "name": "SendGridDetector"
    },
    {
      "name": "SlackDetector"
    },
    {
      "name": "SoftlayerDetector"
    },
    {
      "name": "SquareOAuthDetector"
    },
    {
      "name": "StripeDetector"
    },
    {
      "name": "TelegramBotTokenDetector"
    },
    {
      "name": "TwilioKeyDetector"
    }
  ],
  "filters_used": [
    {
      "path": "detect_secrets.filters.allowlist.is_line_allowlisted"
    },
    {
      "path": "detect_secrets.filters.common.is_baseline_file",
      "filename": ".secrets.baseline"
    },
    {
      "path": "detect_secrets.filters.common.is_ignored_due_to_verification_policies",
      "min_level": 2
    },
    {
      "path": "detect_secrets.filters.heuristic.is_indirect_reference"
    },
    {
      "path": "detect_secrets.filters.heuristic.is_likely_id_string"
    },
    {
      "path": "detect_secrets.filters.heuristic.is_lock_file"
    },
    {
      "path": "detect_secrets.filters.heuristic.is_not_alphanumeric_string"
    },
    {
      "path": "detect_secrets.filters.heuristic.is_potential_uuid"
    },
    {
      "path": "detect_secrets.filters.heuristic.is_prefixed_with_dollar_sign"
    },
    {
      "path": "detect_secrets.filters.heuristic.is_sequential_string"
    },
    {
      "path": "detect_secrets.filters.heuristic.is_swagger_file"
    },
    {
      "path": "detect_secrets.filters.heuristic.is_templated_secret"
    }
  ],
  "results": {
    ".github/workflows/compliance.yml": [
      {
        "type": "Secret Keyword",
        "filename": ".github/workflows/compliance.yml",
        "hashed_secret": "2b81714642b5c9c647d08da3c73b5fad9ed4b260",
        "is_verified": false,
        "line_number": 104
      }
    ],
    "docs/DEVELOPMENT.md": [
      {
        "type": "Secret Keyword",
        "filename": "docs/DEVELOPMENT.md",
        "hashed_secret": "8cb202358b433b002379b0a492443bec0adcee99",
        "is_verified": false,
        "line_number": 57
      }
    ],
    "packages/pulsar-bundle-full/tests/fake-pulsar.mjs": [
      {
        "type": "Secret Keyword",
        "filename": "packages/pulsar-bundle-full/tests/fake-pulsar.mjs",
        "hashed_secret": "973229c027606bc8cf2cbfb6259f856f35e6196d",
        "is_verified": false,
        "line_number": 26
      }
    ],
    "packages/pulsar-bundle/tests/fake-pulsar.mjs": [
      {
        "type": "Secret Keyword",
        "filename": "packages/pulsar-bundle/tests/fake-pulsar.mjs",
        "hashed_secret": "973229c027606bc8cf2cbfb6259f856f35e6196d",
        "is_verified": false,
        "line_number": 26
      }
    ],
    "plugins/pulsar-websocket/data/locale/en-US.ini": [
      {
        "type": "Secret Keyword",
        "filename": "plugins/pulsar-websocket/data/locale/en-US.ini",
        "hashed_secret": "fc4ea6ee08fe3cbc533c57da9b8f1c596f0b0f84",
        "is_verified": false,
        "line_number": 13
      },
      {
        "type": "Secret Keyword",
        "filename": "plugins/pulsar-websocket/data/locale/en-US.ini",
        "hashed_secret": "3aea0bafa7d88caff43878d346fa5ec72412ca19",
        "is_verified": false,
        "line_number": 14
      },
      {
        "type": "Secret Keyword",
        "filename": "plugins/pulsar-websocket/data/locale/en-US.ini",
        "hashed_secret": "983aeee5c2f5de5d44cb57e65d5d6d852c9dcdd5",
        "is_verified": false,
        "line_number": 20
      },
      {
        "type": "Secret Keyword",
        "filename": "plugins/pulsar-websocket/data/locale/en-US.ini",
        "hashed_secret": "cef6e514114dc92935cfcaa8d7142bc0b1e05de8",
        "is_verified": false,
        "line_number": 21
      },
      {
        "type": "Secret Keyword",
        "filename": "plugins/pulsar-websocket/data/locale/en-US.ini",
        "hashed_secret": "d933709caa7e5640a32cde0489420bca7f382240",
        "is_verified": false,
        "line_number": 22
      },
      {
        "type": "Secret Keyword",
        "filename": "plugins/pulsar-websocket/data/locale/en-US.ini",
        "hashed_secret": "cfc19ad2836f9d620796126dcca64a820a470a03",
        "is_verified": false,
        "line_number": 23
      },
      {
        "type": "Secret Keyword",
        "filename": "plugins/pulsar-websocket/data/locale/en-US.ini",
        "hashed_secret": "c49b578fbe8c74b0a9e38fe19264715719135c7a",
        "is_verified": false,
        "line_number": 24
      }
    ],
    "scripts/probe-m6-live.py": [
      {
        "type": "Base64 High Entropy String",
        "filename": "scripts/probe-m6-live.py",
        "hashed_secret": "d3caf5e1635ee7aab32349299591eac56bcd9739",
        "is_verified": false,
        "line_number": 130
      }
    ]
  },
  "generated_at": "2026-06-08T00:00:00Z"
}
