Using cmake: C:\Program Files\CMake\bin\cmake.exe
Preset:       windows-x64
Source:       D:\Documents\Zab\Pulsar\.worktrees\eleven-253-latency\upstream
ATL headers found: C:\Program Files (x86)\Microsoft Visual Studio\2022\BuildTools\VC\Tools\MSVC\14.38.33130\atlmfc\include

--- Applying Pulsar patches ---
Pinned upstream commit: bd73b922891e56839b0bc86bdc519802802f9d68
Root patches found:     41
OBS-browser patches:    1
  applying 0007-fix-win-dshow-namespace-virtual-camera-queues-by-run.patch
Applying: fix(win-dshow): namespace virtual camera queues by runtime
  applying 0008-use-executable-path-for-libobs-data-with-private-cwd.patch
Applying: fix(win32): resolve libobs data from executable with private cwd
  applying 0009-feat-libobs-add-frame-boundary-dual-lane-swaps.patch
Applying: feat(libobs): add frame-boundary dual-lane swaps
  applying 0010-fix-win-dshow-reject-ambiguous-queue-namespaces.patch
Applying: fix(win-dshow): reject ambiguous queue namespaces
  applying 0011-feat-runtime-telemetry-producer.patch
Applying: feat(telemetry): emit correlated runtime trace boundaries
  applying 0012-feat-libobs-add-low-latency-output-interleaving.patch
Applying: feat(libobs): add low-latency output interleaving
  applying 0013-perf-libobs-decouple-live-video-from-audio-watermark.patch
Applying: perf(libobs): decouple live video from audio watermark
  applying 0014-perf-nvenc-drain-ULL-bitstreams-immediately.patch
Applying: perf(nvenc): bound ULL bitstream queue
  applying 0015-perf-libobs-configurable-aux-view-cache.patch
Applying: perf(libobs): make auxiliary view cache configurable
  applying 0016-feat-libobs-expose-video-pipeline-stage-telemetry.patch
Applying: feat(libobs): expose per-stage video pipeline telemetry
  applying 0017-perf-libobs-pipeline-borrowed-preview-publication.patch
Applying: perf(libobs): pipeline borrowed preview publication
  applying 0018-feat-libobs-close-video-mix-stage-accounting.patch
Applying: feat(libobs): close video mix stage accounting
  applying 0019-perf-win-dshow-pipeline-program-return-publication.patch
Applying: perf(win-dshow): pipeline borrowed ProgramReturn publication
  applying 0020-perf-win-dshow-elide-unconsumed-preview-return-copies.patch
Applying: perf(win-dshow): elide unconsumed PreviewReturn copies
  applying 0021-perf-win-dshow-elide-unconsumed-program-return-copies.patch
Applying: perf(win-dshow): elide idle ProgramReturn copies
  applying 0022-fix-cmake-qt-host-tool-argument-parsing.patch
Applying: fix(cmake): parse Qt host tool arguments correctly
  applying 0022-perf-libobs-remove-initial-gpu-encode-frame-delay.patch
Applying: perf(libobs): remove initial GPU encode frame delay
  applying 0023-fix-win-dshow-atomic-return-queue.patch
Applying: fix(win-dshow): harden latest-frame return queue
  applying 0024-feat-win-dshow-d3d11-return-capability-skeleton.patch
Applying: fix(pulsar): validate shared queue mapping before atomic reads
  applying 0025-fix-win-dshow-bootstrap-consumer-gated-return-format.patch
Applying: fix(win-dshow): bootstrap consumer-gated return formats
  applying 0026-fix-libobs-pipeline-stats-atomic-snapshot.patch
Applying: fix(libobs): make pipeline telemetry counters atomic
  applying 0027-perf-win-dshow-bulk-copy-tight-nv12.patch
Applying: perf(win-dshow): bulk-copy tightly packed NV12 returns
  applying 0028-feat-libobs-telemetry-output-enqueue-timestamp.patch
Applying: feat(libobs): expose output enqueue telemetry timestamp
  applying 0029-fix-win-dshow-lease-watcher.patch
Applying: perf(win-dshow): watch return consumer lease off frame path
  applying 0030-feat-libobs-interleaver-mutex-wait-telemetry.patch
Applying: perf(libobs): expose interleaver mutex wait telemetry
  applying 0031-fix-replay-buffer-stop-without-timestamp.patch
Applying: fix(replay): stop buffer on next packet deterministically
  applying 0032-fix-cpu-queue-mapping-collision.patch
Applying: fix(dshow): reject pre-existing CPU queue mappings
  applying 0033-fix-consumer-lease-collision.patch
Applying: fix(dshow): reject spoofed consumer lease objects
  applying 0034-fix-d3d11-consumer-liveness.patch
Applying: fix(d3d11): track consumer process liveness
  applying 0035-fix-modern-cpu-queue-mapping-collision.patch
Applying: fix(queue): reject raced existing mapping
  applying 0036-fix-d3d11-producer-consumer-liveness.patch
Applying: fix(d3d11): fail closed on producer consumer exit
  applying 0037-fix-d3d11-consumer-session-cleanup.patch
Applying: fix(d3d11): validate consumer session and cleanup
  applying 0038-fix-d3d11-stale-registration-invalidation.patch
Applying: fix(d3d11): invalidate stale consumer registration
  applying 0039-fix-d3d11-invalidate-registration-before-session-loo.patch
Applying: fix(d3d11): invalidate registration before session lookup
  applying 0040-fix-dshow-move-registration-to-producer-owned-pipe.patch
Applying: fix(dshow): move registration to producer-owned pipe
  applying 0041-fix-d3d11-producer-authoritative-readonly-abi-v2.patch
Applying: fix(d3d11): enforce producer-authoritative readonly ABI v2
  applying 0042-feat-libobs-d3d11-direct-nt-shared-copy.patch
Applying: feat(graphics): copy NT shared textures without wrapper
  applying 0043-fix-d3d11-private-helper-authenticated-return.patch
Applying: fix(win-dshow): bind return transport to private helper
  applying 0044-fix-dshow-trace-sidecar.patch
Applying: fix: route DirectShow trace observations through sidecar
  applying 0045-perf-libobs-preserve-hot-lane-activation.patch
Applying: perf(libobs): preserve activation across dual-lane swaps
  applying 0046-perf-libobs-preserve-equal-view-activation.patch
Applying: perf(libobs): preserve equal-view activation during atomic swaps
  reusing exact patched obs-browser HEAD (fingerprint c0b75b3895c6)
