Using cmake: C:\Program Files\CMake\bin\cmake.exe
Preset:       windows-x64
Source:       D:\Documents\Zab\Pulsar\.worktrees\eleven-253-latency\upstream
ATL headers found: C:\Program Files (x86)\Microsoft Visual Studio\2022\BuildTools\VC\Tools\MSVC\14.38.33130\atlmfc\include

--- Applying Pulsar patches ---
Pinned upstream commit: bd73b922891e56839b0bc86bdc519802802f9d68
Root patches found:     40
OBS-browser patches:    1
  applying 0007-fix-win-dshow-namespace-virtual-camera-queues-by-run.patch
Applying: fix(win-dshow): namespace virtual camera queues by runtime
  applying 0008-use-executable-path-for-libobs-data-with-private-cwd.patch
Applying: fix(win32): resolve libobs data from executable with private cwd
  applying 0009-feat-libobs-add-frame-boundary-dual-lane-swaps.patch
Applying: feat(libobs): add frame-boundary dual-lane swaps
  applying 0010-fix-win-dshow-reject-ambiguous-queue-namespaces.patch
Applying: fix(win-dshow): reject ambiguous queue namespaces
  applying 0011-feat-runtime-telemetry-producer.patch
Applying: feat(telemetry): emit correlated runtime trace boundaries
  applying 0012-feat-libobs-add-low-latency-output-interleaving.patch
Applying: feat(libobs): add low-latency output interleaving
  applying 0013-perf-libobs-decouple-live-video-from-audio-watermark.patch
Applying: perf(libobs): decouple live video from audio watermark
  applying 0014-perf-nvenc-drain-ULL-bitstreams-immediately.patch
Applying: perf(nvenc): bound ULL bitstream queue
  applying 0015-perf-libobs-configurable-aux-view-cache.patch
Applying: perf(libobs): make auxiliary view cache configurable
  applying 0016-feat-libobs-expose-video-pipeline-stage-telemetry.patch
Applying: feat(libobs): expose per-stage video pipeline telemetry
  applying 0017-perf-libobs-pipeline-borrowed-preview-publication.patch
Applying: perf(libobs): pipeline borrowed preview publication
  applying 0018-feat-libobs-close-video-mix-stage-accounting.patch
Applying: feat(libobs): close video mix stage accounting
  applying 0019-perf-win-dshow-pipeline-program-return-publication.patch
Applying: perf(win-dshow): pipeline borrowed ProgramReturn publication
  applying 0020-perf-win-dshow-elide-unconsumed-preview-return-copies.patch
Applying: perf(win-dshow): elide unconsumed PreviewReturn copies
  applying 0021-perf-win-dshow-elide-unconsumed-program-return-copies.patch
Applying: perf(win-dshow): elide idle ProgramReturn copies
  applying 0022-fix-cmake-qt-host-tool-argument-parsing.patch
Applying: fix(cmake): parse Qt host tool arguments correctly
  applying 0022-perf-libobs-remove-initial-gpu-encode-frame-delay.patch
Applying: perf(libobs): remove initial GPU encode frame delay
  applying 0023-fix-win-dshow-atomic-return-queue.patch
Applying: fix(win-dshow): harden latest-frame return queue
  applying 0024-feat-win-dshow-d3d11-return-capability-skeleton.patch
Applying: fix(pulsar): validate shared queue mapping before atomic reads
  applying 0025-fix-win-dshow-bootstrap-consumer-gated-return-format.patch
Applying: fix(win-dshow): bootstrap consumer-gated return formats
  applying 0026-fix-libobs-pipeline-stats-atomic-snapshot.patch
Applying: fix(libobs): make pipeline telemetry counters atomic
  applying 0027-perf-win-dshow-bulk-copy-tight-nv12.patch
Applying: perf(win-dshow): bulk-copy tightly packed NV12 returns
  applying 0028-feat-libobs-telemetry-output-enqueue-timestamp.patch
Applying: feat(libobs): expose output enqueue telemetry timestamp
  applying 0029-fix-win-dshow-lease-watcher.patch
Applying: perf(win-dshow): watch return consumer lease off frame path
  applying 0030-feat-libobs-interleaver-mutex-wait-telemetry.patch
Applying: perf(libobs): expose interleaver mutex wait telemetry
  applying 0031-fix-replay-buffer-stop-without-timestamp.patch
Applying: fix(replay): stop buffer on next packet deterministically
  applying 0032-fix-cpu-queue-mapping-collision.patch
Applying: fix(dshow): reject pre-existing CPU queue mappings
  applying 0033-fix-consumer-lease-collision.patch
Applying: fix(dshow): reject spoofed consumer lease objects
  applying 0034-fix-d3d11-consumer-liveness.patch
Applying: fix(d3d11): track consumer process liveness
  applying 0035-fix-modern-cpu-queue-mapping-collision.patch
Applying: fix(queue): reject raced existing mapping
  applying 0036-fix-d3d11-producer-consumer-liveness.patch
Applying: fix(d3d11): fail closed on producer consumer exit
  applying 0037-fix-d3d11-consumer-session-cleanup.patch
Applying: fix(d3d11): validate consumer session and cleanup
  applying 0038-fix-d3d11-stale-registration-invalidation.patch
Applying: fix(d3d11): invalidate stale consumer registration
  applying 0039-fix-d3d11-invalidate-registration-before-session-loo.patch
Applying: fix(d3d11): invalidate registration before session lookup
  applying 0040-fix-dshow-move-registration-to-producer-owned-pipe.patch
Applying: fix(dshow): move registration to producer-owned pipe
  applying 0041-fix-d3d11-producer-authoritative-readonly-abi-v2.patch
Applying: fix(d3d11): enforce producer-authoritative readonly ABI v2
  applying 0042-feat-libobs-d3d11-direct-nt-shared-copy.patch
Applying: feat(graphics): copy NT shared textures without wrapper
  applying 0043-fix-d3d11-private-helper-authenticated-return.patch
Applying: fix(win-dshow): bind return transport to private helper
  applying 0044-fix-dshow-trace-sidecar.patch
Applying: fix: route DirectShow trace observations through sidecar
  applying 0045-perf-libobs-preserve-hot-lane-activation.patch
Applying: perf(libobs): preserve activation across dual-lane swaps
  applying 0006-obs-browser-software-osr-and-helper.patch in obs-browser
Applying: fix(browser): keep software OSR deterministic in Pulsar

--- Configuring (headless: ENABLE_FRONTEND=OFF + ENABLE_UI=OFF + ENABLE_BROWSER=OFF) ---
  -Full: ENABLE_BROWSER=ON (CEF + obs-browser will compile)
  host architecture env absent: QT_HOST_PATH=D:\Documents\Zab\Pulsar\.worktrees\eleven-253-latency\upstream\.deps\obs-deps-qt6-2025-08-23-x64
-- Selecting Windows SDK version 10.0.22621.0 to target Windows 10.0.26200.
-- The C compiler identification is MSVC 19.44.35228.0
-- The CXX compiler identification is MSVC 19.44.35228.0
-- Detecting C compiler ABI info
-- Detecting C compiler ABI info - done
-- Check for working C compiler: C:/Program Files (x86)/Microsoft Visual Studio/2022/BuildTools/VC/Tools/MSVC/14.44.35207/bin/Hostx64/x64/cl.exe - skipped
-- Detecting C compile features
-- Detecting C compile features - done
-- Detecting CXX compiler ABI info
-- Detecting CXX compiler ABI info - done
-- Check for working CXX compiler: C:/Program Files (x86)/Microsoft Visual Studio/2022/BuildTools/VC/Tools/MSVC/14.44.35207/bin/Hostx64/x64/cl.exe - skipped
-- Detecting CXX compile features
-- Detecting CXX compile features - done
-- Checking for interprocedural optimization support
-- Checking for interprocedural optimization support - available
-- Checking for interprocedural optimization support - enabled [Release, MinSizeRel]
-- Selecting Windows SDK version 10.0.22621.0 to target Windows 10.0.26200.
-- The C compiler identification is MSVC 19.44.35228.0
-- The CXX compiler identification is MSVC 19.44.35228.0
-- Detecting C compiler ABI info
-- Detecting C compiler ABI info - done
-- Check for working C compiler: C:/Program Files (x86)/Microsoft Visual Studio/2022/BuildTools/VC/Tools/MSVC/14.44.35207/bin/Hostx64/x86/cl.exe - skipped
-- Detecting C compile features
-- Detecting C compile features - done
-- Detecting CXX compiler ABI info
-- Detecting CXX compiler ABI info - done
-- Check for working CXX compiler: C:/Program Files (x86)/Microsoft Visual Studio/2022/BuildTools/VC/Tools/MSVC/14.44.35207/bin/Hostx64/x86/cl.exe - skipped
-- Detecting CXX compile features
-- Detecting CXX compile features - done
-- Checking for interprocedural optimization support
-- Checking for interprocedural optimization support - available
-- Checking for interprocedural optimization support - enabled [Release, MinSizeRel]
-- Setting up Pre-Built obs-deps (x86)
-- Setting up Pre-Built obs-deps (x86) - done
CMake Warning (dev) at cmake/finders/FindDetours.cmake:65 (message):
  Failed to find detours version.
Call Stack (most recent call first):
  plugins/win-capture/graphics-hook/CMakeLists.txt:3 (find_package)
This warning is for project developers.  Use -Wno-dev to suppress it.

-- Found Detours: D:/Documents/Zab/Pulsar/.worktrees/eleven-253-latency/upstream/.deps/obs-deps-2025-08-23-x86/lib/detours.lib (found version "0.0.0")
-- Found Vulkan: D:/Documents/Zab/Pulsar/.worktrees/eleven-253-latency/upstream/.deps/obs-deps-2025-08-23-x86/lib/vulkan-1.lib (found version "1.3.216")  missing components: glslc glslangValidator
-- Configuring done (9.1s)
-- Generating done (0.2s)
-- Build files have been written to: D:/Documents/Zab/Pulsar/.worktrees/eleven-253-latency/upstream/build_x86
-- Setting up Pre-Built obs-deps (x64)
-- Setting up Pre-Built obs-deps (x64) - done
-- Setting up Pre-Built Qt6 (x64)
-- Setting up Pre-Built Qt6 (x64) - done
-- Setting up Chromium Embedded Framework (x64)
-- Setting up Chromium Embedded Framework (x64) - done
-- Found SIMDe: D:/Documents/Zab/Pulsar/.worktrees/eleven-253-latency/upstream/.deps/obs-deps-2025-08-23-x64/include (found version "0.8.2")
-- Performing Test CMAKE_HAVE_LIBC_PTHREAD
-- Performing Test CMAKE_HAVE_LIBC_PTHREAD - Failed
-- Looking for pthread_create in pthreads
-- Looking for pthread_create in pthreads - not found
-- Looking for pthread_create in pthread
-- Looking for pthread_create in pthread - not found
-- Found Threads: TRUE
-- Found FFmpeg: D:/Documents/Zab/Pulsar/.worktrees/eleven-253-latency/upstream/.deps/obs-deps-2025-08-23-x64/bin/avformat-61.dll;D:/Documents/Zab/Pulsar/.worktrees/eleven-253-latency/upstream/.deps/obs-deps-2025-08-23-x64/bin/avutil-59.dll;D:/Documents/Zab/Pulsar/.worktrees/eleven-253-latency/upstream/.deps/obs-deps-2025-08-23-x64/bin/swscale-8.dll;D:/Documents/Zab/Pulsar/.worktrees/eleven-253-latency/upstream/.deps/obs-deps-2025-08-23-x64/bin/swresample-5.dll;D:/Documents/Zab/Pulsar/.worktrees/eleven-253-latency/upstream/.deps/obs-deps-2025-08-23-x64/bin/avcodec-61.dll (found suitable version "7.1", minimum required is "6.1") found components: avformat avutil swscale swresample avcodec
-- Found ZLIB: D:/Documents/Zab/Pulsar/.worktrees/eleven-253-latency/upstream/.deps/obs-deps-2025-08-23-x64/lib/zlib.lib (found version "1.3.1")
-- Found Uthash: D:/Documents/Zab/Pulsar/.worktrees/eleven-253-latency/upstream/.deps/obs-deps-2025-08-23-x64/include (found version "2.3.0")
-- Found jansson: D:/Documents/Zab/Pulsar/.worktrees/eleven-253-latency/upstream/.deps/obs-deps-2025-08-23-x64/lib/jansson.lib (found version "2.14.1")
-- Performing Test COMPILER_HAS_DEPRECATED_ATTR
-- Performing Test COMPILER_HAS_DEPRECATED_ATTR - Failed
-- Performing Test COMPILER_HAS_DEPRECATED
-- Performing Test COMPILER_HAS_DEPRECATED - Success
-- Found OpenGL: opengl32
-- aja: Using new libajantv2 library
CMake Warning (dev) at cmake/finders/FindLibAJANTV2.cmake:100 (message):
  Failed to find LibAJANTV2 version.
Call Stack (most recent call first):
  plugins/aja/CMakeLists.txt:10 (find_package)
This warning is for project developers.  Use -Wno-dev to suppress it.

-- Found LibAJANTV2: optimized;D:/Documents/Zab/Pulsar/.worktrees/eleven-253-latency/upstream/.deps/obs-deps-2025-08-23-x64/lib/ajantv2.lib;debug;D:/Documents/Zab/Pulsar/.worktrees/eleven-253-latency/upstream/.deps/obs-deps-2025-08-23-x64/lib/ajantv2d.lib (found version "0.0.0")
-- Found CEF: D:/Documents/Zab/Pulsar/.worktrees/eleven-253-latency/upstream/.deps/cef_binary_6533_windows_x64/Release/libcef.dll (found suitable version "127.145.7", minimum required is "95")
-- Found nlohmann_json: D:/Documents/Zab/Pulsar/.worktrees/eleven-253-latency/upstream/.deps/obs-deps-2025-08-23-x64/share/cmake/nlohmann_json/nlohmann_jsonConfig.cmake (found suitable version "3.11.3", minimum required is "3.11")
-- Performing Test HAVE_STDATOMIC
-- Performing Test HAVE_STDATOMIC - Success
-- Found WrapAtomic: TRUE
-- Found FFmpeg: D:/Documents/Zab/Pulsar/.worktrees/eleven-253-latency/upstream/.deps/obs-deps-2025-08-23-x64/bin/avcodec-61.dll;D:/Documents/Zab/Pulsar/.worktrees/eleven-253-latency/upstream/.deps/obs-deps-2025-08-23-x64/bin/avfilter-10.dll;D:/Documents/Zab/Pulsar/.worktrees/eleven-253-latency/upstream/.deps/obs-deps-2025-08-23-x64/bin/avdevice-61.dll;D:/Documents/Zab/Pulsar/.worktrees/eleven-253-latency/upstream/.deps/obs-deps-2025-08-23-x64/bin/avutil-59.dll;D:/Documents/Zab/Pulsar/.worktrees/eleven-253-latency/upstream/.deps/obs-deps-2025-08-23-x64/bin/swscale-8.dll;D:/Documents/Zab/Pulsar/.worktrees/eleven-253-latency/upstream/.deps/obs-deps-2025-08-23-x64/bin/avformat-61.dll;D:/Documents/Zab/Pulsar/.worktrees/eleven-253-latency/upstream/.deps/obs-deps-2025-08-23-x64/bin/swresample-5.dll (found suitable version "7.1", minimum required is "6.1") found components: avcodec avfilter avdevice avutil swscale avformat swresample
-- Found FFmpeg: D:/Documents/Zab/Pulsar/.worktrees/eleven-253-latency/upstream/.deps/obs-deps-2025-08-23-x64/bin/avcodec-61.dll;D:/Documents/Zab/Pulsar/.worktrees/eleven-253-latency/upstream/.deps/obs-deps-2025-08-23-x64/bin/avfilter-10.dll;D:/Documents/Zab/Pulsar/.worktrees/eleven-253-latency/upstream/.deps/obs-deps-2025-08-23-x64/bin/avdevice-61.dll;D:/Documents/Zab/Pulsar/.worktrees/eleven-253-latency/upstream/.deps/obs-deps-2025-08-23-x64/bin/avutil-59.dll;D:/Documents/Zab/Pulsar/.worktrees/eleven-253-latency/upstream/.deps/obs-deps-2025-08-23-x64/bin/swscale-8.dll;D:/Documents/Zab/Pulsar/.worktrees/eleven-253-latency/upstream/.deps/obs-deps-2025-08-23-x64/bin/avformat-61.dll;D:/Documents/Zab/Pulsar/.worktrees/eleven-253-latency/upstream/.deps/obs-deps-2025-08-23-x64/bin/swresample-5.dll (found version "7.1") found components: avcodec avdevice avutil avformat
-- Found AMF: D:/Documents/Zab/Pulsar/.worktrees/eleven-253-latency/upstream/.deps/obs-deps-2025-08-23-x64/include (found suitable version "1.4.36", minimum required is "1.4.29")
-- Found FFmpeg: D:/Documents/Zab/Pulsar/.worktrees/eleven-253-latency/upstream/.deps/obs-deps-2025-08-23-x64/bin/avcodec-61.dll;D:/Documents/Zab/Pulsar/.worktrees/eleven-253-latency/upstream/.deps/obs-deps-2025-08-23-x64/bin/avfilter-10.dll;D:/Documents/Zab/Pulsar/.worktrees/eleven-253-latency/upstream/.deps/obs-deps-2025-08-23-x64/bin/avdevice-61.dll;D:/Documents/Zab/Pulsar/.worktrees/eleven-253-latency/upstream/.deps/obs-deps-2025-08-23-x64/bin/avutil-59.dll;D:/Documents/Zab/Pulsar/.worktrees/eleven-253-latency/upstream/.deps/obs-deps-2025-08-23-x64/bin/swscale-8.dll;D:/Documents/Zab/Pulsar/.worktrees/eleven-253-latency/upstream/.deps/obs-deps-2025-08-23-x64/bin/avformat-61.dll;D:/Documents/Zab/Pulsar/.worktrees/eleven-253-latency/upstream/.deps/obs-deps-2025-08-23-x64/bin/swresample-5.dll (found version "7.1") found components: avcodec avutil avformat
CMake Warning (dev) at cmake/finders/FindLibspeexdsp.cmake:87 (message):
  Failed to find Libspeexdsp version.
Call Stack (most recent call first):
  plugins/obs-filters/cmake/speexdsp.cmake:4 (find_package)
  plugins/obs-filters/CMakeLists.txt:34 (include)
This warning is for project developers.  Use -Wno-dev to suppress it.

-- Found Libspeexdsp: D:/Documents/Zab/Pulsar/.worktrees/eleven-253-latency/upstream/.deps/obs-deps-2025-08-23-x64/lib/speexdsp.lib (found version "0.0.0")
CMake Warning (dev) at cmake/finders/FindLibrnnoise.cmake:87 (message):
  Failed to find Librnnoise version.
Call Stack (most recent call first):
  plugins/obs-filters/cmake/rnnoise.cmake:5 (find_package)
  plugins/obs-filters/CMakeLists.txt:35 (include)
This warning is for project developers.  Use -Wno-dev to suppress it.

-- Found Librnnoise: D:/Documents/Zab/Pulsar/.worktrees/eleven-253-latency/upstream/.deps/obs-deps-2025-08-23-x64/lib/rnnoise.lib (found version "0.0.0")
-- Found FFnvcodec: D:/Documents/Zab/Pulsar/.worktrees/eleven-253-latency/upstream/.deps/obs-deps-2025-08-23-x64/include (found suitable version "12.2", minimum required is "12")
-- Found VPL: optimized;D:/Documents/Zab/Pulsar/.worktrees/eleven-253-latency/upstream/.deps/obs-deps-2025-08-23-x64/lib/vpl.lib;debug;D:/Documents/Zab/Pulsar/.worktrees/eleven-253-latency/upstream/.deps/obs-deps-2025-08-23-x64/lib/vpld.lib (Required is at least version "2.9")
-- Found VPL: optimized;D:/Documents/Zab/Pulsar/.worktrees/eleven-253-latency/upstream/.deps/obs-deps-2025-08-23-x64/lib/vpl.lib;debug;D:/Documents/Zab/Pulsar/.worktrees/eleven-253-latency/upstream/.deps/obs-deps-2025-08-23-x64/lib/vpld.lib (found suitable version "2.14", minimum required is "2.9")
-- Found CURL: D:/Documents/Zab/Pulsar/.worktrees/eleven-253-latency/upstream/.deps/obs-deps-2025-08-23-x64/lib/cmake/CURL/CURLConfig.cmake (found version "8.12.1-DEV")
-- Found Libx264: D:/Documents/Zab/Pulsar/.worktrees/eleven-253-latency/upstream/.deps/obs-deps-2025-08-23-x64/bin/libx264-164.dll (found version "0.164.3106")
-- Found Freetype: D:/Documents/Zab/Pulsar/.worktrees/eleven-253-latency/upstream/.deps/obs-deps-2025-08-23-x64/lib/freetype.lib (found version "2.13.3")
CMake Warning (dev) at cmake/finders/FindDetours.cmake:65 (message):
  Failed to find detours version.
Call Stack (most recent call first):
  plugins/win-capture/graphics-hook/CMakeLists.txt:3 (find_package)
This warning is for project developers.  Use -Wno-dev to suppress it.

-- Found Detours: D:/Documents/Zab/Pulsar/.worktrees/eleven-253-latency/upstream/.deps/obs-deps-2025-08-23-x64/lib/detours.lib (found version "0.0.0")
-- Found Vulkan: D:/Documents/Zab/Pulsar/.worktrees/eleven-253-latency/upstream/.deps/obs-deps-2025-08-23-x64/lib/vulkan-1.lib (found version "1.3.216")  missing components: glslc glslangValidator
-- Found FFmpeg: D:/Documents/Zab/Pulsar/.worktrees/eleven-253-latency/upstream/.deps/obs-deps-2025-08-23-x64/bin/avcodec-61.dll;D:/Documents/Zab/Pulsar/.worktrees/eleven-253-latency/upstream/.deps/obs-deps-2025-08-23-x64/bin/avutil-59.dll (found version "7.1") found components: avcodec avutil
                      _                   _             _ _       
                 ___ | |__  ___       ___| |_ _   _  __| (_) ___  
                / _ \| '_ \/ __|_____/ __| __| | | |/ _` | |/ _ \ 
               | (_) | |_) \__ \_____\__ \ |_| |_| | (_| | | (_) |
                \___/|_.__/|___/     |___/\__|\__,_|\__,_|_|\___/ 

OBS:  Application Version: 32.1.2-46-gc1136bc13-modified-pulsar - Build Number: 1
==================================================================================


------------------------       Enabled Features           ------------------------
 - Direct3D 11 renderer
 - NVIDIA Audio FX support
 - NVIDIA Video FX support
 - OpenGL renderer
 - Plugin Support
 - RNNoise noise suppression
 - SpeexDSP noise suppression
------------------------       Disabled Features          ------------------------
 - User Interface
------------------------        Enabled Modules           ------------------------
 - aja
 - coreaudio-encoder
 - decklink
 - graphics-hook
 - image-source
 - libobs-d3d11
 - libobs-winrt
 - nv-filters
 - obs-browser
 - obs-ffmpeg
 - obs-filters
 - obs-nvenc
 - obs-outputs
 - obs-qsv11
 - obs-text
 - obs-transitions
 - obs-virtualcam-module
 - obs-vst
 - obs-webrtc
 - obs-x264
 - rtmp-services
 - text-freetype2
 - vlc-video
 - win-capture
 - win-dshow
 - win-wasapi
------------------------        Disabled Modules          ------------------------
 - obs-libfdk
 - obs-websocket
 - test-input
----------------------------------------------------------------------------------
-- Configuring done (32.1s)
-- Generating done (2.9s)
CMake Warning:
  Manually-specified variables were not used by the project:

    RESTREAM_CLIENTID
    RESTREAM_HASH
    TWITCH_CLIENTID
    TWITCH_HASH
    YOUTUBE_CLIENTID
    YOUTUBE_CLIENTID_HASH
    YOUTUBE_SECRET
    YOUTUBE_SECRET_HASH


-- Build files have been written to: D:/Documents/Zab/Pulsar/.worktrees/eleven-253-latency/upstream/build_x64

--- Building (RelWithDebInfo) ---
Version MSBuild 17.14.40+3e7442088 pour .NET Framework

  1>Checking Build System
  Building Custom Rule D:/Documents/Zab/Pulsar/.worktrees/eleven-253-latency/upstream/deps/w32-pthreads/CMakeLists.txt
  Building Custom Rule D:/Documents/Zab/Pulsar/.worktrees/eleven-253-latency/upstream/deps/libcaption/CMakeLists.txt
  Building Custom Rule D:/Documents/Zab/Pulsar/.worktrees/eleven-253-latency/upstream/libobs/CMakeLists.txt
  Building Custom Rule D:/Documents/Zab/Pulsar/.worktrees/eleven-253-latency/upstream/deps/glad/CMakeLists.txt
  Building Custom Rule D:/Documents/Zab/Pulsar/.worktrees/eleven-253-latency/upstream/plugins/win-capture/graphics-hook/CMakeLists.txt
  pthread.c
  obsversion.c
  Building Custom Rule D:/Documents/Zab/Pulsar/.worktrees/eleven-253-latency/upstream/plugins/win-dshow/virtualcam-module/CMakeLists.txt
  glad.c
  glad_wgl.c
  d3d10-capture.cpp
  d3d11-capture.cpp
  d3d12-capture.cpp
  d3d8-capture.cpp
  d3d9-capture.cpp
  dxgi-capture.cpp
  caption.c
  cea708.c
  eia608.c
  eia608_charmap.c
  eia608_from_utf8.c
  mpeg.c
  scc.c
  srt.c
  utf8.c
  xds.c
  d3d11-return-transport.cpp
  placeholder.cpp
  virtualcam-filter.cpp
  virtualcam-module.cpp
  capture-filter.cpp
  device-vendor.cpp
  device.cpp
  dshow-base.cpp
  dshow-demux.cpp
  dshow-encoded-device.cpp
  dshow-enum.cpp
  dshow-formats.cpp
  dshow-media-type.cpp
  dshowcapture.cpp
  dshowencode.cpp
  encoder.cpp
  libobs-version.vcxproj -> D:\Documents\Zab\Pulsar\.worktrees\eleven-253-latency\upstream\build_x64\libobs\libobs-version.dir\RelWithDebInfo\libobs-version.lib
  caption.vcxproj -> D:\Documents\Zab\Pulsar\.worktrees\eleven-253-latency\upstream\build_x64\deps\libcaption\RelWithDebInfo\caption.lib
  log.cpp
     Création de la bibliothèque D:/Documents/Zab/Pulsar/.worktrees/eleven-253-latency/upstream/build_x64/deps/w32-pthreads/RelWithDebInfo/w32-pthreads.lib et de l'objet D:/Documents/Zab/Pulsar/.worktrees/eleven-253-latency/upstream/build_x64/deps/w32-pthreads/RelWithDebInfo/w32-pthreads.exp
  output-filter.cpp
  obsglad.vcxproj -> D:\Documents\Zab\Pulsar\.worktrees\eleven-253-latency\upstream\build_x64\deps\glad\obsglad.dir\RelWithDebInfo\obsglad.lib
  EGAVResult.cpp
  ElgatoUVCDevice.cpp
  gl-capture.c
  graphics-hook.c
  vulkan-capture.c
  pipe-windows.c
  obfuscate.c
  EGAVHIDImplementation.cpp
  DriverInterface.cpp
  w32-pthreads.vcxproj -> D:\Documents\Zab\Pulsar\.worktrees\eleven-253-latency\upstream\build_x64\deps\w32-pthreads\RelWithDebInfo\w32-pthreads.dll
  Copy w32-pthreads to destination
  Building Custom Rule D:/Documents/Zab/Pulsar/.worktrees/eleven-253-latency/upstream/libobs/CMakeLists.txt
     Création de la bibliothèque D:/Documents/Zab/Pulsar/.worktrees/eleven-253-latency/upstream/build_x64/plugins/win-capture/graphics-hook/RelWithDebInfo/graphics-hook64.lib et de l'objet D:/Documents/Zab/Pulsar/.worktrees/eleven-253-latency/upstream/build_x64/plugins/win-capture/graphics-hook/RelWithDebInfo/graphics-hook64.exp
  obs-hevc.c
  obs-audio-controls.c
  obs-audio.c
  obs-av1.c
  obs-avc.c
  obs-canvas.c
  obs-display.c
  obs-encoder.c
  obs-hotkey-name-map.c
  obs-hotkey.c
  obs-missing-files.c
  obs-module.c
  obs-nal.c
  obs-output-delay.c
  obs-output.c
  obs-properties.c
  graphics-hook.vcxproj -> D:\Documents\Zab\Pulsar\.worktrees\eleven-253-latency\upstream\build_x64\plugins\win-capture\graphics-hook\RelWithDebInfo\graphics-hook64.dll
  obs-scene.c
  Build x86 graphics-hook				
  obs-service.c
  obs-source-deinterlace.c
  obs-source-transition.c
  obs-source.c
  obs-video-gpu-encode.c
  obs-video.c
  obs-view.c
  obs.c
  array-serializer.c
  base.c
  bitstream.c
  bmem.c
  buffered-file-serializer.c
  cf-lexer.c
  cf-parser.c
  config-file.c
  crc32.c
  dstr.c
  file-serializer.c
  lexer.c
  pipe.c
  platform.c
  profiler.c
  source-profiler.c
  task.c
  text-lookup.c
  utf8.c
  calldata.c
  decl.c
  proc.c
  signal.c
  audio-io.c
  audio-resampler-ffmpeg.c
  format-conversion.c
  media-remux.c
  Version MSBuild 17.14.40+3e7442088 pour .NET Framework
  video-fourcc.c
  video-frame.c
  video-io.c
  video-matrices.c
  video-scaler-ffmpeg.c
  axisang.c
  bounds.c
  effect-parser.c
  
  effect.c
  graphics-ffmpeg.c
  graphics-imports.c
  graphics.c
  image-file.c
  libnsgif.c
  math-extra.c
  matrix3.c
  matrix4.c
  plane.c
  quat.c
  shader-parser.c
  texture-render.c
  vec2.c
  vec3.c
  vec4.c
  wasapi-enum-devices.c
  wasapi-monitoring-available.c
  wasapi-output.c
  obs-windows.c
  pipe-windows.c
  platform-windows.c
  threading-windows.c
  device-enum.c
  window-helpers.c
  obfuscate.c
    1>Checking Build System
    Building Custom Rule D:/Documents/Zab/Pulsar/.worktrees/eleven-253-latency/upstream/plugins/win-capture/graphics-hook/CMakeLists.txt
    d3d10-capture.cpp
    d3d11-capture.cpp
    d3d12-capture.cpp
    d3d8-capture.cpp
    d3d9-capture.cpp
    dxgi-capture.cpp
  obs-data.c
  obs-win-crash-handler.c
    gl-capture.c
    graphics-hook.c
    vulkan-capture.c
    pipe-windows.c
    obfuscate.c
     Création de la bibliothèque D:/Documents/Zab/Pulsar/.worktrees/eleven-253-latency/upstream/build_x64/libobs/RelWithDebInfo/obs.lib et de l'objet D:/Documents/Zab/Pulsar/.worktrees/eleven-253-latency/upstream/build_x64/libobs/RelWithDebInfo/obs.exp
       Cr├®ation de la biblioth├¿que D:/Documents/Zab/Pulsar/.worktrees/eleven-253-latency/upstream/build_x86/plugins/win-capture/graphics-hook/RelWithDebInfo/graphics-hook32.lib et de l'objet D:/Documents/Zab/Pulsar/.worktrees/eleven-253-latency/upstream/build_x86/plugins/win-capture/graphics-hook/RelWithDebInfo/graphics-hook32.exp
  libobs.vcxproj -> D:\Documents\Zab\Pulsar\.worktrees\eleven-253-latency\upstream\build_x64\libobs\RelWithDebInfo\obs.dll
    graphics-hook.vcxproj -> D:\Documents\Zab\Pulsar\.worktrees\eleven-253-latency\upstream\build_x86\plugins\win-capture\graphics-hook\RelWithDebInfo\graphics-hook32.dll
  Copy graphics-hook resource D:/Documents/Zab/Pulsar/.worktrees/eleven-253-latency/upstream/plugins/win-capture/graphics-hook/obs-vulkan64.json to library directory
  Copy libobs to destination
  Copy graphics-hook resource D:/Documents/Zab/Pulsar/.worktrees/eleven-253-latency/upstream/plugins/win-capture/graphics-hook/obs-vulkan32.json to library directory
  Copy libobs resources to data directory
  Copy graphics-hook (x86) to destination
  Automatic MOC and UIC for target obs-vst
  Building Custom Rule D:/Documents/Zab/Pulsar/.worktrees/eleven-253-latency/upstream/plugins/image-source/CMakeLists.txt
  Building Custom Rule D:/Documents/Zab/Pulsar/.worktrees/eleven-253-latency/upstream/plugins/text-freetype2/CMakeLists.txt
  Building Custom Rule D:/Documents/Zab/Pulsar/.worktrees/eleven-253-latency/upstream/plugins/obs-qsv11/CMakeLists.txt
  Copy graphics-hook to destination
  Building Custom Rule D:/Documents/Zab/Pulsar/.worktrees/eleven-253-latency/upstream/plugins/rtmp-services/CMakeLists.txt
  Building Custom Rule D:/Documents/Zab/Pulsar/.worktrees/eleven-253-latency/upstream/plugins/obs-filters/CMakeLists.txt
  Building Custom Rule D:/Documents/Zab/Pulsar/.worktrees/eleven-253-latency/upstream/plugins/aja/CMakeLists.txt
  Building Custom Rule D:/Documents/Zab/Pulsar/.worktrees/eleven-253-latency/upstream/plugins/vlc-video/CMakeLists.txt
  Building Custom Rule D:/Documents/Zab/Pulsar/.worktrees/eleven-253-latency/upstream/libobs-winrt/CMakeLists.txt
  Building Custom Rule D:/Documents/Zab/Pulsar/.worktrees/eleven-253-latency/upstream/plugins/obs-transitions/CMakeLists.txt
  Building Custom Rule D:/Documents/Zab/Pulsar/.worktrees/eleven-253-latency/upstream/plugins/obs-webrtc/CMakeLists.txt
  Building Custom Rule D:/Documents/Zab/Pulsar/.worktrees/eleven-253-latency/upstream/shared/opts-parser/CMakeLists.txt
  color-source.c
  image-source.c
  obs-slideshow.c
  obs-slideshow-mk2.c
  common_directx11.cpp
  common_utils_windows.cpp
  find-font.c
  common_utils.cpp
  find-font-windows.c
  obs-convenience.c
  text-freetype2.c
  QSV_Encoder.cpp
  QSV_Encoder_Internal.cpp
  text-functionality.c
  async-delay-filter.c
  chroma-key-filter.c
  color-correction-filter.c
  cmake_pch.cxx
  color-grade-filter.c
  color-key-filter.c
  compressor-filter.c
  crop-filter.c
  eq-filter.c
  expander-filter.c
  Building Custom Rule D:/Documents/Zab/Pulsar/.worktrees/eleven-253-latency/upstream/plugins/win-capture/inject-helper/CMakeLists.txt
  gain-filter.c
  gpu-delay.c
  hdr-tonemap-filter.c
  invert-audio-polarity.c
  limiter-filter.c
  rtmp-common.c
  rtmp-custom.c
  rtmp-services-main.c
  amazon-ivs.c
  luma-key-filter.c
  sleepto.c
  mask-filter.c
  tiny-nv12-scale.c
  dacast.c
  Building Custom Rule D:/Documents/Zab/Pulsar/.worktrees/eleven-253-latency/upstream/frontend/api/CMakeLists.txt
  opts-parser.c
  nimotv.c
  service-ingest.c
  aja-card-manager.cpp
  showroom.c
  aja-common.cpp
  aja-presets.cpp
  vlc-video-plugin.c
  vlc-video-source.c
  aja-props.cpp
  aja-routing.cpp
  aja-vpid-data.cpp
  twitch.c
  obs-webrtc.cpp
  shared-memory-queue.c
  file-updater.c
  aja-widget-io.cpp
  obs-transitions.c
  whip-output.cpp
  transition-cut.c
  whip-service.cpp
  Building Custom Rule D:/Documents/Zab/Pulsar/.worktrees/eleven-253-latency/upstream/plugins/coreaudio-encoder/CMakeLists.txt
  Building Custom Rule D:/Documents/Zab/Pulsar/.worktrees/eleven-253-latency/upstream/plugins/win-capture/get-graphics-offsets/CMakeLists.txt
  transition-fade-to-color.c
  transition-fade.c
  transition-luma-wipe.c
  Building Custom Rule D:/Documents/Zab/Pulsar/.worktrees/eleven-253-latency/upstream/plugins/nv-filters/CMakeLists.txt
  transition-slide.c
  transition-stinger.c
  noise-gate-filter.c
  transition-swipe.c
  obs-filters.c
  scale-filter.c
  scroll-filter.c
  sharpness-filter.c
  noise-suppress-filter.c
  Building Custom Rule D:/Documents/Zab/Pulsar/.worktrees/eleven-253-latency/upstream/shared/bpm/CMakeLists.txt
  1>Generate idl files
  inject-helper.c
  Microsoft (R) 32b/64b MIDL Compiler Version 8.01.0628 
  inject-library.c
  Copyright (c) Microsoft Corporation. All rights reserved.
  obfuscate.c
  64 bit Processing D:\Documents\Zab\Pulsar\.worktrees\eleven-253-latency\upstream\plugins\decklink\win\decklink-sdk\DeckLinkAPI.idl
  obs-frontend-api.cpp
  DeckLinkAPI.idl
  Building Custom Rule D:/Documents/Zab/Pulsar/.worktrees/eleven-253-latency/upstream/shared/happy-eyeballs/CMakeLists.txt
  Building Custom Rule D:/Documents/Zab/Pulsar/.worktrees/eleven-253-latency/upstream/libobs-d3d11/CMakeLists.txt
  64 bit Processing C:\Program Files (x86)\Windows Kits\10\Include\10.0.22621.0\um\unknwn.idl
  unknwn.idl
  nvidia-audiofx-filter.c
  64 bit Processing C:\Program Files (x86)\Windows Kits\10\Include\10.0.22621.0\shared\wtypes.idl
     Création de la bibliothèque D:/Documents/Zab/Pulsar/.worktrees/eleven-253-latency/upstream/build_x64/plugins/image-source/RelWithDebInfo/image-source.lib et de l'objet D:/Documents/Zab/Pulsar/.worktrees/eleven-253-latency/upstream/build_x64/plugins/image-source/RelWithDebInfo/image-source.exp
  nvidia-videofx-filter.c
  encoder.cpp
  nv-filters.c
  wtypes.idl
  64 bit Processing C:\Program Files (x86)\Windows Kits\10\Include\10.0.22621.0\shared\wtypesbase.idl
  d3d8-offsets.cpp
  d3d9-offsets.cpp
  dxgi-offsets.cpp
  bpm.c
  wtypesbase.idl
  d3d11-duplicator.cpp
  d3d11-indexbuffer.cpp
  d3d11-rebuild.cpp
  d3d11-samplerstate.cpp
  d3d11-shader.cpp
  d3d11-shaderprocessor.cpp
  d3d11-stagesurf.cpp
  d3d11-subsystem.cpp
  d3d11-texture2d.cpp
     Création de la bibliothèque D:/Documents/Zab/Pulsar/.worktrees/eleven-253-latency/upstream/build_x64/plugins/vlc-video/RelWithDebInfo/vlc-video.lib et de l'objet D:/Documents/Zab/Pulsar/.worktrees/eleven-253-latency/upstream/build_x64/plugins/vlc-video/RelWithDebInfo/vlc-video.exp
  d3d11-texture3d.cpp
  d3d11-vertexbuffer.cpp
  64 bit Processing C:\Program Files (x86)\Windows Kits\10\Include\10.0.22621.0\shared\basetsd.h
  d3d11-zstencilbuffer.cpp
     Création de la bibliothèque D:/Documents/Zab/Pulsar/.worktrees/eleven-253-latency/upstream/build_x64/plugins/text-freetype2/RelWithDebInfo/text-freetype2.lib et de l'objet D:/Documents/Zab/Pulsar/.worktrees/eleven-253-latency/upstream/build_x64/plugins/text-freetype2/RelWithDebInfo/text-freetype2.exp
  happy-eyeballs.c
  basetsd.h
  image-source.vcxproj -> D:\Documents\Zab\Pulsar\.worktrees\eleven-253-latency\upstream\build_x64\plugins\image-source\RelWithDebInfo\image-source.dll
  64 bit Processing C:\Program Files (x86)\Windows Kits\10\Include\10.0.22621.0\shared\guiddef.h
     Création de la bibliothèque D:/Documents/Zab/Pulsar/.worktrees/eleven-253-latency/upstream/build_x64/plugins/win-dshow/virtualcam-module/RelWithDebInfo/obs-virtualcam-module64.lib et de l'objet D:/Documents/Zab/Pulsar/.worktrees/eleven-253-latency/upstream/build_x64/plugins/win-dshow/virtualcam-module/RelWithDebInfo/obs-virtualcam-module64.exp
  guiddef.h
  Building Custom Rule D:/Documents/Zab/Pulsar/.worktrees/eleven-253-latency/upstream/plugins/obs-vst/CMakeLists.txt
     Création de la bibliothèque D:/Documents/Zab/Pulsar/.worktrees/eleven-253-latency/upstream/build_x64/plugins/obs-filters/RelWithDebInfo/obs-filters.lib et de l'objet D:/Documents/Zab/Pulsar/.worktrees/eleven-253-latency/upstream/build_x64/plugins/obs-filters/RelWithDebInfo/obs-filters.exp
  64 bit Processing C:\Program Files (x86)\Windows Kits\10\Include\10.0.22621.0\um\oaidl.idl
  obs-qsv11-plugin-main.c
  obs-qsv11.c
     Création de la bibliothèque D:/Documents/Zab/Pulsar/.worktrees/eleven-253-latency/upstream/build_x64/frontend/api/RelWithDebInfo/obs-frontend-api.lib et de l'objet D:/Documents/Zab/Pulsar/.worktrees/eleven-253-latency/upstream/build_x64/frontend/api/RelWithDebInfo/obs-frontend-api.exp
  obs-virtualcam-module.vcxproj -> D:\Documents\Zab\Pulsar\.worktrees\eleven-253-latency\upstream\build_x64\plugins\win-dshow\virtualcam-module\RelWithDebInfo\obs-virtualcam-module64.dll
  Build x86 obs-virtualcam-module				
  oaidl.idl
     Création de la bibliothèque D:/Documents/Zab/Pulsar/.worktrees/eleven-253-latency/upstream/build_x64/plugins/rtmp-services/RelWithDebInfo/rtmp-services.lib et de l'objet D:/Documents/Zab/Pulsar/.worktrees/eleven-253-latency/upstream/build_x64/plugins/rtmp-services/RelWithDebInfo/rtmp-services.exp
  get-graphics-offsets.c
  64 bit Processing C:\Program Files (x86)\Windows Kits\10\Include\10.0.22621.0\um\objidl.idl
  text-freetype2.vcxproj -> D:\Documents\Zab\Pulsar\.worktrees\eleven-253-latency\upstream\build_x64\plugins\text-freetype2\RelWithDebInfo\text-freetype2.dll
  objidl.idl
  vlc-video.vcxproj -> D:\Documents\Zab\Pulsar\.worktrees\eleven-253-latency\upstream\build_x64\plugins\vlc-video\RelWithDebInfo\vlc-video.dll
  opts-parser.vcxproj -> D:\Documents\Zab\Pulsar\.worktrees\eleven-253-latency\upstream\build_x64\shared\opts-parser\opts-parser.dir\RelWithDebInfo\opts-parser.lib
  obs-filters.vcxproj -> D:\Documents\Zab\Pulsar\.worktrees\eleven-253-latency\upstream\build_x64\plugins\obs-filters\RelWithDebInfo\obs-filters.dll
  rtmp-services.vcxproj -> D:\Documents\Zab\Pulsar\.worktrees\eleven-253-latency\upstream\build_x64\plugins\rtmp-services\RelWithDebInfo\rtmp-services.dll
  happy-eyeballs.vcxproj -> D:\Documents\Zab\Pulsar\.worktrees\eleven-253-latency\upstream\build_x64\shared\happy-eyeballs\happy-eyeballs.dir\RelWithDebInfo\happy-eyeballs.lib
  obs-frontend-api.vcxproj -> D:\Documents\Zab\Pulsar\.worktrees\eleven-253-latency\upstream\build_x64\frontend\api\RelWithDebInfo\obs-frontend-api.dll
  64 bit Processing C:\Program Files (x86)\Windows Kits\10\Include\10.0.22621.0\um\oaidl.acf
  EditorWidget-win.cpp
  VSTPlugin-win.cpp
  EditorWidget.cpp
     Création de la bibliothèque D:/Documents/Zab/Pulsar/.worktrees/eleven-253-latency/upstream/build_x64/plugins/coreaudio-encoder/RelWithDebInfo/coreaudio-encoder.lib et de l'objet D:/Documents/Zab/Pulsar/.worktrees/eleven-253-latency/upstream/build_x64/plugins/coreaudio-encoder/RelWithDebInfo/coreaudio-encoder.exp
  obs-vst.cpp
  VSTPlugin.cpp
  oaidl.acf
  mocs_compilation_RelWithDebInfo.cpp
  Version MSBuild 17.14.40+3e7442088 pour .NET Framework
  Building Custom Rule D:/Documents/Zab/Pulsar/.worktrees/eleven-253-latency/upstream/plugins/obs-text/CMakeLists.txt
  Building Custom Rule D:/Documents/Zab/Pulsar/.worktrees/eleven-253-latency/upstream/plugins/obs-x264/CMakeLists.txt
  
  Copy text-freetype2 to destination
  Copy obs-frontend-api to destination
  Building Custom Rule D:/Documents/Zab/Pulsar/.worktrees/eleven-253-latency/upstream/plugins/obs-nvenc/CMakeLists.txt
  Copy rtmp-services to destination
  Copy vlc-video to destination
  inject-helper.vcxproj -> D:\Documents\Zab\Pulsar\.worktrees\eleven-253-latency\upstream\build_x64\plugins\win-capture\inject-helper\RelWithDebInfo\inject-helper64.exe
  Copy obs-filters to destination
  Build x86 inject-helper		
  Building Custom Rule D:/Documents/Zab/Pulsar/.worktrees/eleven-253-latency/upstream/plugins/decklink/CMakeLists.txt
  coreaudio-encoder.vcxproj -> D:\Documents\Zab\Pulsar\.worktrees\eleven-253-latency\upstream\build_x64\plugins\coreaudio-encoder\RelWithDebInfo\coreaudio-encoder.dll
  Building Custom Rule D:/Documents/Zab/Pulsar/.worktrees/eleven-253-latency/upstream/plugins/obs-ffmpeg/CMakeLists.txt
  obs-text.cpp
  nvenc-d3d11.c
  Version MSBuild 17.14.40+3e7442088 pour .NET Framework
  cuda-helpers.c
  nvenc-compat.c
  nvenc-cuda.c
  
  nvenc-helpers.c
  nvenc-opts-parser.c
  nvenc-properties.c
  nvenc.c
  obs-nvenc.c
  get-graphics-offsets.vcxproj -> D:\Documents\Zab\Pulsar\.worktrees\eleven-253-latency\upstream\build_x64\plugins\win-capture\get-graphics-offsets\RelWithDebInfo\get-graphics-offsets64.exe
  Build x86 get-graphics-offsets		
  platform.cpp
  decklink-device-discovery.cpp
  Copy text-freetype2 resources to data directory
  decklink-device-instance.cpp
  decklink-device-mode.cpp
  decklink-device.cpp
  decklink-devices.cpp
  decklink-output.cpp
  decklink-source.cpp
  DecklinkBase.cpp
  DecklinkInput.cpp
  DecklinkOutput.cpp
  OBSVideoFrame.cpp
  Copy coreaudio-encoder to destination
  plugin-main.cpp
  util.cpp
    Building Custom Rule D:/Documents/Zab/Pulsar/.worktrees/eleven-253-latency/upstream/plugins/win-dshow/virtualcam-module/CMakeLists.txt
  Copy rtmp-services resources to data directory
  obs-ffmpeg-mpegts.c
  obs-ffmpeg-audio-encoders.c
  obs-ffmpeg-av1.c
  obs-ffmpeg-openh264.c
  obs-ffmpeg-hls-mux.c
  obs-ffmpeg-mux.c
  obs-ffmpeg-output.c
  obs-ffmpeg-source.c
  obs-ffmpeg-video-encoders.c
  obs-ffmpeg.c
  cache.c
  decode.c
  media-playback.c
  media.c
  aja-support.vcxproj -> D:\Documents\Zab\Pulsar\.worktrees\eleven-253-latency\upstream\build_x64\plugins\aja\aja-support.dir\RelWithDebInfo\aja-support.lib
    Building Custom Rule D:/Documents/Zab/Pulsar/.worktrees/eleven-253-latency/upstream/plugins/win-capture/inject-helper/CMakeLists.txt
  Copy vlc-video resources to data directory
  Version MSBuild 17.14.40+3e7442088 pour .NET Framework
  
  Copy obs-filters resources to data directory
  obs-x264.c
  obs-x264-plugin-main.c
     Création de la bibliothèque D:/Documents/Zab/Pulsar/.worktrees/eleven-253-latency/upstream/build_x64/plugins/obs-transitions/RelWithDebInfo/obs-transitions.lib et de l'objet D:/Documents/Zab/Pulsar/.worktrees/eleven-253-latency/upstream/build_x64/plugins/obs-transitions/RelWithDebInfo/obs-transitions.exp
  Building Custom Rule D:/Documents/Zab/Pulsar/.worktrees/eleven-253-latency/upstream/plugins/aja/CMakeLists.txt
     Création de la bibliothèque D:/Documents/Zab/Pulsar/.worktrees/eleven-253-latency/upstream/build_x64/plugins/obs-webrtc/RelWithDebInfo/obs-webrtc.lib et de l'objet D:/Documents/Zab/Pulsar/.worktrees/eleven-253-latency/upstream/build_x64/plugins/obs-webrtc/RelWithDebInfo/obs-webrtc.exp
    inject-helper.c
    inject-library.c
    obfuscate.c
     Création de la bibliothèque D:/Documents/Zab/Pulsar/.worktrees/eleven-253-latency/upstream/build_x64/libobs-d3d11/RelWithDebInfo/libobs-d3d11.lib et de l'objet D:/Documents/Zab/Pulsar/.worktrees/eleven-253-latency/upstream/build_x64/libobs-d3d11/RelWithDebInfo/libobs-d3d11.exp
    d3d11-return-transport.cpp
    placeholder.cpp
    virtualcam-filter.cpp
    virtualcam-module.cpp
    capture-filter.cpp
    device-vendor.cpp
    device.cpp
    dshow-base.cpp
    dshow-demux.cpp
    dshow-encoded-device.cpp
    dshow-enum.cpp
    dshow-formats.cpp
    dshow-media-type.cpp
    dshowcapture.cpp
    dshowencode.cpp
    encoder.cpp
  libobs-d3d11.vcxproj -> D:\Documents\Zab\Pulsar\.worktrees\eleven-253-latency\upstream\build_x64\libobs-d3d11\RelWithDebInfo\libobs-d3d11.dll
  texture-amf.cpp
  obs-webrtc.vcxproj -> D:\Documents\Zab\Pulsar\.worktrees\eleven-253-latency\upstream\build_x64\plugins\obs-webrtc\RelWithDebInfo\obs-webrtc.dll
     Création de la bibliothèque D:/Documents/Zab/Pulsar/.worktrees/eleven-253-latency/upstream/build_x64/plugins/nv-filters/RelWithDebInfo/nv-filters.lib et de l'objet D:/Documents/Zab/Pulsar/.worktrees/eleven-253-latency/upstream/build_x64/plugins/nv-filters/RelWithDebInfo/nv-filters.exp
  Copy libobs-d3d11 to destination
  bpm.vcxproj -> D:\Documents\Zab\Pulsar\.worktrees\eleven-253-latency\upstream\build_x64\plugins\obs-outputs\bpm\bpm.dir\RelWithDebInfo\bpm.lib
    Building Custom Rule D:/Documents/Zab/Pulsar/.worktrees/eleven-253-latency/upstream/plugins/win-capture/get-graphics-offsets/CMakeLists.txt
  obs-transitions.vcxproj -> D:\Documents\Zab\Pulsar\.worktrees\eleven-253-latency\upstream\build_x64\plugins\obs-transitions\RelWithDebInfo\obs-transitions.dll
     Création de la bibliothèque D:/Documents/Zab/Pulsar/.worktrees/eleven-253-latency/upstream/build_x64/plugins/obs-x264/RelWithDebInfo/obs-x264.lib et de l'objet D:/Documents/Zab/Pulsar/.worktrees/eleven-253-latency/upstream/build_x64/plugins/obs-x264/RelWithDebInfo/obs-x264.exp
  Copy coreaudio-encoder resources to data directory
     Création de la bibliothèque D:/Documents/Zab/Pulsar/.worktrees/eleven-253-latency/upstream/build_x64/plugins/obs-text/RelWithDebInfo/obs-text.lib et de l'objet D:/Documents/Zab/Pulsar/.worktrees/eleven-253-latency/upstream/build_x64/plugins/obs-text/RelWithDebInfo/obs-text.exp
  Copy obs-webrtc to destination
    log.cpp
    output-filter.cpp
    EGAVResult.cpp
    d3d8-offsets.cpp
    d3d9-offsets.cpp
    dxgi-offsets.cpp
    ElgatoUVCDevice.cpp
    EGAVHIDImplementation.cpp
    DriverInterface.cpp
  Copy obs-transitions to destination
  obs-text.vcxproj -> D:\Documents\Zab\Pulsar\.worktrees\eleven-253-latency\upstream\build_x64\plugins\obs-text\RelWithDebInfo\obs-text.dll
  Copy obs-webrtc resources to data directory
    inject-helper.vcxproj -> D:\Documents\Zab\Pulsar\.worktrees\eleven-253-latency\upstream\build_x86\plugins\win-capture\inject-helper\RelWithDebInfo\inject-helper32.exe
  Copy obs-text to destination
  Copy inject-helper (x86) to destination
  Copy obs-transitions resources to data directory
  nv-filters.vcxproj -> D:\Documents\Zab\Pulsar\.worktrees\eleven-253-latency\upstream\build_x64\plugins\nv-filters\RelWithDebInfo\nv-filters.dll
    get-graphics-offsets.c
  Copy nv-filters to destination
     Création de la bibliothèque D:/Documents/Zab/Pulsar/.worktrees/eleven-253-latency/upstream/build_x64/plugins/obs-nvenc/RelWithDebInfo/obs-nvenc.lib et de l'objet D:/Documents/Zab/Pulsar/.worktrees/eleven-253-latency/upstream/build_x64/plugins/obs-nvenc/RelWithDebInfo/obs-nvenc.exp
  obs-x264.vcxproj -> D:\Documents\Zab\Pulsar\.worktrees\eleven-253-latency\upstream\build_x64\plugins\obs-x264\RelWithDebInfo\obs-x264.dll
     Création de la bibliothèque D:/Documents/Zab/Pulsar/.worktrees/eleven-253-latency/upstream/build_x64/plugins/obs-qsv11/RelWithDebInfo/obs-qsv11.lib et de l'objet D:/Documents/Zab/Pulsar/.worktrees/eleven-253-latency/upstream/build_x64/plugins/obs-qsv11/RelWithDebInfo/obs-qsv11.exp
  Copy nv-filters resources to data directory
  obs-qsv11.vcxproj -> D:\Documents\Zab\Pulsar\.worktrees\eleven-253-latency\upstream\build_x64\plugins\obs-qsv11\RelWithDebInfo\obs-qsv11.dll
  winrt-capture.cpp
  Copy obs-text resources to data directory
  winrt-dispatch.cpp
  obs-nvenc.vcxproj -> D:\Documents\Zab\Pulsar\.worktrees\eleven-253-latency\upstream\build_x64\plugins\obs-nvenc\RelWithDebInfo\obs-nvenc.dll
  Building Custom Rule D:/Documents/Zab/Pulsar/.worktrees/eleven-253-latency/upstream/plugins/obs-outputs/CMakeLists.txt
  Copy inject-helper to destination
  Copy obs-nvenc to destination
  Copy obs-qsv11 to destination
  rtmp-hevc.c
  flv-mux.c
  flv-output.c
  amf.c
  cencode.c
  hashswf.c
  log.c
  md5.c
  parseurl.c
  rtmp.c
  mp4-mux.c
  mp4-output.c
  net-if.c
  null-output.c
  obs-outputs.c
  rtmp-av1.c
  rtmp-stream.c
  rtmp-windows.c
  Copy obs-qsv11 resources to data directory
    get-graphics-offsets.vcxproj -> D:\Documents\Zab\Pulsar\.worktrees\eleven-253-latency\upstream\build_x86\plugins\win-capture\get-graphics-offsets\RelWithDebInfo\get-graphics-offsets32.exe
  aja-output.cpp
  aja-source.cpp
  main.cpp
  Copy image-source to destination
  Copy get-graphics-offsets (x86) to destination
     Création de la bibliothèque D:/Documents/Zab/Pulsar/.worktrees/eleven-253-latency/upstream/build_x64/plugins/obs-vst/RelWithDebInfo/obs-vst.lib et de l'objet D:/Documents/Zab/Pulsar/.worktrees/eleven-253-latency/upstream/build_x64/plugins/obs-vst/RelWithDebInfo/obs-vst.exp
  Copy obs-nvenc resources to data directory
  Building Custom Rule D:/Documents/Zab/Pulsar/.worktrees/eleven-253-latency/upstream/plugins/win-wasapi/CMakeLists.txt
  audio-repack.c
  DeckLinkAPI_i.c
    sleepto.c
    tiny-nv12-scale.c
    shared-memory-queue.c
  obs-vst.vcxproj -> D:\Documents\Zab\Pulsar\.worktrees\eleven-253-latency\upstream\build_x64\plugins\obs-vst\RelWithDebInfo\obs-vst.dll
  Copy get-graphics-offsets to destination
  Copy image-source resources to data directory
  win-wasapi.cpp
  wasapi-notify.cpp
  enum-wasapi.cpp
  plugin-main.cpp
  Copy obs-vst to destination
  Automatic MOC and UIC for target obs-browser
     Création de la bibliothèque D:/Documents/Zab/Pulsar/.worktrees/eleven-253-latency/upstream/build_x64/plugins/decklink/RelWithDebInfo/decklink.lib et de l'objet D:/Documents/Zab/Pulsar/.worktrees/eleven-253-latency/upstream/build_x64/plugins/decklink/RelWithDebInfo/decklink.exp
  Copy obs-vst resources to data directory
  Copy obs-x264 to destination
  decklink.vcxproj -> D:\Documents\Zab\Pulsar\.worktrees\eleven-253-latency\upstream\build_x64\plugins\decklink\RelWithDebInfo\decklink.dll
  Copy decklink to destination
  Copy obs-x264 resources to data directory
       Cr├®ation de la biblioth├¿que D:/Documents/Zab/Pulsar/.worktrees/eleven-253-latency/upstream/build_x86/plugins/win-dshow/virtualcam-module/RelWithDebInfo/obs-virtualcam-module32.lib et de l'objet D:/Documents/Zab/Pulsar/.worktrees/eleven-253-latency/upstream/build_x86/plugins/win-dshow/virtualcam-module/RelWithDebInfo/obs-virtualcam-module32.exp
  Copy decklink resources to data directory
    obs-virtualcam-module.vcxproj -> D:\Documents\Zab\Pulsar\.worktrees\eleven-253-latency\upstream\build_x86\plugins\win-dshow\virtualcam-module\RelWithDebInfo\obs-virtualcam-module32.dll
     Création de la bibliothèque D:/Documents/Zab/Pulsar/.worktrees/eleven-253-latency/upstream/build_x64/plugins/obs-ffmpeg/RelWithDebInfo/obs-ffmpeg.lib et de l'objet D:/Documents/Zab/Pulsar/.worktrees/eleven-253-latency/upstream/build_x64/plugins/obs-ffmpeg/RelWithDebInfo/obs-ffmpeg.exp
  Copy obs-virtualcam-module resource D:/Documents/Zab/Pulsar/.worktrees/eleven-253-latency/upstream/build_x64/plugins/win-dshow/virtualcam-module/virtualcam-install.bat to library directory
  obs-ffmpeg.vcxproj -> D:\Documents\Zab\Pulsar\.worktrees\eleven-253-latency\upstream\build_x64\plugins\obs-ffmpeg\RelWithDebInfo\obs-ffmpeg.dll
  Copy obs-virtualcam-module resource D:/Documents/Zab/Pulsar/.worktrees/eleven-253-latency/upstream/build_x64/plugins/win-dshow/virtualcam-module/virtualcam-uninstall.bat to library directory
  Copy obs-ffmpeg to destination
     Création de la bibliothèque D:/Documents/Zab/Pulsar/.worktrees/eleven-253-latency/upstream/build_x64/libobs-winrt/RelWithDebInfo/libobs-winrt.lib et de l'objet D:/Documents/Zab/Pulsar/.worktrees/eleven-253-latency/upstream/build_x64/libobs-winrt/RelWithDebInfo/libobs-winrt.exp
  Copy obs-virtualcam-module (x86) to destination
     Création de la bibliothèque D:/Documents/Zab/Pulsar/.worktrees/eleven-253-latency/upstream/build_x64/plugins/obs-outputs/RelWithDebInfo/obs-outputs.lib et de l'objet D:/Documents/Zab/Pulsar/.worktrees/eleven-253-latency/upstream/build_x64/plugins/obs-outputs/RelWithDebInfo/obs-outputs.exp
  Copy obs-ffmpeg resources to data directory
  Building Custom Rule D:/Documents/Zab/Pulsar/.worktrees/eleven-253-latency/upstream/plugins/obs-browser/CMakeLists.txt
  obs-outputs.vcxproj -> D:\Documents\Zab\Pulsar\.worktrees\eleven-253-latency\upstream\build_x64\plugins\obs-outputs\RelWithDebInfo\obs-outputs.dll
  Copy obs-outputs to destination
  Copy obs-virtualcam-module to destination
  browser-app.cpp
  browser-client.cpp
  browser-scheme.cpp
  base64.cpp
  signal-restore.cpp
  wide-string.cpp
  obs-browser-plugin.cpp
  obs-browser-source.cpp
  ip-string-windows.cpp
  browser-panel-client.cpp
  browser-panel.cpp
  mocs_compilation_RelWithDebInfo.cpp
  libobs-winrt.vcxproj -> D:\Documents\Zab\Pulsar\.worktrees\eleven-253-latency\upstream\build_x64\libobs-winrt\RelWithDebInfo\libobs-winrt.dll
  Copy libobs-winrt to destination
  audio-repack.c
  Building Custom Rule D:/Documents/Zab/Pulsar/.worktrees/eleven-253-latency/upstream/plugins/win-capture/CMakeLists.txt
  Building Custom Rule D:/Documents/Zab/Pulsar/.worktrees/eleven-253-latency/upstream/plugins/win-dshow/CMakeLists.txt
     Création de la bibliothèque D:/Documents/Zab/Pulsar/.worktrees/eleven-253-latency/upstream/build_x64/plugins/win-wasapi/RelWithDebInfo/win-wasapi.lib et de l'objet D:/Documents/Zab/Pulsar/.worktrees/eleven-253-latency/upstream/build_x64/plugins/win-wasapi/RelWithDebInfo/win-wasapi.exp
  Copy obs-outputs resources to data directory
  win-wasapi.vcxproj -> D:\Documents\Zab\Pulsar\.worktrees\eleven-253-latency\upstream\build_x64\plugins\win-wasapi\RelWithDebInfo\win-wasapi.dll
  app-helpers.c
  audio-helpers.c
  compat-helpers.c
  cursor-capture.c
  dc-capture.c
  duplicator-monitor-capture.c
  game-capture-file-init.c
  game-capture.c
  load-graphics-offsets.c
  monitor-capture.c
  nt-stuff.c
  plugin-main.c
  window-capture.c
  file-updater.c
  inject-library.c
  obfuscate.c
  dshow-plugin.cpp
  win-dshow-encoder.cpp
  win-dshow.cpp
  d3d11-return-transport.cpp
  capture-filter.cpp
  device-vendor.cpp
  device.cpp
  dshow-base.cpp
  dshow-demux.cpp
  Copy win-wasapi to destination
  dshow-encoded-device.cpp
  dshow-enum.cpp
  dshow-formats.cpp
  dshow-media-type.cpp
  dshowcapture.cpp
  dshowencode.cpp
  encoder.cpp
     Création de la bibliothèque D:/Documents/Zab/Pulsar/.worktrees/eleven-253-latency/upstream/build_x64/plugins/aja/RelWithDebInfo/aja.lib et de l'objet D:/Documents/Zab/Pulsar/.worktrees/eleven-253-latency/upstream/build_x64/plugins/aja/RelWithDebInfo/aja.exp
  pipe-windows.c
  log.cpp
  output-filter.cpp
  EGAVResult.cpp
  ElgatoUVCDevice.cpp
  aja.vcxproj -> D:\Documents\Zab\Pulsar\.worktrees\eleven-253-latency\upstream\build_x64\plugins\aja\RelWithDebInfo\aja.dll
  EGAVHIDImplementation.cpp
  DriverInterface.cpp
     Création de la bibliothèque D:/Documents/Zab/Pulsar/.worktrees/eleven-253-latency/upstream/build_x64/plugins/win-capture/RelWithDebInfo/win-capture.lib et de l'objet D:/Documents/Zab/Pulsar/.worktrees/eleven-253-latency/upstream/build_x64/plugins/win-capture/RelWithDebInfo/win-capture.exp
  Copy aja to destination
  win-capture.vcxproj -> D:\Documents\Zab\Pulsar\.worktrees\eleven-253-latency\upstream\build_x64\plugins\win-capture\RelWithDebInfo\win-capture.dll
  Copy win-wasapi resources to data directory
  Copy win-capture to destination
  Copy aja resources to data directory
  Copy win-capture resources to data directory
  ffmpeg-decode.c
  d3d11-return-auth.c
  virtualcam.c
  tiny-nv12-scale.c
  shared-memory-queue.c
     Création de la bibliothèque D:/Documents/Zab/Pulsar/.worktrees/eleven-253-latency/upstream/build_x64/plugins/win-dshow/RelWithDebInfo/win-dshow.lib et de l'objet D:/Documents/Zab/Pulsar/.worktrees/eleven-253-latency/upstream/build_x64/plugins/win-dshow/RelWithDebInfo/win-dshow.exp
  win-dshow.vcxproj -> D:\Documents\Zab\Pulsar\.worktrees\eleven-253-latency\upstream\build_x64\plugins\win-dshow\RelWithDebInfo\win-dshow.dll
  Copy win-dshow to destination
  Copy win-dshow resources to data directory
     Création de la bibliothèque D:/Documents/Zab/Pulsar/.worktrees/eleven-253-latency/upstream/build_x64/plugins/obs-browser/RelWithDebInfo/obs-browser.lib et de l'objet D:/Documents/Zab/Pulsar/.worktrees/eleven-253-latency/upstream/build_x64/plugins/obs-browser/RelWithDebInfo/obs-browser.exp
  obs-browser.vcxproj -> D:\Documents\Zab\Pulsar\.worktrees\eleven-253-latency\upstream\build_x64\plugins\obs-browser\RelWithDebInfo\obs-browser.dll
  Copy obs-browser to destination
  Add Chromium Embedded Framework to library directory
  Copy obs-browser resources to data directory
  Building Custom Rule D:/Documents/Zab/Pulsar/.worktrees/eleven-253-latency/upstream/plugins/win-dshow/virtualcam-module/CMakeLists.txt
  Building Custom Rule D:/Documents/Zab/Pulsar/.worktrees/eleven-253-latency/upstream/plugins/obs-x264/CMakeLists.txt
  Building Custom Rule D:/Documents/Zab/Pulsar/.worktrees/eleven-253-latency/upstream/plugins/obs-nvenc/obs-nvenc-test/CMakeLists.txt
  Building Custom Rule D:/Documents/Zab/Pulsar/.worktrees/eleven-253-latency/upstream/plugins/obs-ffmpeg/ffmpeg-mux/CMakeLists.txt
  Building Custom Rule D:/Documents/Zab/Pulsar/.worktrees/eleven-253-latency/upstream/plugins/obs-qsv11/obs-qsv-test/CMakeLists.txt
  Building Custom Rule D:/Documents/Zab/Pulsar/.worktrees/eleven-253-latency/upstream/plugins/obs-ffmpeg/obs-amf-test/CMakeLists.txt
  Building Custom Rule D:/Documents/Zab/Pulsar/.worktrees/eleven-253-latency/upstream/libobs-opengl/CMakeLists.txt
  obs-x264-test.c
  ffmpeg-mux.c
  obs-nvenc-test.cpp
  obs-amf-test.cpp
  obs-qsv-test.cpp
  d3d11-return-auth.c
  shared-memory-queue.c
  tiny-nv12-scale.c
  gl-windows.c
  gl-helpers.c
  gl-indexbuffer.c
  gl-shader.c
  gl-shaderparser.c
  gl-stagesurf.c
  gl-subsystem.c
  gl-texture2d.c
  gl-texture3d.c
  gl-texturecube.c
  gl-vertexbuffer.c
  gl-zstencil.c
  obs-x264-test.vcxproj -> D:\Documents\Zab\Pulsar\.worktrees\eleven-253-latency\upstream\build_x64\plugins\obs-x264\RelWithDebInfo\obs-x264-test.exe
  d3d11-return-transport.cpp
  pulsar-d3d11-return-helper.cpp
  obs-ffmpeg-mux.vcxproj -> D:\Documents\Zab\Pulsar\.worktrees\eleven-253-latency\upstream\build_x64\plugins\obs-ffmpeg\ffmpeg-mux\RelWithDebInfo\obs-ffmpeg-mux.exe
     Création de la bibliothèque D:/Documents/Zab/Pulsar/.worktrees/eleven-253-latency/upstream/build_x64/libobs-opengl/RelWithDebInfo/libobs-opengl.lib et de l'objet D:/Documents/Zab/Pulsar/.worktrees/eleven-253-latency/upstream/build_x64/libobs-opengl/RelWithDebInfo/libobs-opengl.exp
  libobs-opengl.vcxproj -> D:\Documents\Zab\Pulsar\.worktrees\eleven-253-latency\upstream\build_x64\libobs-opengl\RelWithDebInfo\libobs-opengl.dll
  Copy obs-ffmpeg-mux to destination
  Copy libobs-opengl to destination
     Création de la bibliothèque D:/Documents/Zab/Pulsar/.worktrees/eleven-253-latency/upstream/build_x64/plugins/obs-ffmpeg/obs-amf-test/RelWithDebInfo/obs-amf-test.lib et de l'objet D:/Documents/Zab/Pulsar/.worktrees/eleven-253-latency/upstream/build_x64/plugins/obs-ffmpeg/obs-amf-test/RelWithDebInfo/obs-amf-test.exp
     Création de la bibliothèque D:/Documents/Zab/Pulsar/.worktrees/eleven-253-latency/upstream/build_x64/plugins/obs-qsv11/obs-qsv-test/RelWithDebInfo/obs-qsv-test.lib et de l'objet D:/Documents/Zab/Pulsar/.worktrees/eleven-253-latency/upstream/build_x64/plugins/obs-qsv11/obs-qsv-test/RelWithDebInfo/obs-qsv-test.exp
  obs-amf-test.vcxproj -> D:\Documents\Zab\Pulsar\.worktrees\eleven-253-latency\upstream\build_x64\plugins\obs-ffmpeg\obs-amf-test\RelWithDebInfo\obs-amf-test.exe
  obs-qsv-test.vcxproj -> D:\Documents\Zab\Pulsar\.worktrees\eleven-253-latency\upstream\build_x64\plugins\obs-qsv11\obs-qsv-test\RelWithDebInfo\obs-qsv-test.exe
  Copy obs-amf-test to destination
  Copy obs-qsv-test to destination
  pulsar-d3d11-return-helper.vcxproj -> D:\Documents\Zab\Pulsar\.worktrees\eleven-253-latency\upstream\build_x64\plugins\win-dshow\virtualcam-module\RelWithDebInfo\pulsar-d3d11-return-helper64.exe
  Copy pulsar-d3d11-return-helper to destination
  obs-nvenc-test.vcxproj -> D:\Documents\Zab\Pulsar\.worktrees\eleven-253-latency\upstream\build_x64\plugins\obs-nvenc\obs-nvenc-test\RelWithDebInfo\obs-nvenc-test.exe
  Copy obs-nvenc-test to destination
  Building Custom Rule D:/Documents/Zab/Pulsar/.worktrees/eleven-253-latency/upstream/CMakeLists.txt
Removing upstream artefact: D:\Documents\Zab\Pulsar\.worktrees\eleven-253-latency\upstream\build_x64\rundir\RelWithDebInfo\obs-plugins\64bit\obs-browser.dll
Removing upstream data dir: D:\Documents\Zab\Pulsar\.worktrees\eleven-253-latency\upstream\build_x64\rundir\RelWithDebInfo\data\obs-plugins\obs-browser

--- Configuring Pulsar plugins ---
-- Selecting Windows SDK version 10.0.26100.0 to target Windows 10.0.26200.
-- The C compiler identification is MSVC 19.44.35228.0
-- The CXX compiler identification is MSVC 19.44.35228.0
-- Detecting C compiler ABI info
-- Detecting C compiler ABI info - done
-- Check for working C compiler: C:/Program Files (x86)/Microsoft Visual Studio/2022/BuildTools/VC/Tools/MSVC/14.44.35207/bin/Hostx64/x64/cl.exe - skipped
-- Detecting C compile features
-- Detecting C compile features - done
-- Detecting CXX compiler ABI info
-- Detecting CXX compiler ABI info - done
-- Check for working CXX compiler: C:/Program Files (x86)/Microsoft Visual Studio/2022/BuildTools/VC/Tools/MSVC/14.44.35207/bin/Hostx64/x64/cl.exe - skipped
-- Detecting CXX compile features
-- Detecting CXX compile features - done
-- Pulsar upstream build directory: D:/Documents/Zab/Pulsar/.worktrees/eleven-253-latency/upstream/build_x64
-- Found nlohmann_json: D:/Documents/Zab/Pulsar/.worktrees/eleven-253-latency/upstream/.deps/obs-deps-2025-08-23-x64/share/cmake/nlohmann_json/nlohmann_jsonConfig.cmake (found suitable version "3.11.3", minimum required is "3.11")
-- Performing Test CMAKE_HAVE_LIBC_PTHREAD
-- Performing Test CMAKE_HAVE_LIBC_PTHREAD - Failed
-- Looking for pthread_create in pthreads
-- Looking for pthread_create in pthreads - not found
-- Looking for pthread_create in pthread
-- Looking for pthread_create in pthread - not found
-- Found Threads: TRUE
-- Performing Test HAVE_STDATOMIC
-- Performing Test HAVE_STDATOMIC - Success
-- Found WrapAtomic: TRUE
-- Pulsar browser : using CEF at D:/Documents/Zab/Pulsar/.worktrees/eleven-253-latency/upstream/.deps/cef_binary_6533_windows_x64
-- Configuring done (9.6s)
-- Generating done (1.1s)
-- Build files have been written to: D:/Documents/Zab/Pulsar/.worktrees/eleven-253-latency/build

--- Building Pulsar plugins ---
Version MSBuild 17.14.40+3e7442088 pour .NET Framework

  Checking File Globs
  1>Checking Build System
  Automatic MOC for target pulsar-websocket
  Building Custom Rule D:/Documents/Zab/Pulsar/.worktrees/eleven-253-latency/plugins/pulsar-multi-stream/CMakeLists.txt
  Building Custom Rule D:/Documents/Zab/Pulsar/.worktrees/eleven-253-latency/plugins/pulsar-scene-source/CMakeLists.txt
  Building Custom Rule D:/Documents/Zab/Pulsar/.worktrees/eleven-253-latency/upstream/.deps/cef_binary_6533_windows_x64/libcef_dll/CMakeLists.txt
  plugin-main.cpp
  plugin-main.cpp
  shutdown_checker.cc
  transfer_util.cc
  cef_atomic_flag.cc
  cef_callback_helpers.cc
  cef_callback_internal.cc
  cef_lock.cc
  cef_lock_impl.cc
  cef_logging.cc
  cef_ref_counted.cc
  cef_thread_checker_impl.cc
  cef_weak_ptr.cc
  accessibility_handler_cpptoc.cc
  app_cpptoc.cc
  audio_handler_cpptoc.cc
  base_ref_counted_cpptoc.cc
  base_scoped_cpptoc.cc
  browser_process_handler_cpptoc.cc
  client_cpptoc.cc
  command_handler_cpptoc.cc
  completion_callback_cpptoc.cc
  context_menu_handler_cpptoc.cc
  cookie_access_filter_cpptoc.cc
  cookie_visitor_cpptoc.cc
  delete_cookies_callback_cpptoc.cc
  dev_tools_message_observer_cpptoc.cc
     Création de la bibliothèque D:/Documents/Zab/Pulsar/.worktrees/eleven-253-latency/build/plugins/pulsar-scene-source/RelWithDebInfo/pulsar-scene-source.lib et de l'objet D:/Documents/Zab/Pulsar/.worktrees/eleven-253-latency/build/plugins/pulsar-scene-source/RelWithDebInfo/pulsar-scene-source.exp
  dialog_handler_cpptoc.cc
  display_handler_cpptoc.cc
  domvisitor_cpptoc.cc
  download_handler_cpptoc.cc
  download_image_callback_cpptoc.cc
  drag_handler_cpptoc.cc
  end_tracing_callback_cpptoc.cc
  extension_handler_cpptoc.cc
  find_handler_cpptoc.cc
  focus_handler_cpptoc.cc
  frame_handler_cpptoc.cc
  jsdialog_handler_cpptoc.cc
  keyboard_handler_cpptoc.cc
  life_span_handler_cpptoc.cc
  load_handler_cpptoc.cc
  media_observer_cpptoc.cc
  media_route_create_callback_cpptoc.cc
  media_sink_device_info_callback_cpptoc.cc
  menu_model_delegate_cpptoc.cc
  navigation_entry_visitor_cpptoc.cc
  pdf_print_callback_cpptoc.cc
  permission_handler_cpptoc.cc
  print_handler_cpptoc.cc
  read_handler_cpptoc.cc
  render_handler_cpptoc.cc
  render_process_handler_cpptoc.cc
  pulsar-scene-source.vcxproj -> D:\Documents\Zab\Pulsar\.worktrees\eleven-253-latency\upstream\build_x64\rundir\RelWithDebInfo\obs-plugins\64bit\pulsar-scene-source.dll
  request_context_handler_cpptoc.cc
  request_handler_cpptoc.cc
  resolve_callback_cpptoc.cc
  resource_bundle_handler_cpptoc.cc
  resource_handler_cpptoc.cc
  resource_request_handler_cpptoc.cc
  response_filter_cpptoc.cc
  run_file_dialog_callback_cpptoc.cc
  scheme_handler_factory_cpptoc.cc
  server_handler_cpptoc.cc
  set_cookie_callback_cpptoc.cc
  string_visitor_cpptoc.cc
  task_cpptoc.cc
  urlrequest_client_cpptoc.cc
  v8accessor_cpptoc.cc
  v8array_buffer_release_callback_cpptoc.cc
  v8handler_cpptoc.cc
  v8interceptor_cpptoc.cc
  write_handler_cpptoc.cc
     Création de la bibliothèque D:/Documents/Zab/Pulsar/.worktrees/eleven-253-latency/build/plugins/pulsar-multi-stream/RelWithDebInfo/pulsar-multi-stream.lib et de l'objet D:/Documents/Zab/Pulsar/.worktrees/eleven-253-latency/build/plugins/pulsar-multi-stream/RelWithDebInfo/pulsar-multi-stream.exp
  test_server_handler_cpptoc.cc
  translator_test_ref_ptr_client_child_cpptoc.cc
  translator_test_ref_ptr_client_cpptoc.cc
  translator_test_scoped_client_child_cpptoc.cc
  translator_test_scoped_client_cpptoc.cc
  browser_view_delegate_cpptoc.cc
  button_delegate_cpptoc.cc
  menu_button_delegate_cpptoc.cc
  panel_delegate_cpptoc.cc
  textfield_delegate_cpptoc.cc
  pulsar-multi-stream.vcxproj -> D:\Documents\Zab\Pulsar\.worktrees\eleven-253-latency\upstream\build_x64\rundir\RelWithDebInfo\obs-plugins\64bit\pulsar-multi-stream.dll
  view_delegate_cpptoc.cc
  window_delegate_cpptoc.cc
  auth_callback_ctocpp.cc
  before_download_callback_ctocpp.cc
  binary_value_ctocpp.cc
  browser_ctocpp.cc
  browser_host_ctocpp.cc
  callback_ctocpp.cc
  command_line_ctocpp.cc
  context_menu_params_ctocpp.cc
  cookie_manager_ctocpp.cc
  dictionary_value_ctocpp.cc
  domdocument_ctocpp.cc
  domnode_ctocpp.cc
  download_item_callback_ctocpp.cc
  download_item_ctocpp.cc
  drag_data_ctocpp.cc
  extension_ctocpp.cc
  file_dialog_callback_ctocpp.cc
  frame_ctocpp.cc
  get_extension_resource_callback_ctocpp.cc
  image_ctocpp.cc
  jsdialog_callback_ctocpp.cc
  list_value_ctocpp.cc
  media_access_callback_ctocpp.cc
  media_route_ctocpp.cc
  media_router_ctocpp.cc
  media_sink_ctocpp.cc
  media_source_ctocpp.cc
  menu_model_ctocpp.cc
  navigation_entry_ctocpp.cc
  permission_prompt_callback_ctocpp.cc
  post_data_ctocpp.cc
  post_data_element_ctocpp.cc
  preference_manager_ctocpp.cc
  preference_registrar_ctocpp.cc
  print_dialog_callback_ctocpp.cc
  print_job_callback_ctocpp.cc
  print_settings_ctocpp.cc
  process_message_ctocpp.cc
  registration_ctocpp.cc
  request_context_ctocpp.cc
  request_ctocpp.cc
  resource_bundle_ctocpp.cc
  resource_read_callback_ctocpp.cc
  resource_skip_callback_ctocpp.cc
  response_ctocpp.cc
  run_context_menu_callback_ctocpp.cc
  run_quick_menu_callback_ctocpp.cc
  scheme_registrar_ctocpp.cc
  select_client_certificate_callback_ctocpp.cc
  server_ctocpp.cc
  shared_memory_region_ctocpp.cc
  shared_process_message_builder_ctocpp.cc
  sslinfo_ctocpp.cc
  sslstatus_ctocpp.cc
  stream_reader_ctocpp.cc
  stream_writer_ctocpp.cc
  task_runner_ctocpp.cc
  thread_ctocpp.cc
  unresponsive_process_callback_ctocpp.cc
  Building Custom Rule D:/Documents/Zab/Pulsar/.worktrees/eleven-253-latency/plugins/pulsar-websocket/CMakeLists.txt
  urlrequest_ctocpp.cc
  v8context_ctocpp.cc
  v8exception_ctocpp.cc
  v8stack_frame_ctocpp.cc
  v8stack_trace_ctocpp.cc
  v8value_ctocpp.cc
  value_ctocpp.cc
  waitable_event_ctocpp.cc
  x509cert_principal_ctocpp.cc
  x509certificate_ctocpp.cc
  xml_reader_ctocpp.cc
  zip_reader_ctocpp.cc
  test_server_connection_ctocpp.cc
  test_server_ctocpp.cc
  Config.cpp
  translator_test_ctocpp.cc
  translator_test_ref_ptr_library_child_child_ctocpp.cc
  translator_test_ref_ptr_library_child_ctocpp.cc
  translator_test_ref_ptr_library_ctocpp.cc
  translator_test_scoped_library_child_child_ctocpp.cc
  translator_test_scoped_library_child_ctocpp.cc
  translator_test_scoped_library_ctocpp.cc
  box_layout_ctocpp.cc
  browser_view_ctocpp.cc
  button_ctocpp.cc
  display_ctocpp.cc
  fill_layout_ctocpp.cc
  label_button_ctocpp.cc
  layout_ctocpp.cc
  menu_button_ctocpp.cc
  menu_button_pressed_lock_ctocpp.cc
  overlay_controller_ctocpp.cc
  panel_ctocpp.cc
  scroll_view_ctocpp.cc
  textfield_ctocpp.cc
  view_ctocpp.cc
  window_ctocpp.cc
  cef_byte_read_handler.cc
  cef_closure_task.cc
  cef_message_router.cc
  cef_message_router_utils.cc
  cef_resource_manager.cc
  cef_scoped_temp_dir.cc
  cef_stream_resource_handler.cc
  cef_xml_object.cc
  cef_zip_archive.cc
  libcef_dll_wrapper.cc
  libcef_dll_wrapper2.cc
  WebSocketApi.cpp
  libcef_dll_wrapper.vcxproj -> D:\Documents\Zab\Pulsar\.worktrees\eleven-253-latency\build\plugins\pulsar-browser\libcef_dll_wrapper\RelWithDebInfo\libcef_dll_wrapper.lib
  Building Custom Rule D:/Documents/Zab/Pulsar/.worktrees/eleven-253-latency/plugins/pulsar-browser/CMakeLists.txt
  browser-app.cpp
  EventHandler.cpp
  browser-client.cpp
  EventHandler_Canvases.cpp
  EventHandler_Config.cpp
  browser-scheme.cpp
  base64.cpp
  ip-string-windows.cpp
  EventHandler_Filters.cpp
  signal-restore.cpp
  wide-string.cpp
  obs-browser-plugin.cpp
  EventHandler_General.cpp
  obs-browser-source.cpp
  EventHandler_Inputs.cpp
  Génération de code en cours...
  EventHandler_MediaInputs.cpp
  EventHandler_Outputs.cpp
     Création de la bibliothèque D:/Documents/Zab/Pulsar/.worktrees/eleven-253-latency/build/plugins/pulsar-browser/RelWithDebInfo/pulsar-browser.lib et de l'objet D:/Documents/Zab/Pulsar/.worktrees/eleven-253-latency/build/plugins/pulsar-browser/RelWithDebInfo/pulsar-browser.exp
  EventHandler_SceneItems.cpp
  pulsar-browser.vcxproj -> D:\Documents\Zab\Pulsar\.worktrees\eleven-253-latency\upstream\build_x64\rundir\RelWithDebInfo\obs-plugins\64bit\pulsar-browser.dll
  EventHandler_Scenes.cpp
  EventHandler_Transitions.cpp
  EventHandler_Ui.cpp
  obs-websocket.cpp
  RequestBatchHandler.cpp
  RequestHandler.cpp
  RequestHandler_Canvases.cpp
  RequestHandler_Config.cpp
  RequestHandler_Filters.cpp
  Génération de code en cours...
  Compilation en cours...
  RequestHandler_General.cpp
  RequestHandler_Inputs.cpp
  RequestHandler_MediaInputs.cpp
  RequestHandler_Outputs.cpp
  RequestHandler_Record.cpp
  RequestHandler_SceneItems.cpp
  RequestHandler_Scenes.cpp
  RequestHandler_Sources.cpp
  RequestHandler_Stream.cpp
  RequestHandler_Transitions.cpp
  RequestHandler_Ui.cpp
  Request.cpp
  RequestBatchRequest.cpp
  RequestResult.cpp
  Compat.cpp
  Crypto.cpp
  Json.cpp
  Obs.cpp
  Obs_ActionHelper.cpp
  Obs_ArrayHelper.cpp
  Génération de code en cours...
  Compilation en cours...
  Obs_NumberHelper.cpp
  Obs_ObjectHelper.cpp
  Obs_OutputHelper.cpp
  Obs_SearchHelper.cpp
  Obs_StringHelper.cpp
  Obs_VolumeMeter.cpp
  Platform.cpp
  WebSocketServer.cpp
  WebSocketServer_Protocol.cpp
  mocs_compilation_RelWithDebInfo.cpp
  Génération de code en cours...
     Création de la bibliothèque D:/Documents/Zab/Pulsar/.worktrees/eleven-253-latency/build/plugins/pulsar-websocket/RelWithDebInfo/obs-websocket.lib et de l'objet D:/Documents/Zab/Pulsar/.worktrees/eleven-253-latency/build/plugins/pulsar-websocket/RelWithDebInfo/obs-websocket.exp
  pulsar-websocket.vcxproj -> D:\Documents\Zab\Pulsar\.worktrees\eleven-253-latency\upstream\build_x64\rundir\RelWithDebInfo\obs-plugins\64bit\obs-websocket.dll
  Building Custom Rule D:/Documents/Zab/Pulsar/.worktrees/eleven-253-latency/tests/directshow-namespace-probe/CMakeLists.txt
  Building Custom Rule D:/Documents/Zab/Pulsar/.worktrees/eleven-253-latency/tests/lease-watcher/CMakeLists.txt
  Building Custom Rule D:/Documents/Zab/Pulsar/.worktrees/eleven-253-latency/tests/dir-hardening-probe/CMakeLists.txt
  Building Custom Rule D:/Documents/Zab/Pulsar/.worktrees/eleven-253-latency/tests/log-handler-probe/CMakeLists.txt
  Building Custom Rule D:/Documents/Zab/Pulsar/.worktrees/eleven-253-latency/tests/nv-probe/CMakeLists.txt
  Building Custom Rule D:/Documents/Zab/Pulsar/.worktrees/eleven-253-latency/plugins/pulsar-frontend-stub/CMakeLists.txt
  Building Custom Rule D:/Documents/Zab/Pulsar/.worktrees/eleven-253-latency/plugins/pulsar-browser/CMakeLists.txt
  Building Custom Rule D:/Documents/Zab/Pulsar/.worktrees/eleven-253-latency/tests/nv-probe/CMakeLists.txt
  Building Custom Rule D:/Documents/Zab/Pulsar/.worktrees/eleven-253-latency/tests/pulsar-headless-shutdown/CMakeLists.txt
  Building Custom Rule D:/Documents/Zab/Pulsar/.worktrees/eleven-253-latency/tests/dual-lane-config/CMakeLists.txt
  Building Custom Rule D:/Documents/Zab/Pulsar/.worktrees/eleven-253-latency/tests/pulsar-headless-shutdown/CMakeLists.txt
  Building Custom Rule D:/Documents/Zab/Pulsar/.worktrees/eleven-253-latency/tests/output-classify-probe/CMakeLists.txt
  Building Custom Rule D:/Documents/Zab/Pulsar/.worktrees/eleven-253-latency/tests/output-attempt-settled-probe/CMakeLists.txt
  Building Custom Rule D:/Documents/Zab/Pulsar/.worktrees/eleven-253-latency/tests/ws-debug-probe/CMakeLists.txt
  Building Custom Rule D:/Documents/Zab/Pulsar/.worktrees/eleven-253-latency/tests/pulsar-transition-controller/CMakeLists.txt
  Building Custom Rule D:/Documents/Zab/Pulsar/.worktrees/eleven-253-latency/tests/runtime-isolation-probe/CMakeLists.txt
  registration-pipe-probe.cpp
  directshow-namespace-probe-test.cpp
  dir-hardening-probe-test.cpp
  browser-app.cpp
  pulsar-frontend-stub.cpp
  fake-nv-dep.c
  audio-callback-gate-test.cpp
  output-attempt-settled-probe-test.cpp
  browser-source-task-state-test.cpp
  fake-nv-dep.c
  dual-lane-config-probe.cpp
  output-classify-probe-test.cpp
  transition-controller-probe.cpp
  runtime-isolation-probe-test.cpp
  ws-debug-probe-test.cpp
  log-handler-probe-test.cpp
  ws-debug-probe-test.vcxproj -> D:\Documents\Zab\Pulsar\.worktrees\eleven-253-latency\build\tests\nv-probe\RelWithDebInfo\ws-debug-probe-test.exe
  output-attempt-settled-probe-test.vcxproj -> D:\Documents\Zab\Pulsar\.worktrees\eleven-253-latency\build\tests\nv-probe\RelWithDebInfo\output-attempt-settled-probe-test.exe
     Création de la bibliothèque D:/Documents/Zab/Pulsar/.worktrees/eleven-253-latency/build/tests/nv-probe/fixtures-good/PulsarNvFakeDep.lib et de l'objet D:/Documents/Zab/Pulsar/.worktrees/eleven-253-latency/build/tests/nv-probe/fixtures-good/PulsarNvFakeDep.exp
     Création de la bibliothèque D:/Documents/Zab/Pulsar/.worktrees/eleven-253-latency/build/tests/nv-probe/fixtures-evil/PulsarNvFakeDep.lib et de l'objet D:/Documents/Zab/Pulsar/.worktrees/eleven-253-latency/build/tests/nv-probe/fixtures-evil/PulsarNvFakeDep.exp
  directshow-namespace-probe-test.vcxproj -> D:\Documents\Zab\Pulsar\.worktrees\eleven-253-latency\build\tests\nv-probe\RelWithDebInfo\directshow-namespace-probe-test.exe
  pulsar-dual-lane-config-probe.vcxproj -> D:\Documents\Zab\Pulsar\.worktrees\eleven-253-latency\build\tests\nv-probe\RelWithDebInfo\pulsar-dual-lane-config-probe.exe
  lease-registration-pipe-probe-test.vcxproj -> D:\Documents\Zab\Pulsar\.worktrees\eleven-253-latency\build\tests\nv-probe\RelWithDebInfo\lease-registration-pipe-probe-test.exe
  output-classify-probe-test.vcxproj -> D:\Documents\Zab\Pulsar\.worktrees\eleven-253-latency\build\tests\nv-probe\RelWithDebInfo\output-classify-probe-test.exe
  pulsar-nv-fake-dep-evil.vcxproj -> D:\Documents\Zab\Pulsar\.worktrees\eleven-253-latency\build\tests\nv-probe\fixtures-evil\PulsarNvFakeDep.dll
  dir-hardening.cpp
  pulsar-nv-fake-dep-good.vcxproj -> D:\Documents\Zab\Pulsar\.worktrees\eleven-253-latency\build\tests\nv-probe\fixtures-good\PulsarNvFakeDep.dll
  Building Custom Rule D:/Documents/Zab/Pulsar/.worktrees/eleven-253-latency/tests/nv-probe/CMakeLists.txt
  pulsar-transition-controller-probe.vcxproj -> D:\Documents\Zab\Pulsar\.worktrees\eleven-253-latency\build\tests\nv-probe\RelWithDebInfo\pulsar-transition-controller-probe.exe
  pulsar-audio-callback-gate-test.vcxproj -> D:\Documents\Zab\Pulsar\.worktrees\eleven-253-latency\build\tests\nv-probe\RelWithDebInfo\pulsar-audio-callback-gate-test.exe
  runtime-identity.cpp
  Building Custom Rule D:/Documents/Zab/Pulsar/.worktrees/eleven-253-latency/tests/nv-probe/CMakeLists.txt
  pulsar-browser-source-task-state-test.vcxproj -> D:\Documents\Zab\Pulsar\.worktrees\eleven-253-latency\build\tests\nv-probe\RelWithDebInfo\pulsar-browser-source-task-state-test.exe
  log-handler.cpp
  fake-nv-sdk.c
  fake-nv-sdk.c
  Génération de code en cours...
  obs-browser-page-main.cpp
     Création de la bibliothèque D:/Documents/Zab/Pulsar/.worktrees/eleven-253-latency/build/tests/nv-probe/fixtures-evil/pulsar-nv-fake-sdk-evil.lib et de l'objet D:/Documents/Zab/Pulsar/.worktrees/eleven-253-latency/build/tests/nv-probe/fixtures-evil/pulsar-nv-fake-sdk-evil.exp
     Création de la bibliothèque D:/Documents/Zab/Pulsar/.worktrees/eleven-253-latency/build/tests/nv-probe/fixtures-good/pulsar-nv-fake-sdk-good.lib et de l'objet D:/Documents/Zab/Pulsar/.worktrees/eleven-253-latency/build/tests/nv-probe/fixtures-good/pulsar-nv-fake-sdk-good.exp
  pulsar-nv-fake-sdk-evil.vcxproj -> D:\Documents\Zab\Pulsar\.worktrees\eleven-253-latency\build\tests\nv-probe\fixtures-evil\pulsar-nv-fake-sdk-evil.dll
  pulsar-nv-fake-sdk-good.vcxproj -> D:\Documents\Zab\Pulsar\.worktrees\eleven-253-latency\build\tests\nv-probe\fixtures-good\pulsar-nv-fake-sdk-good.dll
  Génération de code en cours...
  Building Custom Rule D:/Documents/Zab/Pulsar/.worktrees/eleven-253-latency/tests/nv-probe/CMakeLists.txt
  nv-probe-test.c
  dir-hardening-probe-test.vcxproj -> D:\Documents\Zab\Pulsar\.worktrees\eleven-253-latency\build\tests\nv-probe\RelWithDebInfo\dir-hardening-probe-test.exe
  Génération de code en cours...
  Génération de code en cours...
  nv-probe-test.vcxproj -> D:\Documents\Zab\Pulsar\.worktrees\eleven-253-latency\build\tests\nv-probe\RelWithDebInfo\nv-probe-test.exe
  runtime-isolation-probe-test.vcxproj -> D:\Documents\Zab\Pulsar\.worktrees\eleven-253-latency\build\tests\nv-probe\RelWithDebInfo\runtime-isolation-probe-test.exe
  log-handler-probe-test.vcxproj -> D:\Documents\Zab\Pulsar\.worktrees\eleven-253-latency\build\tests\nv-probe\RelWithDebInfo\log-handler-probe-test.exe
  pulsar-browser-page.vcxproj -> D:\Documents\Zab\Pulsar\.worktrees\eleven-253-latency\upstream\build_x64\rundir\RelWithDebInfo\obs-plugins\64bit\pulsar-browser-page.exe
  pulsar-frontend-stub.vcxproj -> D:\Documents\Zab\Pulsar\.worktrees\eleven-253-latency\build\plugins\pulsar-frontend-stub\RelWithDebInfo\pulsar-frontend-stub.lib
  Building Custom Rule D:/Documents/Zab/Pulsar/.worktrees/eleven-253-latency/plugins/pulsar-headless/CMakeLists.txt
  main.cpp
  log-handler.cpp
  dir-hardening.cpp
  runtime-identity.cpp
  Génération de code en cours...
  pulsar-headless.vcxproj -> D:\Documents\Zab\Pulsar\.worktrees\eleven-253-latency\upstream\build_x64\rundir\RelWithDebInfo\bin\64bit\pulsar.exe
  Building Custom Rule D:/Documents/Zab/Pulsar/.worktrees/eleven-253-latency/CMakeLists.txt

Built: D:\Documents\Zab\Pulsar\.worktrees\eleven-253-latency\upstream\build_x64\rundir\RelWithDebInfo\bin\64bit\pulsar.exe
Staged 6 Qt6 runtime DLLs into rundir/bin/64bit/
Staged 2 Qt6 platform plugins into rundir/bin/64bit/platforms/
Staged 14 obs-deps runtime DLLs into rundir/bin/64bit/
