Using cmake: C:\Program Files\CMake\bin\cmake.exe
Preset:       windows-x64
Source:       D:\Documents\Zab\Pulsar\.worktrees\eleven-253-latency\upstream
ATL headers found: C:\Program Files (x86)\Microsoft Visual Studio\2022\BuildTools\VC\Tools\MSVC\14.38.33130\atlmfc\include

--- Applying Pulsar patches ---
Pinned upstream commit: bd73b922891e56839b0bc86bdc519802802f9d68
Root patches found:     41
OBS-browser patches:    1
  reusing exact patched upstream HEAD (fingerprint e095107c6ea2)
  reusing exact patched obs-browser HEAD (fingerprint c0b75b3895c6)

--- Building (RelWithDebInfo) ---
Fastpath targets: libobs, D3D11, frontend API, win-dshow, DirectShow filter, NVENC and x264
CMake is re-running because D:/Documents/Zab/Pulsar/.worktrees/eleven-253-latency/upstream/build_x64/CMakeFiles/generate.stamp is out-of-date.
  the file 'D:/Documents/Zab/Pulsar/.worktrees/eleven-253-latency/upstream/cmake/windows/buildspec.cmake'
  is newer than 'D:/Documents/Zab/Pulsar/.worktrees/eleven-253-latency/upstream/build_x64/CMakeFiles/generate.stamp.depend'
  result='-1'
-- Selecting Windows SDK version 10.0.22621.0 to target Windows 10.0.26200.
-- Checking for interprocedural optimization support
-- Checking for interprocedural optimization support - enabled [Release, MinSizeRel]
-- Selecting Windows SDK version 10.0.22621.0 to target Windows 10.0.26200.
-- Checking for interprocedural optimization support
-- Checking for interprocedural optimization support - enabled [Release, MinSizeRel]
-- Setting up Pre-Built obs-deps (x86)
-- Setting up Pre-Built obs-deps (x86) - done
CMake Warning (dev) at cmake/finders/FindDetours.cmake:65 (message):
  Failed to find detours version.
Call Stack (most recent call first):
  plugins/win-capture/graphics-hook/CMakeLists.txt:3 (find_package)
This warning is for project developers.  Use -Wno-dev to suppress it.

-- Configuring done (0.4s)
-- Generating done (0.4s)
-- Build files have been written to: D:/Documents/Zab/Pulsar/.worktrees/eleven-253-latency/upstream/build_x86
-- Setting up Pre-Built obs-deps (x64)
-- Setting up Pre-Built obs-deps (x64) - done
-- Setting up Pre-Built Qt6 (x64)
-- Setting up Pre-Built Qt6 (x64) - done
-- Setting up Chromium Embedded Framework (x64)
-- Setting up Chromium Embedded Framework (x64) - skipped
-- Found FFmpeg: D:/Documents/Zab/Pulsar/.worktrees/eleven-253-latency/upstream/.deps/obs-deps-2025-08-23-x64/bin/avformat-61.dll;D:/Documents/Zab/Pulsar/.worktrees/eleven-253-latency/upstream/.deps/obs-deps-2025-08-23-x64/bin/avutil-59.dll;D:/Documents/Zab/Pulsar/.worktrees/eleven-253-latency/upstream/.deps/obs-deps-2025-08-23-x64/bin/swscale-8.dll;D:/Documents/Zab/Pulsar/.worktrees/eleven-253-latency/upstream/.deps/obs-deps-2025-08-23-x64/bin/swresample-5.dll;D:/Documents/Zab/Pulsar/.worktrees/eleven-253-latency/upstream/.deps/obs-deps-2025-08-23-x64/bin/avcodec-61.dll (found suitable version "7.1", minimum required is "6.1") found components: avformat avutil swscale swresample avcodec
-- aja: Using new libajantv2 library
CMake Warning (dev) at cmake/finders/FindLibAJANTV2.cmake:100 (message):
  Failed to find LibAJANTV2 version.
Call Stack (most recent call first):
  plugins/aja/CMakeLists.txt:10 (find_package)
This warning is for project developers.  Use -Wno-dev to suppress it.

-- Found FFmpeg: D:/Documents/Zab/Pulsar/.worktrees/eleven-253-latency/upstream/.deps/obs-deps-2025-08-23-x64/bin/avcodec-61.dll;D:/Documents/Zab/Pulsar/.worktrees/eleven-253-latency/upstream/.deps/obs-deps-2025-08-23-x64/bin/avfilter-10.dll;D:/Documents/Zab/Pulsar/.worktrees/eleven-253-latency/upstream/.deps/obs-deps-2025-08-23-x64/bin/avdevice-61.dll;D:/Documents/Zab/Pulsar/.worktrees/eleven-253-latency/upstream/.deps/obs-deps-2025-08-23-x64/bin/avutil-59.dll;D:/Documents/Zab/Pulsar/.worktrees/eleven-253-latency/upstream/.deps/obs-deps-2025-08-23-x64/bin/swscale-8.dll;D:/Documents/Zab/Pulsar/.worktrees/eleven-253-latency/upstream/.deps/obs-deps-2025-08-23-x64/bin/avformat-61.dll;D:/Documents/Zab/Pulsar/.worktrees/eleven-253-latency/upstream/.deps/obs-deps-2025-08-23-x64/bin/swresample-5.dll (found suitable version "7.1", minimum required is "6.1") found components: avcodec avfilter avdevice avutil swscale avformat swresample
-- Found FFmpeg: D:/Documents/Zab/Pulsar/.worktrees/eleven-253-latency/upstream/.deps/obs-deps-2025-08-23-x64/bin/avcodec-61.dll;D:/Documents/Zab/Pulsar/.worktrees/eleven-253-latency/upstream/.deps/obs-deps-2025-08-23-x64/bin/avfilter-10.dll;D:/Documents/Zab/Pulsar/.worktrees/eleven-253-latency/upstream/.deps/obs-deps-2025-08-23-x64/bin/avdevice-61.dll;D:/Documents/Zab/Pulsar/.worktrees/eleven-253-latency/upstream/.deps/obs-deps-2025-08-23-x64/bin/avutil-59.dll;D:/Documents/Zab/Pulsar/.worktrees/eleven-253-latency/upstream/.deps/obs-deps-2025-08-23-x64/bin/swscale-8.dll;D:/Documents/Zab/Pulsar/.worktrees/eleven-253-latency/upstream/.deps/obs-deps-2025-08-23-x64/bin/avformat-61.dll;D:/Documents/Zab/Pulsar/.worktrees/eleven-253-latency/upstream/.deps/obs-deps-2025-08-23-x64/bin/swresample-5.dll (found version "7.1") found components: avcodec avdevice avutil avformat
-- Found FFmpeg: D:/Documents/Zab/Pulsar/.worktrees/eleven-253-latency/upstream/.deps/obs-deps-2025-08-23-x64/bin/avcodec-61.dll;D:/Documents/Zab/Pulsar/.worktrees/eleven-253-latency/upstream/.deps/obs-deps-2025-08-23-x64/bin/avfilter-10.dll;D:/Documents/Zab/Pulsar/.worktrees/eleven-253-latency/upstream/.deps/obs-deps-2025-08-23-x64/bin/avdevice-61.dll;D:/Documents/Zab/Pulsar/.worktrees/eleven-253-latency/upstream/.deps/obs-deps-2025-08-23-x64/bin/avutil-59.dll;D:/Documents/Zab/Pulsar/.worktrees/eleven-253-latency/upstream/.deps/obs-deps-2025-08-23-x64/bin/swscale-8.dll;D:/Documents/Zab/Pulsar/.worktrees/eleven-253-latency/upstream/.deps/obs-deps-2025-08-23-x64/bin/avformat-61.dll;D:/Documents/Zab/Pulsar/.worktrees/eleven-253-latency/upstream/.deps/obs-deps-2025-08-23-x64/bin/swresample-5.dll (found version "7.1") found components: avcodec avutil avformat
CMake Warning (dev) at cmake/finders/FindLibspeexdsp.cmake:87 (message):
  Failed to find Libspeexdsp version.
Call Stack (most recent call first):
  plugins/obs-filters/cmake/speexdsp.cmake:4 (find_package)
  plugins/obs-filters/CMakeLists.txt:34 (include)
This warning is for project developers.  Use -Wno-dev to suppress it.

CMake Warning (dev) at cmake/finders/FindLibrnnoise.cmake:87 (message):
  Failed to find Librnnoise version.
Call Stack (most recent call first):
  plugins/obs-filters/cmake/rnnoise.cmake:5 (find_package)
  plugins/obs-filters/CMakeLists.txt:35 (include)
This warning is for project developers.  Use -Wno-dev to suppress it.

-- Found VPL: optimized;D:/Documents/Zab/Pulsar/.worktrees/eleven-253-latency/upstream/.deps/obs-deps-2025-08-23-x64/lib/vpl.lib;debug;D:/Documents/Zab/Pulsar/.worktrees/eleven-253-latency/upstream/.deps/obs-deps-2025-08-23-x64/lib/vpld.lib (Required is at least version "2.9")
-- Found VPL: optimized;D:/Documents/Zab/Pulsar/.worktrees/eleven-253-latency/upstream/.deps/obs-deps-2025-08-23-x64/lib/vpl.lib;debug;D:/Documents/Zab/Pulsar/.worktrees/eleven-253-latency/upstream/.deps/obs-deps-2025-08-23-x64/lib/vpld.lib (found suitable version "2.14", minimum required is "2.9")
CMake Warning (dev) at cmake/finders/FindDetours.cmake:65 (message):
  Failed to find detours version.
Call Stack (most recent call first):
  plugins/win-capture/graphics-hook/CMakeLists.txt:3 (find_package)
This warning is for project developers.  Use -Wno-dev to suppress it.

-- Found FFmpeg: D:/Documents/Zab/Pulsar/.worktrees/eleven-253-latency/upstream/.deps/obs-deps-2025-08-23-x64/bin/avcodec-61.dll;D:/Documents/Zab/Pulsar/.worktrees/eleven-253-latency/upstream/.deps/obs-deps-2025-08-23-x64/bin/avutil-59.dll (found version "7.1") found components: avcodec avutil
                      _                   _             _ _       
                 ___ | |__  ___       ___| |_ _   _  __| (_) ___  
                / _ \| '_ \/ __|_____/ __| __| | | |/ _` | |/ _ \ 
               | (_) | |_) \__ \_____\__ \ |_| |_| | (_| | | (_) |
                \___/|_.__/|___/     |___/\__|\__,_|\__,_|_|\___/ 

OBS:  Application Version: 32.1.2-47-gf6ff2506a-modified-pulsar - Build Number: 3
==================================================================================


------------------------       Enabled Features           ------------------------
 - Direct3D 11 renderer
 - NVIDIA Audio FX support
 - NVIDIA Video FX support
 - OpenGL renderer
 - Plugin Support
 - RNNoise noise suppression
 - SpeexDSP noise suppression
------------------------       Disabled Features          ------------------------
 - User Interface
------------------------        Enabled Modules           ------------------------
 - aja
 - coreaudio-encoder
 - decklink
 - graphics-hook
 - image-source
 - libobs-d3d11
 - libobs-winrt
 - nv-filters
 - obs-browser
 - obs-ffmpeg
 - obs-filters
 - obs-nvenc
 - obs-outputs
 - obs-qsv11
 - obs-text
 - obs-transitions
 - obs-virtualcam-module
 - obs-vst
 - obs-webrtc
 - obs-x264
 - rtmp-services
 - text-freetype2
 - vlc-video
 - win-capture
 - win-dshow
 - win-wasapi
------------------------        Disabled Modules          ------------------------
 - obs-libfdk
 - obs-websocket
 - test-input
----------------------------------------------------------------------------------
-- Configuring done (2.9s)
-- Generating done (8.0s)
-- Build files have been written to: D:/Documents/Zab/Pulsar/.worktrees/eleven-253-latency/upstream/build_x64
Version MSBuild 17.14.40+3e7442088 pour .NET Framework

  1>Checking Build System
  obsversion.c
  libobs-version.vcxproj -> D:\Documents\Zab\Pulsar\.worktrees\eleven-253-latency\upstream\build_x64\libobs\libobs-version.dir\RelWithDebInfo\libobs-version.lib
  caption.c
  cea708.c
  eia608.c
  eia608_charmap.c
  eia608_from_utf8.c
  mpeg.c
  scc.c
  srt.c
  utf8.c
  pthread.c
  xds.c
  caption.vcxproj -> D:\Documents\Zab\Pulsar\.worktrees\eleven-253-latency\upstream\build_x64\deps\libcaption\RelWithDebInfo\caption.lib
     Création de la bibliothèque D:/Documents/Zab/Pulsar/.worktrees/eleven-253-latency/upstream/build_x64/deps/w32-pthreads/RelWithDebInfo/w32-pthreads.lib et de l'objet D:/Documents/Zab/Pulsar/.worktrees/eleven-253-latency/upstream/build_x64/deps/w32-pthreads/RelWithDebInfo/w32-pthreads.exp
  w32-pthreads.vcxproj -> D:\Documents\Zab\Pulsar\.worktrees\eleven-253-latency\upstream\build_x64\deps\w32-pthreads\RelWithDebInfo\w32-pthreads.dll
  Copy w32-pthreads to destination
  obs-hevc.c
  obs-audio-controls.c
  obs-audio.c
  obs-av1.c
  obs-avc.c
  obs-canvas.c
  obs-display.c
  obs-encoder.c
  obs-hotkey-name-map.c
  obs-hotkey.c
  obs-missing-files.c
  obs-module.c
  obs-nal.c
  obs-output-delay.c
  obs-output.c
  obs-properties.c
  obs-scene.c
  obs-service.c
  obs-source-deinterlace.c
  obs-source-transition.c
  obs-source.c
  obs-video-gpu-encode.c
  obs-video.c
  obs-view.c
  obs.c
  array-serializer.c
  base.c
  bitstream.c
  bmem.c
  buffered-file-serializer.c
  cf-lexer.c
  cf-parser.c
  config-file.c
  crc32.c
  dstr.c
  file-serializer.c
  lexer.c
  pipe.c
  platform.c
  profiler.c
  source-profiler.c
  task.c
  text-lookup.c
  utf8.c
  calldata.c
  decl.c
  proc.c
  signal.c
  audio-io.c
  audio-resampler-ffmpeg.c
  format-conversion.c
  media-remux.c
  video-fourcc.c
  video-frame.c
  video-io.c
  video-matrices.c
  video-scaler-ffmpeg.c
  axisang.c
  bounds.c
  effect-parser.c
  effect.c
  graphics-ffmpeg.c
  graphics-imports.c
  graphics.c
  image-file.c
  libnsgif.c
  math-extra.c
  matrix3.c
  matrix4.c
  plane.c
  quat.c
  shader-parser.c
  texture-render.c
  vec2.c
  vec3.c
  vec4.c
  wasapi-enum-devices.c
  wasapi-monitoring-available.c
  wasapi-output.c
  obs-windows.c
  pipe-windows.c
  platform-windows.c
  threading-windows.c
  device-enum.c
  window-helpers.c
  obfuscate.c
  obs-data.c
  obs-win-crash-handler.c
     Création de la bibliothèque D:/Documents/Zab/Pulsar/.worktrees/eleven-253-latency/upstream/build_x64/libobs/RelWithDebInfo/obs.lib et de l'objet D:/Documents/Zab/Pulsar/.worktrees/eleven-253-latency/upstream/build_x64/libobs/RelWithDebInfo/obs.exp
  libobs.vcxproj -> D:\Documents\Zab\Pulsar\.worktrees\eleven-253-latency\upstream\build_x64\libobs\RelWithDebInfo\obs.dll
  Copy libobs to destination
  Copy libobs resources to data directory
Version MSBuild 17.14.40+3e7442088 pour .NET Framework

  w32-pthreads.vcxproj -> D:\Documents\Zab\Pulsar\.worktrees\eleven-253-latency\upstream\build_x64\deps\w32-pthreads\RelWithDebInfo\w32-pthreads.dll
  libobs-version.vcxproj -> D:\Documents\Zab\Pulsar\.worktrees\eleven-253-latency\upstream\build_x64\libobs\libobs-version.dir\RelWithDebInfo\libobs-version.lib
  caption.vcxproj -> D:\Documents\Zab\Pulsar\.worktrees\eleven-253-latency\upstream\build_x64\deps\libcaption\RelWithDebInfo\caption.lib
  Copy w32-pthreads to destination
  libobs.vcxproj -> D:\Documents\Zab\Pulsar\.worktrees\eleven-253-latency\upstream\build_x64\libobs\RelWithDebInfo\obs.dll
  Copy libobs to destination
  Copy libobs resources to data directory
  d3d11-duplicator.cpp
  d3d11-indexbuffer.cpp
  d3d11-rebuild.cpp
  d3d11-samplerstate.cpp
  d3d11-shader.cpp
  d3d11-shaderprocessor.cpp
  d3d11-stagesurf.cpp
  d3d11-subsystem.cpp
  d3d11-texture2d.cpp
  d3d11-texture3d.cpp
  d3d11-vertexbuffer.cpp
  d3d11-zstencilbuffer.cpp
     Création de la bibliothèque D:/Documents/Zab/Pulsar/.worktrees/eleven-253-latency/upstream/build_x64/libobs-d3d11/RelWithDebInfo/libobs-d3d11.lib et de l'objet D:/Documents/Zab/Pulsar/.worktrees/eleven-253-latency/upstream/build_x64/libobs-d3d11/RelWithDebInfo/libobs-d3d11.exp
  libobs-d3d11.vcxproj -> D:\Documents\Zab\Pulsar\.worktrees\eleven-253-latency\upstream\build_x64\libobs-d3d11\RelWithDebInfo\libobs-d3d11.dll
  Copy libobs-d3d11 to destination
Version MSBuild 17.14.40+3e7442088 pour .NET Framework

  w32-pthreads.vcxproj -> D:\Documents\Zab\Pulsar\.worktrees\eleven-253-latency\upstream\build_x64\deps\w32-pthreads\RelWithDebInfo\w32-pthreads.dll
  libobs-version.vcxproj -> D:\Documents\Zab\Pulsar\.worktrees\eleven-253-latency\upstream\build_x64\libobs\libobs-version.dir\RelWithDebInfo\libobs-version.lib
  caption.vcxproj -> D:\Documents\Zab\Pulsar\.worktrees\eleven-253-latency\upstream\build_x64\deps\libcaption\RelWithDebInfo\caption.lib
  Copy w32-pthreads to destination
  libobs.vcxproj -> D:\Documents\Zab\Pulsar\.worktrees\eleven-253-latency\upstream\build_x64\libobs\RelWithDebInfo\obs.dll
  Copy libobs to destination
  Copy libobs resources to data directory
  obs-frontend-api.cpp
     Création de la bibliothèque D:/Documents/Zab/Pulsar/.worktrees/eleven-253-latency/upstream/build_x64/frontend/api/RelWithDebInfo/obs-frontend-api.lib et de l'objet D:/Documents/Zab/Pulsar/.worktrees/eleven-253-latency/upstream/build_x64/frontend/api/RelWithDebInfo/obs-frontend-api.exp
  obs-frontend-api.vcxproj -> D:\Documents\Zab\Pulsar\.worktrees\eleven-253-latency\upstream\build_x64\frontend\api\RelWithDebInfo\obs-frontend-api.dll
  Copy obs-frontend-api to destination
Version MSBuild 17.14.40+3e7442088 pour .NET Framework

  d3d11-return-transport.cpp
  placeholder.cpp
  virtualcam-filter.cpp
  virtualcam-module.cpp
  capture-filter.cpp
  device-vendor.cpp
  device.cpp
  dshow-base.cpp
  dshow-demux.cpp
  dshow-encoded-device.cpp
  dshow-enum.cpp
  dshow-formats.cpp
  dshow-media-type.cpp
  dshowcapture.cpp
  dshowencode.cpp
  encoder.cpp
  log.cpp
  output-filter.cpp
  EGAVResult.cpp
  ElgatoUVCDevice.cpp
  EGAVHIDImplementation.cpp
  DriverInterface.cpp
  sleepto.c
  tiny-nv12-scale.c
  shared-memory-queue.c
     Création de la bibliothèque D:/Documents/Zab/Pulsar/.worktrees/eleven-253-latency/upstream/build_x64/plugins/win-dshow/virtualcam-module/RelWithDebInfo/obs-virtualcam-module64.lib et de l'objet D:/Documents/Zab/Pulsar/.worktrees/eleven-253-latency/upstream/build_x64/plugins/win-dshow/virtualcam-module/RelWithDebInfo/obs-virtualcam-module64.exp
  obs-virtualcam-module.vcxproj -> D:\Documents\Zab\Pulsar\.worktrees\eleven-253-latency\upstream\build_x64\plugins\win-dshow\virtualcam-module\RelWithDebInfo\obs-virtualcam-module64.dll
  Build x86 obs-virtualcam-module				
  Version MSBuild 17.14.40+3e7442088 pour .NET Framework
  
    1>Checking Build System
    d3d11-return-transport.cpp
    placeholder.cpp
    virtualcam-filter.cpp
    virtualcam-module.cpp
    capture-filter.cpp
    device-vendor.cpp
    device.cpp
    dshow-base.cpp
    dshow-demux.cpp
    dshow-encoded-device.cpp
    dshow-enum.cpp
    dshow-formats.cpp
    dshow-media-type.cpp
    dshowcapture.cpp
    dshowencode.cpp
    encoder.cpp
    log.cpp
    output-filter.cpp
    EGAVResult.cpp
    ElgatoUVCDevice.cpp
    EGAVHIDImplementation.cpp
    DriverInterface.cpp
    sleepto.c
    tiny-nv12-scale.c
    shared-memory-queue.c
       Cr├®ation de la biblioth├¿que D:/Documents/Zab/Pulsar/.worktrees/eleven-253-latency/upstream/build_x86/plugins/win-dshow/virtualcam-module/RelWithDebInfo/obs-virtualcam-module32.lib et de l'objet D:/Documents/Zab/Pulsar/.worktrees/eleven-253-latency/upstream/build_x86/plugins/win-dshow/virtualcam-module/RelWithDebInfo/obs-virtualcam-module32.exp
    obs-virtualcam-module.vcxproj -> D:\Documents\Zab\Pulsar\.worktrees\eleven-253-latency\upstream\build_x86\plugins\win-dshow\virtualcam-module\RelWithDebInfo\obs-virtualcam-module32.dll
  Copy obs-virtualcam-module resource D:/Documents/Zab/Pulsar/.worktrees/eleven-253-latency/upstream/build_x64/plugins/win-dshow/virtualcam-module/virtualcam-install.bat to library directory
  Copy obs-virtualcam-module resource D:/Documents/Zab/Pulsar/.worktrees/eleven-253-latency/upstream/build_x64/plugins/win-dshow/virtualcam-module/virtualcam-uninstall.bat to library directory
  Copy obs-virtualcam-module (x86) to destination
  Copy obs-virtualcam-module to destination
  libobs-version.vcxproj -> D:\Documents\Zab\Pulsar\.worktrees\eleven-253-latency\upstream\build_x64\libobs\libobs-version.dir\RelWithDebInfo\libobs-version.lib
  w32-pthreads.vcxproj -> D:\Documents\Zab\Pulsar\.worktrees\eleven-253-latency\upstream\build_x64\deps\w32-pthreads\RelWithDebInfo\w32-pthreads.dll
  caption.vcxproj -> D:\Documents\Zab\Pulsar\.worktrees\eleven-253-latency\upstream\build_x64\deps\libcaption\RelWithDebInfo\caption.lib
  Copy w32-pthreads to destination
  libobs.vcxproj -> D:\Documents\Zab\Pulsar\.worktrees\eleven-253-latency\upstream\build_x64\libobs\RelWithDebInfo\obs.dll
  Copy libobs to destination
  Copy libobs resources to data directory
  dshow-plugin.cpp
  win-dshow-encoder.cpp
  win-dshow.cpp
  d3d11-return-transport.cpp
  capture-filter.cpp
  device-vendor.cpp
  device.cpp
  dshow-base.cpp
  dshow-demux.cpp
  dshow-encoded-device.cpp
  dshow-enum.cpp
  dshow-formats.cpp
  dshow-media-type.cpp
  dshowcapture.cpp
  dshowencode.cpp
  encoder.cpp
  log.cpp
  output-filter.cpp
  EGAVResult.cpp
  ElgatoUVCDevice.cpp
  EGAVHIDImplementation.cpp
  DriverInterface.cpp
  ffmpeg-decode.c
  d3d11-return-auth.c
  virtualcam.c
  tiny-nv12-scale.c
  shared-memory-queue.c
     Création de la bibliothèque D:/Documents/Zab/Pulsar/.worktrees/eleven-253-latency/upstream/build_x64/plugins/win-dshow/RelWithDebInfo/win-dshow.lib et de l'objet D:/Documents/Zab/Pulsar/.worktrees/eleven-253-latency/upstream/build_x64/plugins/win-dshow/RelWithDebInfo/win-dshow.exp
  win-dshow.vcxproj -> D:\Documents\Zab\Pulsar\.worktrees\eleven-253-latency\upstream\build_x64\plugins\win-dshow\RelWithDebInfo\win-dshow.dll
  Copy win-dshow to destination
  Copy win-dshow resources to data directory
Version MSBuild 17.14.40+3e7442088 pour .NET Framework

  obs-virtualcam-module.vcxproj -> D:\Documents\Zab\Pulsar\.worktrees\eleven-253-latency\upstream\build_x64\plugins\win-dshow\virtualcam-module\RelWithDebInfo\obs-virtualcam-module64.dll
  Build x86 obs-virtualcam-module				
  Version MSBuild 17.14.40+3e7442088 pour .NET Framework
  
    obs-virtualcam-module.vcxproj -> D:\Documents\Zab\Pulsar\.worktrees\eleven-253-latency\upstream\build_x86\plugins\win-dshow\virtualcam-module\RelWithDebInfo\obs-virtualcam-module32.dll
  Copy obs-virtualcam-module resource D:/Documents/Zab/Pulsar/.worktrees/eleven-253-latency/upstream/build_x64/plugins/win-dshow/virtualcam-module/virtualcam-install.bat to library directory
  Copy obs-virtualcam-module resource D:/Documents/Zab/Pulsar/.worktrees/eleven-253-latency/upstream/build_x64/plugins/win-dshow/virtualcam-module/virtualcam-uninstall.bat to library directory
  Copy obs-virtualcam-module (x86) to destination
  Copy obs-virtualcam-module to destination
Version MSBuild 17.14.40+3e7442088 pour .NET Framework

  libobs-version.vcxproj -> D:\Documents\Zab\Pulsar\.worktrees\eleven-253-latency\upstream\build_x64\libobs\libobs-version.dir\RelWithDebInfo\libobs-version.lib
  w32-pthreads.vcxproj -> D:\Documents\Zab\Pulsar\.worktrees\eleven-253-latency\upstream\build_x64\deps\w32-pthreads\RelWithDebInfo\w32-pthreads.dll
  caption.vcxproj -> D:\Documents\Zab\Pulsar\.worktrees\eleven-253-latency\upstream\build_x64\deps\libcaption\RelWithDebInfo\caption.lib
  Copy w32-pthreads to destination
  libobs.vcxproj -> D:\Documents\Zab\Pulsar\.worktrees\eleven-253-latency\upstream\build_x64\libobs\RelWithDebInfo\obs.dll
  Copy libobs to destination
  Copy libobs resources to data directory
  opts-parser.c
  opts-parser.vcxproj -> D:\Documents\Zab\Pulsar\.worktrees\eleven-253-latency\upstream\build_x64\shared\opts-parser\opts-parser.dir\RelWithDebInfo\opts-parser.lib
  nvenc-d3d11.c
  cuda-helpers.c
  nvenc-compat.c
  nvenc-cuda.c
  nvenc-helpers.c
  nvenc-opts-parser.c
  nvenc-properties.c
  nvenc.c
  obs-nvenc.c
     Création de la bibliothèque D:/Documents/Zab/Pulsar/.worktrees/eleven-253-latency/upstream/build_x64/plugins/obs-nvenc/RelWithDebInfo/obs-nvenc.lib et de l'objet D:/Documents/Zab/Pulsar/.worktrees/eleven-253-latency/upstream/build_x64/plugins/obs-nvenc/RelWithDebInfo/obs-nvenc.exp
  obs-nvenc.vcxproj -> D:\Documents\Zab\Pulsar\.worktrees\eleven-253-latency\upstream\build_x64\plugins\obs-nvenc\RelWithDebInfo\obs-nvenc.dll
  Copy obs-nvenc to destination
  Copy obs-nvenc resources to data directory
Version MSBuild 17.14.40+3e7442088 pour .NET Framework

  libobs-version.vcxproj -> D:\Documents\Zab\Pulsar\.worktrees\eleven-253-latency\upstream\build_x64\libobs\libobs-version.dir\RelWithDebInfo\libobs-version.lib
  w32-pthreads.vcxproj -> D:\Documents\Zab\Pulsar\.worktrees\eleven-253-latency\upstream\build_x64\deps\w32-pthreads\RelWithDebInfo\w32-pthreads.dll
  caption.vcxproj -> D:\Documents\Zab\Pulsar\.worktrees\eleven-253-latency\upstream\build_x64\deps\libcaption\RelWithDebInfo\caption.lib
  Copy w32-pthreads to destination
  libobs.vcxproj -> D:\Documents\Zab\Pulsar\.worktrees\eleven-253-latency\upstream\build_x64\libobs\RelWithDebInfo\obs.dll
  Copy libobs to destination
  Copy libobs resources to data directory
  opts-parser.vcxproj -> D:\Documents\Zab\Pulsar\.worktrees\eleven-253-latency\upstream\build_x64\shared\opts-parser\opts-parser.dir\RelWithDebInfo\opts-parser.lib
  obs-x264.c
  obs-x264-plugin-main.c
     Création de la bibliothèque D:/Documents/Zab/Pulsar/.worktrees/eleven-253-latency/upstream/build_x64/plugins/obs-x264/RelWithDebInfo/obs-x264.lib et de l'objet D:/Documents/Zab/Pulsar/.worktrees/eleven-253-latency/upstream/build_x64/plugins/obs-x264/RelWithDebInfo/obs-x264.exp
  obs-x264.vcxproj -> D:\Documents\Zab\Pulsar\.worktrees\eleven-253-latency\upstream\build_x64\plugins\obs-x264\RelWithDebInfo\obs-x264.dll
  Copy obs-x264 to destination
  Copy obs-x264 resources to data directory

--- Reusing exact Pulsar CMake configuration ---

--- Building Pulsar plugins ---
Version MSBuild 17.14.40+3e7442088 pour .NET Framework

  Checking File Globs
  pulsar-frontend-stub.cpp
  pulsar-frontend-stub.vcxproj -> D:\Documents\Zab\Pulsar\.worktrees\eleven-253-latency\build\plugins\pulsar-frontend-stub\RelWithDebInfo\pulsar-frontend-stub.lib
  main.cpp
  log-handler.cpp
  dir-hardening.cpp
  runtime-identity.cpp
  Génération de code en cours...
  pulsar-headless.vcxproj -> D:\Documents\Zab\Pulsar\.worktrees\eleven-253-latency\upstream\build_x64\rundir\RelWithDebInfo\bin\64bit\pulsar.exe

Built: D:\Documents\Zab\Pulsar\.worktrees\eleven-253-latency\upstream\build_x64\rundir\RelWithDebInfo\bin\64bit\pulsar.exe
Staged 6 Qt6 runtime DLLs into rundir/bin/64bit/
Staged 2 Qt6 platform plugins into rundir/bin/64bit/platforms/
Staged 14 obs-deps runtime DLLs into rundir/bin/64bit/
