Version MSBuild 17.14.40+3e7442088 pour .NET Framework

  Checking File Globs
  shutdown_checker.cc
  transfer_util.cc
  cef_atomic_flag.cc
  cef_callback_helpers.cc
  cef_callback_internal.cc
  cef_lock.cc
  cef_lock_impl.cc
  cef_logging.cc
  cef_ref_counted.cc
  cef_thread_checker_impl.cc
  cef_weak_ptr.cc
  accessibility_handler_cpptoc.cc
  app_cpptoc.cc
  audio_handler_cpptoc.cc
  base_ref_counted_cpptoc.cc
  base_scoped_cpptoc.cc
  browser_process_handler_cpptoc.cc
  client_cpptoc.cc
  command_handler_cpptoc.cc
  completion_callback_cpptoc.cc
  context_menu_handler_cpptoc.cc
  cookie_access_filter_cpptoc.cc
  cookie_visitor_cpptoc.cc
  delete_cookies_callback_cpptoc.cc
  dev_tools_message_observer_cpptoc.cc
  dialog_handler_cpptoc.cc
  display_handler_cpptoc.cc
  domvisitor_cpptoc.cc
  download_handler_cpptoc.cc
  download_image_callback_cpptoc.cc
  drag_handler_cpptoc.cc
  end_tracing_callback_cpptoc.cc
  extension_handler_cpptoc.cc
  find_handler_cpptoc.cc
  focus_handler_cpptoc.cc
  frame_handler_cpptoc.cc
  jsdialog_handler_cpptoc.cc
  keyboard_handler_cpptoc.cc
  life_span_handler_cpptoc.cc
  load_handler_cpptoc.cc
  media_observer_cpptoc.cc
  media_route_create_callback_cpptoc.cc
  media_sink_device_info_callback_cpptoc.cc
  menu_model_delegate_cpptoc.cc
  navigation_entry_visitor_cpptoc.cc
  pdf_print_callback_cpptoc.cc
  permission_handler_cpptoc.cc
  print_handler_cpptoc.cc
  read_handler_cpptoc.cc
  render_handler_cpptoc.cc
  render_process_handler_cpptoc.cc
  request_context_handler_cpptoc.cc
  request_handler_cpptoc.cc
  resolve_callback_cpptoc.cc
  resource_bundle_handler_cpptoc.cc
  resource_handler_cpptoc.cc
  resource_request_handler_cpptoc.cc
  response_filter_cpptoc.cc
  run_file_dialog_callback_cpptoc.cc
  scheme_handler_factory_cpptoc.cc
  server_handler_cpptoc.cc
  set_cookie_callback_cpptoc.cc
  string_visitor_cpptoc.cc
  task_cpptoc.cc
  urlrequest_client_cpptoc.cc
  v8accessor_cpptoc.cc
  v8array_buffer_release_callback_cpptoc.cc
  v8handler_cpptoc.cc
  v8interceptor_cpptoc.cc
  write_handler_cpptoc.cc
  test_server_handler_cpptoc.cc
  translator_test_ref_ptr_client_child_cpptoc.cc
  translator_test_ref_ptr_client_cpptoc.cc
  translator_test_scoped_client_child_cpptoc.cc
  translator_test_scoped_client_cpptoc.cc
  browser_view_delegate_cpptoc.cc
  button_delegate_cpptoc.cc
  menu_button_delegate_cpptoc.cc
  panel_delegate_cpptoc.cc
  textfield_delegate_cpptoc.cc
  view_delegate_cpptoc.cc
  window_delegate_cpptoc.cc
  auth_callback_ctocpp.cc
  before_download_callback_ctocpp.cc
  binary_value_ctocpp.cc
  browser_ctocpp.cc
  browser_host_ctocpp.cc
  callback_ctocpp.cc
  command_line_ctocpp.cc
  context_menu_params_ctocpp.cc
  cookie_manager_ctocpp.cc
  dictionary_value_ctocpp.cc
  domdocument_ctocpp.cc
  domnode_ctocpp.cc
  download_item_callback_ctocpp.cc
  download_item_ctocpp.cc
  drag_data_ctocpp.cc
  extension_ctocpp.cc
  file_dialog_callback_ctocpp.cc
  frame_ctocpp.cc
  get_extension_resource_callback_ctocpp.cc
  image_ctocpp.cc
  jsdialog_callback_ctocpp.cc
  list_value_ctocpp.cc
  media_access_callback_ctocpp.cc
  media_route_ctocpp.cc
  media_router_ctocpp.cc
  media_sink_ctocpp.cc
  media_source_ctocpp.cc
  menu_model_ctocpp.cc
  navigation_entry_ctocpp.cc
  permission_prompt_callback_ctocpp.cc
  post_data_ctocpp.cc
  post_data_element_ctocpp.cc
  preference_manager_ctocpp.cc
  preference_registrar_ctocpp.cc
  print_dialog_callback_ctocpp.cc
  print_job_callback_ctocpp.cc
  print_settings_ctocpp.cc
  process_message_ctocpp.cc
  registration_ctocpp.cc
  request_context_ctocpp.cc
  request_ctocpp.cc
  resource_bundle_ctocpp.cc
  resource_read_callback_ctocpp.cc
  resource_skip_callback_ctocpp.cc
  response_ctocpp.cc
  run_context_menu_callback_ctocpp.cc
  run_quick_menu_callback_ctocpp.cc
  scheme_registrar_ctocpp.cc
  select_client_certificate_callback_ctocpp.cc
  server_ctocpp.cc
  shared_memory_region_ctocpp.cc
  shared_process_message_builder_ctocpp.cc
  sslinfo_ctocpp.cc
  sslstatus_ctocpp.cc
  stream_reader_ctocpp.cc
  stream_writer_ctocpp.cc
  task_runner_ctocpp.cc
  thread_ctocpp.cc
  unresponsive_process_callback_ctocpp.cc
  urlrequest_ctocpp.cc
  v8context_ctocpp.cc
  v8exception_ctocpp.cc
  v8stack_frame_ctocpp.cc
  v8stack_trace_ctocpp.cc
  v8value_ctocpp.cc
  value_ctocpp.cc
  waitable_event_ctocpp.cc
  x509cert_principal_ctocpp.cc
  x509certificate_ctocpp.cc
  xml_reader_ctocpp.cc
  zip_reader_ctocpp.cc
  test_server_connection_ctocpp.cc
  test_server_ctocpp.cc
  translator_test_ctocpp.cc
  translator_test_ref_ptr_library_child_child_ctocpp.cc
  translator_test_ref_ptr_library_child_ctocpp.cc
  translator_test_ref_ptr_library_ctocpp.cc
  translator_test_scoped_library_child_child_ctocpp.cc
  translator_test_scoped_library_child_ctocpp.cc
  translator_test_scoped_library_ctocpp.cc
  box_layout_ctocpp.cc
  browser_view_ctocpp.cc
  button_ctocpp.cc
  display_ctocpp.cc
  fill_layout_ctocpp.cc
  label_button_ctocpp.cc
  layout_ctocpp.cc
  menu_button_ctocpp.cc
  menu_button_pressed_lock_ctocpp.cc
  overlay_controller_ctocpp.cc
  panel_ctocpp.cc
  scroll_view_ctocpp.cc
  textfield_ctocpp.cc
  view_ctocpp.cc
  window_ctocpp.cc
  cef_byte_read_handler.cc
  cef_closure_task.cc
  cef_message_router.cc
  cef_message_router_utils.cc
  cef_resource_manager.cc
  cef_scoped_temp_dir.cc
  cef_stream_resource_handler.cc
  cef_xml_object.cc
  cef_zip_archive.cc
  libcef_dll_wrapper.cc
  libcef_dll_wrapper2.cc
  libcef_dll_wrapper.vcxproj -> D:\Documents\Zab\Pulsar\.worktrees\eleven-253-latency\build\plugins\pulsar-browser\libcef_dll_wrapper\RelWithDebInfo\libcef_dll_wrapper.lib
  browser-app.cpp
  browser-client.cpp
  browser-scheme.cpp
  base64.cpp
  ip-string-windows.cpp
  signal-restore.cpp
  wide-string.cpp
  obs-browser-plugin.cpp
  obs-browser-source.cpp
  Génération de code en cours...
     Création de la bibliothèque D:/Documents/Zab/Pulsar/.worktrees/eleven-253-latency/build/plugins/pulsar-browser/RelWithDebInfo/pulsar-browser.lib et de l'objet D:/Documents/Zab/Pulsar/.worktrees/eleven-253-latency/build/plugins/pulsar-browser/RelWithDebInfo/pulsar-browser.exp
  pulsar-browser.vcxproj -> D:\Documents\Zab\Pulsar\.worktrees\eleven-253-latency\upstream\build_x64\rundir\RelWithDebInfo\obs-plugins\64bit\pulsar-browser.dll
  plugin-main.cpp
     Création de la bibliothèque D:/Documents/Zab/Pulsar/.worktrees/eleven-253-latency/build/plugins/pulsar-multi-stream/RelWithDebInfo/pulsar-multi-stream.lib et de l'objet D:/Documents/Zab/Pulsar/.worktrees/eleven-253-latency/build/plugins/pulsar-multi-stream/RelWithDebInfo/pulsar-multi-stream.exp
  pulsar-multi-stream.vcxproj -> D:\Documents\Zab\Pulsar\.worktrees\eleven-253-latency\upstream\build_x64\rundir\RelWithDebInfo\obs-plugins\64bit\pulsar-multi-stream.dll
  plugin-main.cpp
     Création de la bibliothèque D:/Documents/Zab/Pulsar/.worktrees/eleven-253-latency/build/plugins/pulsar-scene-source/RelWithDebInfo/pulsar-scene-source.lib et de l'objet D:/Documents/Zab/Pulsar/.worktrees/eleven-253-latency/build/plugins/pulsar-scene-source/RelWithDebInfo/pulsar-scene-source.exp
  pulsar-scene-source.vcxproj -> D:\Documents\Zab\Pulsar\.worktrees\eleven-253-latency\upstream\build_x64\rundir\RelWithDebInfo\obs-plugins\64bit\pulsar-scene-source.dll
  Automatic MOC for target pulsar-websocket
  Config.cpp
  WebSocketApi.cpp
  EventHandler.cpp
  EventHandler_Canvases.cpp
  EventHandler_Config.cpp
  EventHandler_Filters.cpp
  EventHandler_General.cpp
  EventHandler_Inputs.cpp
  EventHandler_MediaInputs.cpp
  EventHandler_Outputs.cpp
  EventHandler_SceneItems.cpp
  EventHandler_Scenes.cpp
  EventHandler_Transitions.cpp
  EventHandler_Ui.cpp
  obs-websocket.cpp
  RequestBatchHandler.cpp
  RequestHandler.cpp
  RequestHandler_Canvases.cpp
  RequestHandler_Config.cpp
  RequestHandler_Filters.cpp
  Génération de code en cours...
  Compilation en cours...
  RequestHandler_General.cpp
  RequestHandler_Inputs.cpp
  RequestHandler_MediaInputs.cpp
  RequestHandler_Outputs.cpp
  RequestHandler_Record.cpp
  RequestHandler_SceneItems.cpp
  RequestHandler_Scenes.cpp
  RequestHandler_Sources.cpp
  RequestHandler_Stream.cpp
  RequestHandler_Transitions.cpp
  RequestHandler_Ui.cpp
  Request.cpp
  RequestBatchRequest.cpp
  RequestResult.cpp
  Compat.cpp
  Crypto.cpp
  Json.cpp
  Obs.cpp
  Obs_ActionHelper.cpp
  Obs_ArrayHelper.cpp
  Génération de code en cours...
  Compilation en cours...
  Obs_NumberHelper.cpp
  Obs_ObjectHelper.cpp
  Obs_OutputHelper.cpp
  Obs_SearchHelper.cpp
  Obs_StringHelper.cpp
  Obs_VolumeMeter.cpp
  Platform.cpp
  WebSocketServer.cpp
  WebSocketServer_Protocol.cpp
  mocs_compilation_RelWithDebInfo.cpp
  Génération de code en cours...
     Création de la bibliothèque D:/Documents/Zab/Pulsar/.worktrees/eleven-253-latency/build/plugins/pulsar-websocket/RelWithDebInfo/obs-websocket.lib et de l'objet D:/Documents/Zab/Pulsar/.worktrees/eleven-253-latency/build/plugins/pulsar-websocket/RelWithDebInfo/obs-websocket.exp
  pulsar-websocket.vcxproj -> D:\Documents\Zab\Pulsar\.worktrees\eleven-253-latency\upstream\build_x64\rundir\RelWithDebInfo\obs-plugins\64bit\obs-websocket.dll
  dir-hardening-probe-test.cpp
  dir-hardening.cpp
  Génération de code en cours...
  dir-hardening-probe-test.vcxproj -> D:\Documents\Zab\Pulsar\.worktrees\eleven-253-latency\build\tests\nv-probe\RelWithDebInfo\dir-hardening-probe-test.exe
  directshow-namespace-probe-test.cpp
  directshow-namespace-probe-test.vcxproj -> D:\Documents\Zab\Pulsar\.worktrees\eleven-253-latency\build\tests\nv-probe\RelWithDebInfo\directshow-namespace-probe-test.exe
  swap-test.c
  equal-view-swap.vcxproj -> D:\Documents\Zab\Pulsar\.worktrees\eleven-253-latency\build\tests\nv-probe\RelWithDebInfo\equal-view-swap.exe
  registration-pipe-probe.cpp
  lease-registration-pipe-probe-test.vcxproj -> D:\Documents\Zab\Pulsar\.worktrees\eleven-253-latency\build\tests\nv-probe\RelWithDebInfo\lease-registration-pipe-probe-test.exe
  log-handler-probe-test.cpp
  log-handler.cpp
  Génération de code en cours...
  log-handler-probe-test.vcxproj -> D:\Documents\Zab\Pulsar\.worktrees\eleven-253-latency\build\tests\nv-probe\RelWithDebInfo\log-handler-probe-test.exe
  fake-nv-dep.c
     Création de la bibliothèque D:/Documents/Zab/Pulsar/.worktrees/eleven-253-latency/build/tests/nv-probe/fixtures-evil/PulsarNvFakeDep.lib et de l'objet D:/Documents/Zab/Pulsar/.worktrees/eleven-253-latency/build/tests/nv-probe/fixtures-evil/PulsarNvFakeDep.exp
  pulsar-nv-fake-dep-evil.vcxproj -> D:\Documents\Zab\Pulsar\.worktrees\eleven-253-latency\build\tests\nv-probe\fixtures-evil\PulsarNvFakeDep.dll
  fake-nv-dep.c
     Création de la bibliothèque D:/Documents/Zab/Pulsar/.worktrees/eleven-253-latency/build/tests/nv-probe/fixtures-good/PulsarNvFakeDep.lib et de l'objet D:/Documents/Zab/Pulsar/.worktrees/eleven-253-latency/build/tests/nv-probe/fixtures-good/PulsarNvFakeDep.exp
  pulsar-nv-fake-dep-good.vcxproj -> D:\Documents\Zab\Pulsar\.worktrees\eleven-253-latency\build\tests\nv-probe\fixtures-good\PulsarNvFakeDep.dll
  fake-nv-sdk.c
     Création de la bibliothèque D:/Documents/Zab/Pulsar/.worktrees/eleven-253-latency/build/tests/nv-probe/fixtures-evil/pulsar-nv-fake-sdk-evil.lib et de l'objet D:/Documents/Zab/Pulsar/.worktrees/eleven-253-latency/build/tests/nv-probe/fixtures-evil/pulsar-nv-fake-sdk-evil.exp
  pulsar-nv-fake-sdk-evil.vcxproj -> D:\Documents\Zab\Pulsar\.worktrees\eleven-253-latency\build\tests\nv-probe\fixtures-evil\pulsar-nv-fake-sdk-evil.dll
  fake-nv-sdk.c
     Création de la bibliothèque D:/Documents/Zab/Pulsar/.worktrees/eleven-253-latency/build/tests/nv-probe/fixtures-good/pulsar-nv-fake-sdk-good.lib et de l'objet D:/Documents/Zab/Pulsar/.worktrees/eleven-253-latency/build/tests/nv-probe/fixtures-good/pulsar-nv-fake-sdk-good.exp
  pulsar-nv-fake-sdk-good.vcxproj -> D:\Documents\Zab\Pulsar\.worktrees\eleven-253-latency\build\tests\nv-probe\fixtures-good\pulsar-nv-fake-sdk-good.dll
  nv-probe-test.c
  nv-probe-test.vcxproj -> D:\Documents\Zab\Pulsar\.worktrees\eleven-253-latency\build\tests\nv-probe\RelWithDebInfo\nv-probe-test.exe
  output-attempt-settled-probe-test.cpp
  output-attempt-settled-probe-test.vcxproj -> D:\Documents\Zab\Pulsar\.worktrees\eleven-253-latency\build\tests\nv-probe\RelWithDebInfo\output-attempt-settled-probe-test.exe
  output-classify-probe-test.cpp
  output-classify-probe-test.vcxproj -> D:\Documents\Zab\Pulsar\.worktrees\eleven-253-latency\build\tests\nv-probe\RelWithDebInfo\output-classify-probe-test.exe
  audio-callback-gate-test.cpp
  pulsar-audio-callback-gate-test.vcxproj -> D:\Documents\Zab\Pulsar\.worktrees\eleven-253-latency\build\tests\nv-probe\RelWithDebInfo\pulsar-audio-callback-gate-test.exe
  browser-app.cpp
  obs-browser-page-main.cpp
  Génération de code en cours...
  pulsar-browser-page.vcxproj -> D:\Documents\Zab\Pulsar\.worktrees\eleven-253-latency\upstream\build_x64\rundir\RelWithDebInfo\obs-plugins\64bit\pulsar-browser-page.exe
  browser-source-task-state-test.cpp
  pulsar-browser-source-task-state-test.vcxproj -> D:\Documents\Zab\Pulsar\.worktrees\eleven-253-latency\build\tests\nv-probe\RelWithDebInfo\pulsar-browser-source-task-state-test.exe
  dual-lane-config-probe.cpp
  pulsar-dual-lane-config-probe.vcxproj -> D:\Documents\Zab\Pulsar\.worktrees\eleven-253-latency\build\tests\nv-probe\RelWithDebInfo\pulsar-dual-lane-config-probe.exe
  pulsar-frontend-stub.vcxproj -> D:\Documents\Zab\Pulsar\.worktrees\eleven-253-latency\build\plugins\pulsar-frontend-stub\RelWithDebInfo\pulsar-frontend-stub.lib
  pulsar-headless.vcxproj -> D:\Documents\Zab\Pulsar\.worktrees\eleven-253-latency\upstream\build_x64\rundir\RelWithDebInfo\bin\64bit\pulsar.exe
  transition-controller-probe.cpp
  pulsar-transition-controller-probe.vcxproj -> D:\Documents\Zab\Pulsar\.worktrees\eleven-253-latency\build\tests\nv-probe\RelWithDebInfo\pulsar-transition-controller-probe.exe
cl : ligne de commande  warning D9025: substitution de '/DNDEBUG' par '/UNDEBUG' [D:\Documents\Zab\Pulsar\.worktrees\eleven-253-latency\build\tests\return-queue-safety\return-queue-runtime.vcxproj]
  queue-runtime-test.c
  shared-memory-queue.c
  Génération de code en cours...
  return-queue-runtime.vcxproj -> D:\Documents\Zab\Pulsar\.worktrees\eleven-253-latency\build\tests\nv-probe\RelWithDebInfo\return-queue-runtime.exe
  runtime-isolation-probe-test.cpp
  runtime-identity.cpp
  Génération de code en cours...
  runtime-isolation-probe-test.vcxproj -> D:\Documents\Zab\Pulsar\.worktrees\eleven-253-latency\build\tests\nv-probe\RelWithDebInfo\runtime-isolation-probe-test.exe
cl : ligne de commande  warning D9025: substitution de '/DNDEBUG' par '/UNDEBUG' [D:\Documents\Zab\Pulsar\.worktrees\eleven-253-latency\build\tests\return-queue-safety\video-content-runtime.vcxproj]
  video-content-test.c
  video-content-runtime.vcxproj -> D:\Documents\Zab\Pulsar\.worktrees\eleven-253-latency\build\tests\nv-probe\RelWithDebInfo\video-content-runtime.exe
  ws-debug-probe-test.cpp
  ws-debug-probe-test.vcxproj -> D:\Documents\Zab\Pulsar\.worktrees\eleven-253-latency\build\tests\nv-probe\RelWithDebInfo\ws-debug-probe-test.exe
  Building Custom Rule D:/Documents/Zab/Pulsar/.worktrees/eleven-253-latency/CMakeLists.txt
