Using cmake: C:\Program Files\CMake\bin\cmake.exe
Preset:       windows-x64
Source:       D:\Documents\Zab\Pulsar\.worktrees\eleven-253-latency\upstream
ATL headers found: C:\Program Files (x86)\Microsoft Visual Studio\2022\BuildTools\VC\Tools\MSVC\14.38.33130\atlmfc\include

--- Applying Pulsar patches ---
Pinned upstream commit: bd73b922891e56839b0bc86bdc519802802f9d68
Root patches found:     42
OBS-browser patches:    1
  applying 0007-fix-win-dshow-namespace-virtual-camera-queues-by-run.patch
Applying: fix(win-dshow): namespace virtual camera queues by runtime
  applying 0008-use-executable-path-for-libobs-data-with-private-cwd.patch
Applying: fix(win32): resolve libobs data from executable with private cwd
  applying 0009-feat-libobs-add-frame-boundary-dual-lane-swaps.patch
Applying: feat(libobs): add frame-boundary dual-lane swaps
  applying 0010-fix-win-dshow-reject-ambiguous-queue-namespaces.patch
Applying: fix(win-dshow): reject ambiguous queue namespaces
  applying 0011-feat-runtime-telemetry-producer.patch
Applying: feat(telemetry): emit correlated runtime trace boundaries
  applying 0012-feat-libobs-add-low-latency-output-interleaving.patch
Applying: feat(libobs): add low-latency output interleaving
  applying 0013-perf-libobs-decouple-live-video-from-audio-watermark.patch
Applying: perf(libobs): decouple live video from audio watermark
  applying 0014-perf-nvenc-drain-ULL-bitstreams-immediately.patch
Applying: perf(nvenc): bound ULL bitstream queue
  applying 0015-perf-libobs-configurable-aux-view-cache.patch
Applying: perf(libobs): make auxiliary view cache configurable
  applying 0016-feat-libobs-expose-video-pipeline-stage-telemetry.patch
Applying: feat(libobs): expose per-stage video pipeline telemetry
  applying 0017-perf-libobs-pipeline-borrowed-preview-publication.patch
Applying: perf(libobs): pipeline borrowed preview publication
  applying 0018-feat-libobs-close-video-mix-stage-accounting.patch
Applying: feat(libobs): close video mix stage accounting
  applying 0019-perf-win-dshow-pipeline-program-return-publication.patch
Applying: perf(win-dshow): pipeline borrowed ProgramReturn publication
  applying 0020-perf-win-dshow-elide-unconsumed-preview-return-copies.patch
Applying: perf(win-dshow): elide unconsumed PreviewReturn copies
  applying 0021-perf-win-dshow-elide-unconsumed-program-return-copies.patch
Applying: perf(win-dshow): elide idle ProgramReturn copies
  applying 0022-fix-cmake-qt-host-tool-argument-parsing.patch
Applying: fix(cmake): parse Qt host tool arguments correctly
  applying 0022-perf-libobs-remove-initial-gpu-encode-frame-delay.patch
Applying: perf(libobs): remove initial GPU encode frame delay
  applying 0023-fix-win-dshow-atomic-return-queue.patch
Applying: fix(win-dshow): harden latest-frame return queue
  applying 0024-feat-win-dshow-d3d11-return-capability-skeleton.patch
Applying: fix(pulsar): validate shared queue mapping before atomic reads
  applying 0025-fix-win-dshow-bootstrap-consumer-gated-return-format.patch
Applying: fix(win-dshow): bootstrap consumer-gated return formats
  applying 0026-fix-libobs-pipeline-stats-atomic-snapshot.patch
Applying: fix(libobs): make pipeline telemetry counters atomic
  applying 0027-perf-win-dshow-bulk-copy-tight-nv12.patch
Applying: perf(win-dshow): bulk-copy tightly packed NV12 returns
  applying 0028-feat-libobs-telemetry-output-enqueue-timestamp.patch
Applying: feat(libobs): expose output enqueue telemetry timestamp
  applying 0029-fix-win-dshow-lease-watcher.patch
Applying: perf(win-dshow): watch return consumer lease off frame path
  applying 0030-feat-libobs-interleaver-mutex-wait-telemetry.patch
Applying: perf(libobs): expose interleaver mutex wait telemetry
  applying 0031-fix-replay-buffer-stop-without-timestamp.patch
Applying: fix(replay): stop buffer on next packet deterministically
  applying 0032-fix-cpu-queue-mapping-collision.patch
Applying: fix(dshow): reject pre-existing CPU queue mappings
  applying 0033-fix-consumer-lease-collision.patch
Applying: fix(dshow): reject spoofed consumer lease objects
  applying 0034-fix-d3d11-consumer-liveness.patch
Applying: fix(d3d11): track consumer process liveness
  applying 0035-fix-modern-cpu-queue-mapping-collision.patch
Applying: fix(queue): reject raced existing mapping
  applying 0036-fix-d3d11-producer-consumer-liveness.patch
Applying: fix(d3d11): fail closed on producer consumer exit
  applying 0037-fix-d3d11-consumer-session-cleanup.patch
Applying: fix(d3d11): validate consumer session and cleanup
  applying 0038-fix-d3d11-stale-registration-invalidation.patch
Applying: fix(d3d11): invalidate stale consumer registration
  applying 0039-fix-d3d11-invalidate-registration-before-session-loo.patch
Applying: fix(d3d11): invalidate registration before session lookup
  applying 0040-fix-dshow-move-registration-to-producer-owned-pipe.patch
Applying: fix(dshow): move registration to producer-owned pipe
  applying 0041-fix-d3d11-producer-authoritative-readonly-abi-v2.patch
Applying: fix(d3d11): enforce producer-authoritative readonly ABI v2
  applying 0042-feat-libobs-d3d11-direct-nt-shared-copy.patch
Applying: feat(graphics): copy NT shared textures without wrapper
  applying 0043-fix-d3d11-private-helper-authenticated-return.patch
Applying: fix(win-dshow): bind return transport to private helper
  applying 0044-fix-dshow-trace-sidecar.patch
Applying: fix: route DirectShow trace observations through sidecar
  applying 0045-perf-libobs-preserve-hot-lane-activation.patch
Applying: perf(libobs): preserve activation across dual-lane swaps
  applying 0046-perf-libobs-preserve-equal-view-activation.patch
Applying: perf(libobs): preserve equal-view activation during atomic swaps
  applying 0047-fix-dshow-retain-equal-clock-stage-observations.patch
Applying: fix(dshow): retain stages with equal clock readings
  reusing exact patched obs-browser HEAD (fingerprint c0b75b3895c6)

--- Building (RelWithDebInfo) ---
Fastpath targets: libobs, D3D11, frontend API, win-dshow, DirectShow filter, NVENC and x264
CMake is re-running because D:/Documents/Zab/Pulsar/.worktrees/eleven-253-latency/upstream/build_x64/CMakeFiles/generate.stamp is out-of-date.
  the file 'D:/Documents/Zab/Pulsar/.worktrees/eleven-253-latency/upstream/cmake/windows/buildspec.cmake'
  is newer than 'D:/Documents/Zab/Pulsar/.worktrees/eleven-253-latency/upstream/build_x64/CMakeFiles/generate.stamp.depend'
  result='-1'
-- Selecting Windows SDK version 10.0.22621.0 to target Windows 10.0.26200.
-- Checking for interprocedural optimization support
-- Checking for interprocedural optimization support - enabled [Release, MinSizeRel]
-- Selecting Windows SDK version 10.0.22621.0 to target Windows 10.0.26200.
-- Checking for interprocedural optimization support
-- Checking for interprocedural optimization support - enabled [Release, MinSizeRel]
-- Setting up Pre-Built obs-deps (x86)
-- Setting up Pre-Built obs-deps (x86) - done
CMake Warning (dev) at cmake/finders/FindDetours.cmake:65 (message):
  Failed to find detours version.
Call Stack (most recent call first):
  plugins/win-capture/graphics-hook/CMakeLists.txt:3 (find_package)
This warning is for project developers.  Use -Wno-dev to suppress it.

-- Configuring done (0.7s)
-- Generating done (0.4s)
-- Build files have been written to: D:/Documents/Zab/Pulsar/.worktrees/eleven-253-latency/upstream/build_x86
-- Setting up Pre-Built obs-deps (x64)
-- Setting up Pre-Built obs-deps (x64) - done
-- Setting up Pre-Built Qt6 (x64)
-- Setting up Pre-Built Qt6 (x64) - done
-- Setting up Chromium Embedded Framework (x64)
-- Setting up Chromium Embedded Framework (x64) - skipped
-- Found FFmpeg: D:/Documents/Zab/Pulsar/.worktrees/eleven-253-latency/upstream/.deps/obs-deps-2025-08-23-x64/bin/avformat-61.dll;D:/Documents/Zab/Pulsar/.worktrees/eleven-253-latency/upstream/.deps/obs-deps-2025-08-23-x64/bin/avutil-59.dll;D:/Documents/Zab/Pulsar/.worktrees/eleven-253-latency/upstream/.deps/obs-deps-2025-08-23-x64/bin/swscale-8.dll;D:/Documents/Zab/Pulsar/.worktrees/eleven-253-latency/upstream/.deps/obs-deps-2025-08-23-x64/bin/swresample-5.dll;D:/Documents/Zab/Pulsar/.worktrees/eleven-253-latency/upstream/.deps/obs-deps-2025-08-23-x64/bin/avcodec-61.dll (found suitable version "7.1", minimum required is "6.1") found components: avformat avutil swscale swresample avcodec
-- aja: Using new libajantv2 library
CMake Warning (dev) at cmake/finders/FindLibAJANTV2.cmake:100 (message):
  Failed to find LibAJANTV2 version.
Call Stack (most recent call first):
  plugins/aja/CMakeLists.txt:10 (find_package)
This warning is for project developers.  Use -Wno-dev to suppress it.

-- Found FFmpeg: D:/Documents/Zab/Pulsar/.worktrees/eleven-253-latency/upstream/.deps/obs-deps-2025-08-23-x64/bin/avcodec-61.dll;D:/Documents/Zab/Pulsar/.worktrees/eleven-253-latency/upstream/.deps/obs-deps-2025-08-23-x64/bin/avfilter-10.dll;D:/Documents/Zab/Pulsar/.worktrees/eleven-253-latency/upstream/.deps/obs-deps-2025-08-23-x64/bin/avdevice-61.dll;D:/Documents/Zab/Pulsar/.worktrees/eleven-253-latency/upstream/.deps/obs-deps-2025-08-23-x64/bin/avutil-59.dll;D:/Documents/Zab/Pulsar/.worktrees/eleven-253-latency/upstream/.deps/obs-deps-2025-08-23-x64/bin/swscale-8.dll;D:/Documents/Zab/Pulsar/.worktrees/eleven-253-latency/upstream/.deps/obs-deps-2025-08-23-x64/bin/avformat-61.dll;D:/Documents/Zab/Pulsar/.worktrees/eleven-253-latency/upstream/.deps/obs-deps-2025-08-23-x64/bin/swresample-5.dll (found suitable version "7.1", minimum required is "6.1") found components: avcodec avfilter avdevice avutil swscale avformat swresample
-- Found FFmpeg: D:/Documents/Zab/Pulsar/.worktrees/eleven-253-latency/upstream/.deps/obs-deps-2025-08-23-x64/bin/avcodec-61.dll;D:/Documents/Zab/Pulsar/.worktrees/eleven-253-latency/upstream/.deps/obs-deps-2025-08-23-x64/bin/avfilter-10.dll;D:/Documents/Zab/Pulsar/.worktrees/eleven-253-latency/upstream/.deps/obs-deps-2025-08-23-x64/bin/avdevice-61.dll;D:/Documents/Zab/Pulsar/.worktrees/eleven-253-latency/upstream/.deps/obs-deps-2025-08-23-x64/bin/avutil-59.dll;D:/Documents/Zab/Pulsar/.worktrees/eleven-253-latency/upstream/.deps/obs-deps-2025-08-23-x64/bin/swscale-8.dll;D:/Documents/Zab/Pulsar/.worktrees/eleven-253-latency/upstream/.deps/obs-deps-2025-08-23-x64/bin/avformat-61.dll;D:/Documents/Zab/Pulsar/.worktrees/eleven-253-latency/upstream/.deps/obs-deps-2025-08-23-x64/bin/swresample-5.dll (found version "7.1") found components: avcodec avdevice avutil avformat
-- Found FFmpeg: D:/Documents/Zab/Pulsar/.worktrees/eleven-253-latency/upstream/.deps/obs-deps-2025-08-23-x64/bin/avcodec-61.dll;D:/Documents/Zab/Pulsar/.worktrees/eleven-253-latency/upstream/.deps/obs-deps-2025-08-23-x64/bin/avfilter-10.dll;D:/Documents/Zab/Pulsar/.worktrees/eleven-253-latency/upstream/.deps/obs-deps-2025-08-23-x64/bin/avdevice-61.dll;D:/Documents/Zab/Pulsar/.worktrees/eleven-253-latency/upstream/.deps/obs-deps-2025-08-23-x64/bin/avutil-59.dll;D:/Documents/Zab/Pulsar/.worktrees/eleven-253-latency/upstream/.deps/obs-deps-2025-08-23-x64/bin/swscale-8.dll;D:/Documents/Zab/Pulsar/.worktrees/eleven-253-latency/upstream/.deps/obs-deps-2025-08-23-x64/bin/avformat-61.dll;D:/Documents/Zab/Pulsar/.worktrees/eleven-253-latency/upstream/.deps/obs-deps-2025-08-23-x64/bin/swresample-5.dll (found version "7.1") found components: avcodec avutil avformat
CMake Warning (dev) at cmake/finders/FindLibspeexdsp.cmake:87 (message):
  Failed to find Libspeexdsp version.
Call Stack (most recent call first):
  plugins/obs-filters/cmake/speexdsp.cmake:4 (find_package)
  plugins/obs-filters/CMakeLists.txt:34 (include)
This warning is for project developers.  Use -Wno-dev to suppress it.

CMake Warning (dev) at cmake/finders/FindLibrnnoise.cmake:87 (message):
  Failed to find Librnnoise version.
Call Stack (most recent call first):
  plugins/obs-filters/cmake/rnnoise.cmake:5 (find_package)
  plugins/obs-filters/CMakeLists.txt:35 (include)
This warning is for project developers.  Use -Wno-dev to suppress it.

-- Found VPL: optimized;D:/Documents/Zab/Pulsar/.worktrees/eleven-253-latency/upstream/.deps/obs-deps-2025-08-23-x64/lib/vpl.lib;debug;D:/Documents/Zab/Pulsar/.worktrees/eleven-253-latency/upstream/.deps/obs-deps-2025-08-23-x64/lib/vpld.lib (Required is at least version "2.9")
-- Found VPL: optimized;D:/Documents/Zab/Pulsar/.worktrees/eleven-253-latency/upstream/.deps/obs-deps-2025-08-23-x64/lib/vpl.lib;debug;D:/Documents/Zab/Pulsar/.worktrees/eleven-253-latency/upstream/.deps/obs-deps-2025-08-23-x64/lib/vpld.lib (found suitable version "2.14", minimum required is "2.9")
CMake Warning (dev) at cmake/finders/FindDetours.cmake:65 (message):
  Failed to find detours version.
Call Stack (most recent call first):
  plugins/win-capture/graphics-hook/CMakeLists.txt:3 (find_package)
This warning is for project developers.  Use -Wno-dev to suppress it.

-- Found FFmpeg: D:/Documents/Zab/Pulsar/.worktrees/eleven-253-latency/upstream/.deps/obs-deps-2025-08-23-x64/bin/avcodec-61.dll;D:/Documents/Zab/Pulsar/.worktrees/eleven-253-latency/upstream/.deps/obs-deps-2025-08-23-x64/bin/avutil-59.dll (found version "7.1") found components: avcodec avutil
                      _                   _             _ _       
                 ___ | |__  ___       ___| |_ _   _  __| (_) ___  
                / _ \| '_ \/ __|_____/ __| __| | | |/ _` | |/ _ \ 
               | (_) | |_) \__ \_____\__ \ |_| |_| | (_| | | (_) |
                \___/|_.__/|___/     |___/\__|\__,_|\__,_|_|\___/ 

OBS:  Application Version: 32.1.2-48-g99b4d3660-modified-pulsar - Build Number: 5
==================================================================================


------------------------       Enabled Features           ------------------------
 - Direct3D 11 renderer
 - NVIDIA Audio FX support
 - NVIDIA Video FX support
 - OpenGL renderer
 - Plugin Support
 - RNNoise noise suppression
 - SpeexDSP noise suppression
------------------------       Disabled Features          ------------------------
 - User Interface
------------------------        Enabled Modules           ------------------------
 - aja
 - coreaudio-encoder
 - decklink
 - graphics-hook
 - image-source
 - libobs-d3d11
 - libobs-winrt
 - nv-filters
 - obs-browser
 - obs-ffmpeg
 - obs-filters
 - obs-nvenc
 - obs-outputs
 - obs-qsv11
 - obs-text
 - obs-transitions
 - obs-virtualcam-module
 - obs-vst
 - obs-webrtc
 - obs-x264
 - rtmp-services
 - text-freetype2
 - vlc-video
 - win-capture
 - win-dshow
 - win-wasapi
------------------------        Disabled Modules          ------------------------
 - obs-libfdk
 - obs-websocket
 - test-input
----------------------------------------------------------------------------------
-- Configuring done (4.3s)
-- Generating done (8.1s)
-- Build files have been written to: D:/Documents/Zab/Pulsar/.worktrees/eleven-253-latency/upstream/build_x64
Version MSBuild 17.14.40+3e7442088 pour .NET Framework

  obsversion.c
  libobs-version.vcxproj -> D:\Documents\Zab\Pulsar\.worktrees\eleven-253-latency\upstream\build_x64\libobs\libobs-version.dir\RelWithDebInfo\libobs-version.lib
  caption.vcxproj -> D:\Documents\Zab\Pulsar\.worktrees\eleven-253-latency\upstream\build_x64\deps\libcaption\RelWithDebInfo\caption.lib
  w32-pthreads.vcxproj -> D:\Documents\Zab\Pulsar\.worktrees\eleven-253-latency\upstream\build_x64\deps\w32-pthreads\RelWithDebInfo\w32-pthreads.dll
  Copy w32-pthreads to destination
  wasapi-enum-devices.c
  wasapi-monitoring-available.c
  wasapi-output.c
  effect-parser.c
  effect.c
  graphics-ffmpeg.c
  graphics-imports.c
  graphics.c
  image-file.c
  shader-parser.c
  texture-render.c
  obs-audio-controls.c
  obs-audio.c
  obs-av1.c
  obs-avc.c
  obs-canvas.c
  obs-display.c
  obs-encoder.c
  obs-hevc.c
  obs-hotkey-name-map.c
  obs-hotkey.c
  obs-missing-files.c
  obs-module.c
  obs-output-delay.c
  obs-output.c
  obs-properties.c
  obs-scene.c
  obs-service.c
  obs-source-deinterlace.c
  obs-source-transition.c
  obs-source.c
  obs-video-gpu-encode.c
  obs-video.c
  obs-view.c
  obs-windows.c
  obs.c
  platform.c
  source-profiler.c
  libobs.vcxproj -> D:\Documents\Zab\Pulsar\.worktrees\eleven-253-latency\upstream\build_x64\libobs\RelWithDebInfo\obs.dll
  Copy libobs to destination
  Copy libobs resources to data directory
Version MSBuild 17.14.40+3e7442088 pour .NET Framework

  w32-pthreads.vcxproj -> D:\Documents\Zab\Pulsar\.worktrees\eleven-253-latency\upstream\build_x64\deps\w32-pthreads\RelWithDebInfo\w32-pthreads.dll
  libobs-version.vcxproj -> D:\Documents\Zab\Pulsar\.worktrees\eleven-253-latency\upstream\build_x64\libobs\libobs-version.dir\RelWithDebInfo\libobs-version.lib
  caption.vcxproj -> D:\Documents\Zab\Pulsar\.worktrees\eleven-253-latency\upstream\build_x64\deps\libcaption\RelWithDebInfo\caption.lib
  Copy w32-pthreads to destination
  libobs.vcxproj -> D:\Documents\Zab\Pulsar\.worktrees\eleven-253-latency\upstream\build_x64\libobs\RelWithDebInfo\obs.dll
  Copy libobs to destination
  Copy libobs resources to data directory
  d3d11-duplicator.cpp
  d3d11-indexbuffer.cpp
  d3d11-rebuild.cpp
  d3d11-samplerstate.cpp
  d3d11-shader.cpp
  d3d11-shaderprocessor.cpp
  d3d11-stagesurf.cpp
  d3d11-subsystem.cpp
  d3d11-texture2d.cpp
  d3d11-texture3d.cpp
  d3d11-vertexbuffer.cpp
  d3d11-zstencilbuffer.cpp
  libobs-d3d11.vcxproj -> D:\Documents\Zab\Pulsar\.worktrees\eleven-253-latency\upstream\build_x64\libobs-d3d11\RelWithDebInfo\libobs-d3d11.dll
  Copy libobs-d3d11 to destination
Version MSBuild 17.14.40+3e7442088 pour .NET Framework

  w32-pthreads.vcxproj -> D:\Documents\Zab\Pulsar\.worktrees\eleven-253-latency\upstream\build_x64\deps\w32-pthreads\RelWithDebInfo\w32-pthreads.dll
  libobs-version.vcxproj -> D:\Documents\Zab\Pulsar\.worktrees\eleven-253-latency\upstream\build_x64\libobs\libobs-version.dir\RelWithDebInfo\libobs-version.lib
  caption.vcxproj -> D:\Documents\Zab\Pulsar\.worktrees\eleven-253-latency\upstream\build_x64\deps\libcaption\RelWithDebInfo\caption.lib
  Copy w32-pthreads to destination
  libobs.vcxproj -> D:\Documents\Zab\Pulsar\.worktrees\eleven-253-latency\upstream\build_x64\libobs\RelWithDebInfo\obs.dll
  Copy libobs to destination
  Copy libobs resources to data directory
  obs-frontend-api.cpp
  obs-frontend-api.vcxproj -> D:\Documents\Zab\Pulsar\.worktrees\eleven-253-latency\upstream\build_x64\frontend\api\RelWithDebInfo\obs-frontend-api.dll
  Copy obs-frontend-api to destination
Version MSBuild 17.14.40+3e7442088 pour .NET Framework

  d3d11-return-transport.cpp
  virtualcam-filter.cpp
  virtualcam-module.cpp
  shared-memory-queue.c
  obs-virtualcam-module.vcxproj -> D:\Documents\Zab\Pulsar\.worktrees\eleven-253-latency\upstream\build_x64\plugins\win-dshow\virtualcam-module\RelWithDebInfo\obs-virtualcam-module64.dll
  Build x86 obs-virtualcam-module				
  Version MSBuild 17.14.40+3e7442088 pour .NET Framework
  
    d3d11-return-transport.cpp
    virtualcam-filter.cpp
    virtualcam-module.cpp
    shared-memory-queue.c
    obs-virtualcam-module.vcxproj -> D:\Documents\Zab\Pulsar\.worktrees\eleven-253-latency\upstream\build_x86\plugins\win-dshow\virtualcam-module\RelWithDebInfo\obs-virtualcam-module32.dll
  Copy obs-virtualcam-module resource D:/Documents/Zab/Pulsar/.worktrees/eleven-253-latency/upstream/build_x64/plugins/win-dshow/virtualcam-module/virtualcam-install.bat to library directory
  Copy obs-virtualcam-module resource D:/Documents/Zab/Pulsar/.worktrees/eleven-253-latency/upstream/build_x64/plugins/win-dshow/virtualcam-module/virtualcam-uninstall.bat to library directory
  Copy obs-virtualcam-module (x86) to destination
  Copy obs-virtualcam-module to destination
  libobs-version.vcxproj -> D:\Documents\Zab\Pulsar\.worktrees\eleven-253-latency\upstream\build_x64\libobs\libobs-version.dir\RelWithDebInfo\libobs-version.lib
  w32-pthreads.vcxproj -> D:\Documents\Zab\Pulsar\.worktrees\eleven-253-latency\upstream\build_x64\deps\w32-pthreads\RelWithDebInfo\w32-pthreads.dll
  caption.vcxproj -> D:\Documents\Zab\Pulsar\.worktrees\eleven-253-latency\upstream\build_x64\deps\libcaption\RelWithDebInfo\caption.lib
  Copy w32-pthreads to destination
  libobs.vcxproj -> D:\Documents\Zab\Pulsar\.worktrees\eleven-253-latency\upstream\build_x64\libobs\RelWithDebInfo\obs.dll
  Copy libobs to destination
  Copy libobs resources to data directory
  dshow-plugin.cpp
  d3d11-return-transport.cpp
  win-dshow-encoder.cpp
  win-dshow.cpp
  ffmpeg-decode.c
  d3d11-return-auth.c
  virtualcam.c
  shared-memory-queue.c
  win-dshow.vcxproj -> D:\Documents\Zab\Pulsar\.worktrees\eleven-253-latency\upstream\build_x64\plugins\win-dshow\RelWithDebInfo\win-dshow.dll
  Copy win-dshow to destination
  Copy win-dshow resources to data directory
Version MSBuild 17.14.40+3e7442088 pour .NET Framework

  obs-virtualcam-module.vcxproj -> D:\Documents\Zab\Pulsar\.worktrees\eleven-253-latency\upstream\build_x64\plugins\win-dshow\virtualcam-module\RelWithDebInfo\obs-virtualcam-module64.dll
  Build x86 obs-virtualcam-module				
  Version MSBuild 17.14.40+3e7442088 pour .NET Framework
  
    obs-virtualcam-module.vcxproj -> D:\Documents\Zab\Pulsar\.worktrees\eleven-253-latency\upstream\build_x86\plugins\win-dshow\virtualcam-module\RelWithDebInfo\obs-virtualcam-module32.dll
  Copy obs-virtualcam-module resource D:/Documents/Zab/Pulsar/.worktrees/eleven-253-latency/upstream/build_x64/plugins/win-dshow/virtualcam-module/virtualcam-install.bat to library directory
  Copy obs-virtualcam-module resource D:/Documents/Zab/Pulsar/.worktrees/eleven-253-latency/upstream/build_x64/plugins/win-dshow/virtualcam-module/virtualcam-uninstall.bat to library directory
  Copy obs-virtualcam-module (x86) to destination
  Copy obs-virtualcam-module to destination
Version MSBuild 17.14.40+3e7442088 pour .NET Framework

  libobs-version.vcxproj -> D:\Documents\Zab\Pulsar\.worktrees\eleven-253-latency\upstream\build_x64\libobs\libobs-version.dir\RelWithDebInfo\libobs-version.lib
  w32-pthreads.vcxproj -> D:\Documents\Zab\Pulsar\.worktrees\eleven-253-latency\upstream\build_x64\deps\w32-pthreads\RelWithDebInfo\w32-pthreads.dll
  caption.vcxproj -> D:\Documents\Zab\Pulsar\.worktrees\eleven-253-latency\upstream\build_x64\deps\libcaption\RelWithDebInfo\caption.lib
  Copy w32-pthreads to destination
  libobs.vcxproj -> D:\Documents\Zab\Pulsar\.worktrees\eleven-253-latency\upstream\build_x64\libobs\RelWithDebInfo\obs.dll
  Copy libobs to destination
  Copy libobs resources to data directory
  opts-parser.vcxproj -> D:\Documents\Zab\Pulsar\.worktrees\eleven-253-latency\upstream\build_x64\shared\opts-parser\opts-parser.dir\RelWithDebInfo\opts-parser.lib
  cuda-helpers.c
  nvenc-compat.c
  nvenc-cuda.c
  nvenc-d3d11.c
  nvenc-helpers.c
  nvenc-opts-parser.c
  nvenc-properties.c
  nvenc.c
  obs-nvenc.c
  obs-nvenc.vcxproj -> D:\Documents\Zab\Pulsar\.worktrees\eleven-253-latency\upstream\build_x64\plugins\obs-nvenc\RelWithDebInfo\obs-nvenc.dll
  Copy obs-nvenc to destination
  Copy obs-nvenc resources to data directory
Version MSBuild 17.14.40+3e7442088 pour .NET Framework

  libobs-version.vcxproj -> D:\Documents\Zab\Pulsar\.worktrees\eleven-253-latency\upstream\build_x64\libobs\libobs-version.dir\RelWithDebInfo\libobs-version.lib
  w32-pthreads.vcxproj -> D:\Documents\Zab\Pulsar\.worktrees\eleven-253-latency\upstream\build_x64\deps\w32-pthreads\RelWithDebInfo\w32-pthreads.dll
  caption.vcxproj -> D:\Documents\Zab\Pulsar\.worktrees\eleven-253-latency\upstream\build_x64\deps\libcaption\RelWithDebInfo\caption.lib
  Copy w32-pthreads to destination
  libobs.vcxproj -> D:\Documents\Zab\Pulsar\.worktrees\eleven-253-latency\upstream\build_x64\libobs\RelWithDebInfo\obs.dll
  Copy libobs to destination
  Copy libobs resources to data directory
  opts-parser.vcxproj -> D:\Documents\Zab\Pulsar\.worktrees\eleven-253-latency\upstream\build_x64\shared\opts-parser\opts-parser.dir\RelWithDebInfo\opts-parser.lib
  obs-x264-plugin-main.c
  obs-x264.c
  obs-x264.vcxproj -> D:\Documents\Zab\Pulsar\.worktrees\eleven-253-latency\upstream\build_x64\plugins\obs-x264\RelWithDebInfo\obs-x264.dll
  Copy obs-x264 to destination
  Copy obs-x264 resources to data directory

--- Reusing exact Pulsar CMake configuration ---

--- Building Pulsar plugins ---
Version MSBuild 17.14.40+3e7442088 pour .NET Framework

  Checking File Globs
  pulsar-frontend-stub.cpp
  pulsar-frontend-stub.vcxproj -> D:\Documents\Zab\Pulsar\.worktrees\eleven-253-latency\build\plugins\pulsar-frontend-stub\RelWithDebInfo\pulsar-frontend-stub.lib
  main.cpp
  pulsar-headless.vcxproj -> D:\Documents\Zab\Pulsar\.worktrees\eleven-253-latency\upstream\build_x64\rundir\RelWithDebInfo\bin\64bit\pulsar.exe

Built: D:\Documents\Zab\Pulsar\.worktrees\eleven-253-latency\upstream\build_x64\rundir\RelWithDebInfo\bin\64bit\pulsar.exe
Staged 6 Qt6 runtime DLLs into rundir/bin/64bit/
Staged 2 Qt6 platform plugins into rundir/bin/64bit/platforms/
Staged 14 obs-deps runtime DLLs into rundir/bin/64bit/
