Version MSBuild 17.14.40+3e7442088 pour .NET Framework

  d3d11-return-transport.cpp
  placeholder.cpp
  virtualcam-filter.cpp
  virtualcam-module.cpp
  capture-filter.cpp
  device-vendor.cpp
  device.cpp
  dshow-base.cpp
  dshow-demux.cpp
  dshow-encoded-device.cpp
  dshow-enum.cpp
  dshow-formats.cpp
  dshow-media-type.cpp
  dshowcapture.cpp
  dshowencode.cpp
  encoder.cpp
  log.cpp
  output-filter.cpp
  EGAVResult.cpp
  ElgatoUVCDevice.cpp
  EGAVHIDImplementation.cpp
  DriverInterface.cpp
  sleepto.c
  tiny-nv12-scale.c
  shared-memory-queue.c
     Création de la bibliothèque D:/Documents/Zab/Pulsar/.worktrees/eleven-253-latency/upstream/build_x64/plugins/win-dshow/virtualcam-module/RelWithDebInfo/obs-virtualcam-module64.lib et de l'objet D:/Documents/Zab/Pulsar/.worktrees/eleven-253-latency/upstream/build_x64/plugins/win-dshow/virtualcam-module/RelWithDebInfo/obs-virtualcam-module64.exp
  obs-virtualcam-module.vcxproj -> D:\Documents\Zab\Pulsar\.worktrees\eleven-253-latency\upstream\build_x64\plugins\win-dshow\virtualcam-module\RelWithDebInfo\obs-virtualcam-module64.dll
  Build x86 obs-virtualcam-module				
  Version MSBuild 17.14.40+3e7442088 pour .NET Framework
  
    d3d11-return-transport.cpp
    placeholder.cpp
    virtualcam-filter.cpp
    virtualcam-module.cpp
    capture-filter.cpp
    device-vendor.cpp
    device.cpp
    dshow-base.cpp
    dshow-demux.cpp
    dshow-encoded-device.cpp
    dshow-enum.cpp
    dshow-formats.cpp
    dshow-media-type.cpp
    dshowcapture.cpp
    dshowencode.cpp
    encoder.cpp
    log.cpp
    output-filter.cpp
    EGAVResult.cpp
    ElgatoUVCDevice.cpp
    EGAVHIDImplementation.cpp
    DriverInterface.cpp
    sleepto.c
    tiny-nv12-scale.c
    shared-memory-queue.c
       Cr├®ation de la biblioth├¿que D:/Documents/Zab/Pulsar/.worktrees/eleven-253-latency/upstream/build_x86/plugins/win-dshow/virtualcam-module/RelWithDebInfo/obs-virtualcam-module32.lib et de l'objet D:/Documents/Zab/Pulsar/.worktrees/eleven-253-latency/upstream/build_x86/plugins/win-dshow/virtualcam-module/RelWithDebInfo/obs-virtualcam-module32.exp
    obs-virtualcam-module.vcxproj -> D:\Documents\Zab\Pulsar\.worktrees\eleven-253-latency\upstream\build_x86\plugins\win-dshow\virtualcam-module\RelWithDebInfo\obs-virtualcam-module32.dll
  Copy obs-virtualcam-module resource D:/Documents/Zab/Pulsar/.worktrees/eleven-253-latency/upstream/build_x64/plugins/win-dshow/virtualcam-module/virtualcam-install.bat to library directory
  Copy obs-virtualcam-module resource D:/Documents/Zab/Pulsar/.worktrees/eleven-253-latency/upstream/build_x64/plugins/win-dshow/virtualcam-module/virtualcam-uninstall.bat to library directory
  Copy obs-virtualcam-module (x86) to destination
  Copy obs-virtualcam-module to destination
