Using cmake: C:\Program Files\CMake\bin\cmake.exe
Preset:       windows-x64
Source:       D:\Documents\Zab\Pulsar\.worktrees\eleven-253-latency\upstream
ATL headers found: C:\Program Files (x86)\Microsoft Visual Studio\2022\BuildTools\VC\Tools\MSVC\14.38.33130\atlmfc\include

--- Applying Pulsar patches ---
Pinned upstream commit: bd73b922891e56839b0bc86bdc519802802f9d68
Root patches found:     41
OBS-browser patches:    1
warning: in the working copy of 'libobs/obs-video.c', LF will be replaced by CRLF the next time Git touches it
  reusing exact patched upstream HEAD (fingerprint e095107c6ea2)
  reusing exact patched obs-browser HEAD (fingerprint c0b75b3895c6)

--- Building (RelWithDebInfo) ---
Fastpath targets: libobs, D3D11, frontend API, win-dshow, DirectShow filter, NVENC and x264
Version MSBuild 17.14.40+3e7442088 pour .NET Framework

  libobs-version.vcxproj -> D:\Documents\Zab\Pulsar\.worktrees\eleven-253-latency\upstream\build_x64\libobs\libobs-version.dir\RelWithDebInfo\libobs-version.lib
  caption.vcxproj -> D:\Documents\Zab\Pulsar\.worktrees\eleven-253-latency\upstream\build_x64\deps\libcaption\RelWithDebInfo\caption.lib
  w32-pthreads.vcxproj -> D:\Documents\Zab\Pulsar\.worktrees\eleven-253-latency\upstream\build_x64\deps\w32-pthreads\RelWithDebInfo\w32-pthreads.dll
  Copy w32-pthreads to destination
  obs-video.c
  libobs.vcxproj -> D:\Documents\Zab\Pulsar\.worktrees\eleven-253-latency\upstream\build_x64\libobs\RelWithDebInfo\obs.dll
  Copy libobs to destination
  Copy libobs resources to data directory
Version MSBuild 17.14.40+3e7442088 pour .NET Framework

  w32-pthreads.vcxproj -> D:\Documents\Zab\Pulsar\.worktrees\eleven-253-latency\upstream\build_x64\deps\w32-pthreads\RelWithDebInfo\w32-pthreads.dll
  libobs-version.vcxproj -> D:\Documents\Zab\Pulsar\.worktrees\eleven-253-latency\upstream\build_x64\libobs\libobs-version.dir\RelWithDebInfo\libobs-version.lib
  caption.vcxproj -> D:\Documents\Zab\Pulsar\.worktrees\eleven-253-latency\upstream\build_x64\deps\libcaption\RelWithDebInfo\caption.lib
  Copy w32-pthreads to destination
  libobs.vcxproj -> D:\Documents\Zab\Pulsar\.worktrees\eleven-253-latency\upstream\build_x64\libobs\RelWithDebInfo\obs.dll
  Copy libobs to destination
  Copy libobs resources to data directory
  libobs-d3d11.vcxproj -> D:\Documents\Zab\Pulsar\.worktrees\eleven-253-latency\upstream\build_x64\libobs-d3d11\RelWithDebInfo\libobs-d3d11.dll
  Copy libobs-d3d11 to destination
Version MSBuild 17.14.40+3e7442088 pour .NET Framework

  w32-pthreads.vcxproj -> D:\Documents\Zab\Pulsar\.worktrees\eleven-253-latency\upstream\build_x64\deps\w32-pthreads\RelWithDebInfo\w32-pthreads.dll
  libobs-version.vcxproj -> D:\Documents\Zab\Pulsar\.worktrees\eleven-253-latency\upstream\build_x64\libobs\libobs-version.dir\RelWithDebInfo\libobs-version.lib
  caption.vcxproj -> D:\Documents\Zab\Pulsar\.worktrees\eleven-253-latency\upstream\build_x64\deps\libcaption\RelWithDebInfo\caption.lib
  Copy w32-pthreads to destination
  libobs.vcxproj -> D:\Documents\Zab\Pulsar\.worktrees\eleven-253-latency\upstream\build_x64\libobs\RelWithDebInfo\obs.dll
  Copy libobs to destination
  Copy libobs resources to data directory
  obs-frontend-api.vcxproj -> D:\Documents\Zab\Pulsar\.worktrees\eleven-253-latency\upstream\build_x64\frontend\api\RelWithDebInfo\obs-frontend-api.dll
  Copy obs-frontend-api to destination
Version MSBuild 17.14.40+3e7442088 pour .NET Framework

  obs-virtualcam-module.vcxproj -> D:\Documents\Zab\Pulsar\.worktrees\eleven-253-latency\upstream\build_x64\plugins\win-dshow\virtualcam-module\RelWithDebInfo\obs-virtualcam-module64.dll
  Build x86 obs-virtualcam-module				
  Version MSBuild 17.14.40+3e7442088 pour .NET Framework
  
    obs-virtualcam-module.vcxproj -> D:\Documents\Zab\Pulsar\.worktrees\eleven-253-latency\upstream\build_x86\plugins\win-dshow\virtualcam-module\RelWithDebInfo\obs-virtualcam-module32.dll
  Copy obs-virtualcam-module resource D:/Documents/Zab/Pulsar/.worktrees/eleven-253-latency/upstream/build_x64/plugins/win-dshow/virtualcam-module/virtualcam-install.bat to library directory
  Copy obs-virtualcam-module resource D:/Documents/Zab/Pulsar/.worktrees/eleven-253-latency/upstream/build_x64/plugins/win-dshow/virtualcam-module/virtualcam-uninstall.bat to library directory
  Copy obs-virtualcam-module (x86) to destination
  Copy obs-virtualcam-module to destination
  libobs-version.vcxproj -> D:\Documents\Zab\Pulsar\.worktrees\eleven-253-latency\upstream\build_x64\libobs\libobs-version.dir\RelWithDebInfo\libobs-version.lib
  w32-pthreads.vcxproj -> D:\Documents\Zab\Pulsar\.worktrees\eleven-253-latency\upstream\build_x64\deps\w32-pthreads\RelWithDebInfo\w32-pthreads.dll
  caption.vcxproj -> D:\Documents\Zab\Pulsar\.worktrees\eleven-253-latency\upstream\build_x64\deps\libcaption\RelWithDebInfo\caption.lib
  Copy w32-pthreads to destination
  libobs.vcxproj -> D:\Documents\Zab\Pulsar\.worktrees\eleven-253-latency\upstream\build_x64\libobs\RelWithDebInfo\obs.dll
  Copy libobs to destination
  Copy libobs resources to data directory
  win-dshow.vcxproj -> D:\Documents\Zab\Pulsar\.worktrees\eleven-253-latency\upstream\build_x64\plugins\win-dshow\RelWithDebInfo\win-dshow.dll
  Copy win-dshow to destination
  Copy win-dshow resources to data directory
Version MSBuild 17.14.40+3e7442088 pour .NET Framework

  obs-virtualcam-module.vcxproj -> D:\Documents\Zab\Pulsar\.worktrees\eleven-253-latency\upstream\build_x64\plugins\win-dshow\virtualcam-module\RelWithDebInfo\obs-virtualcam-module64.dll
  Build x86 obs-virtualcam-module				
  Version MSBuild 17.14.40+3e7442088 pour .NET Framework
  
    obs-virtualcam-module.vcxproj -> D:\Documents\Zab\Pulsar\.worktrees\eleven-253-latency\upstream\build_x86\plugins\win-dshow\virtualcam-module\RelWithDebInfo\obs-virtualcam-module32.dll
  Copy obs-virtualcam-module resource D:/Documents/Zab/Pulsar/.worktrees/eleven-253-latency/upstream/build_x64/plugins/win-dshow/virtualcam-module/virtualcam-install.bat to library directory
  Copy obs-virtualcam-module resource D:/Documents/Zab/Pulsar/.worktrees/eleven-253-latency/upstream/build_x64/plugins/win-dshow/virtualcam-module/virtualcam-uninstall.bat to library directory
  Copy obs-virtualcam-module (x86) to destination
  Copy obs-virtualcam-module to destination
Version MSBuild 17.14.40+3e7442088 pour .NET Framework

  libobs-version.vcxproj -> D:\Documents\Zab\Pulsar\.worktrees\eleven-253-latency\upstream\build_x64\libobs\libobs-version.dir\RelWithDebInfo\libobs-version.lib
  w32-pthreads.vcxproj -> D:\Documents\Zab\Pulsar\.worktrees\eleven-253-latency\upstream\build_x64\deps\w32-pthreads\RelWithDebInfo\w32-pthreads.dll
  caption.vcxproj -> D:\Documents\Zab\Pulsar\.worktrees\eleven-253-latency\upstream\build_x64\deps\libcaption\RelWithDebInfo\caption.lib
  Copy w32-pthreads to destination
  libobs.vcxproj -> D:\Documents\Zab\Pulsar\.worktrees\eleven-253-latency\upstream\build_x64\libobs\RelWithDebInfo\obs.dll
  Copy libobs to destination
  Copy libobs resources to data directory
  opts-parser.vcxproj -> D:\Documents\Zab\Pulsar\.worktrees\eleven-253-latency\upstream\build_x64\shared\opts-parser\opts-parser.dir\RelWithDebInfo\opts-parser.lib
  obs-nvenc.vcxproj -> D:\Documents\Zab\Pulsar\.worktrees\eleven-253-latency\upstream\build_x64\plugins\obs-nvenc\RelWithDebInfo\obs-nvenc.dll
  Copy obs-nvenc to destination
  Copy obs-nvenc resources to data directory
Version MSBuild 17.14.40+3e7442088 pour .NET Framework

  libobs-version.vcxproj -> D:\Documents\Zab\Pulsar\.worktrees\eleven-253-latency\upstream\build_x64\libobs\libobs-version.dir\RelWithDebInfo\libobs-version.lib
  w32-pthreads.vcxproj -> D:\Documents\Zab\Pulsar\.worktrees\eleven-253-latency\upstream\build_x64\deps\w32-pthreads\RelWithDebInfo\w32-pthreads.dll
  caption.vcxproj -> D:\Documents\Zab\Pulsar\.worktrees\eleven-253-latency\upstream\build_x64\deps\libcaption\RelWithDebInfo\caption.lib
  Copy w32-pthreads to destination
  libobs.vcxproj -> D:\Documents\Zab\Pulsar\.worktrees\eleven-253-latency\upstream\build_x64\libobs\RelWithDebInfo\obs.dll
  Copy libobs to destination
  Copy libobs resources to data directory
  opts-parser.vcxproj -> D:\Documents\Zab\Pulsar\.worktrees\eleven-253-latency\upstream\build_x64\shared\opts-parser\opts-parser.dir\RelWithDebInfo\opts-parser.lib
  obs-x264.vcxproj -> D:\Documents\Zab\Pulsar\.worktrees\eleven-253-latency\upstream\build_x64\plugins\obs-x264\RelWithDebInfo\obs-x264.dll
  Copy obs-x264 to destination
  Copy obs-x264 resources to data directory

--- Reusing exact Pulsar CMake configuration ---

--- Building Pulsar plugins ---
CMake is re-running because D:/Documents/Zab/Pulsar/.worktrees/eleven-253-latency/build/CMakeFiles/generate.stamp is out-of-date.
  the file 'D:/Documents/Zab/Pulsar/.worktrees/eleven-253-latency/CMakeLists.txt'
  is newer than 'D:/Documents/Zab/Pulsar/.worktrees/eleven-253-latency/build/CMakeFiles/generate.stamp.depend'
  result='-1'
-- Selecting Windows SDK version 10.0.26100.0 to target Windows 10.0.26200.
-- Pulsar upstream build directory: D:/Documents/Zab/Pulsar/.worktrees/eleven-253-latency/upstream/build_x64
-- Pulsar browser : using CEF at D:/Documents/Zab/Pulsar/.worktrees/eleven-253-latency/upstream/.deps/cef_binary_6533_windows_x64
-- Configuring done (0.5s)
-- Generating done (2.4s)
-- Build files have been written to: D:/Documents/Zab/Pulsar/.worktrees/eleven-253-latency/build
Version MSBuild 17.14.40+3e7442088 pour .NET Framework

  Checking File Globs
  1>Checking Build System
  pulsar-frontend-stub.vcxproj -> D:\Documents\Zab\Pulsar\.worktrees\eleven-253-latency\build\plugins\pulsar-frontend-stub\RelWithDebInfo\pulsar-frontend-stub.lib
  pulsar-headless.vcxproj -> D:\Documents\Zab\Pulsar\.worktrees\eleven-253-latency\upstream\build_x64\rundir\RelWithDebInfo\bin\64bit\pulsar.exe

Built: D:\Documents\Zab\Pulsar\.worktrees\eleven-253-latency\upstream\build_x64\rundir\RelWithDebInfo\bin\64bit\pulsar.exe
Staged 6 Qt6 runtime DLLs into rundir/bin/64bit/
Staged 2 Qt6 platform plugins into rundir/bin/64bit/platforms/
Staged 14 obs-deps runtime DLLs into rundir/bin/64bit/
