x264 probe exit=0
x264 analyzer exit=1; inspect report for latency failures and unproven capacity (no single-lane reference run)
nvenc probe exit=1
   source frame verified: probe-dual-lane-cef-B 1920x1080 distinct=847 nonblack=1.000
   public workload topology verified: duplicated producer instances WGC=2, CEF=2; topology=dual_lane_ab producer_count=2 lanes=A,B; scene ownership + settings + screenshots (Default bootstrap excluded)
   Take 001: frame_id=545 pts_ns=737413912090000 onair_lane=1 preview_lane=0
   measured composition: WGC left and CEF right above retained lifecycle colors; decoded marker 32:32:1888:508
   Take 010: frame_id=752 pts_ns=737417362089862 onair_lane=0 preview_lane=1
   Take 025: frame_id=843 pts_ns=737418878756468 onair_lane=1 preview_lane=0
   Take 050: frame_id=1002 pts_ns=737421528756362 onair_lane=0 preview_lane=1
   Take 075: frame_id=1180 pts_ns=737424495422910 onair_lane=1 preview_lane=0
   Take 100: frame_id=1372 pts_ns=737427695422782 onair_lane=0 preview_lane=1
   recording verified: pulsar-20260907-141006.mp4 12313115 bytes, H.264 1920x1080 60fps, frames=957, duration=15.950s, AAC
   trace partition: warmup_takes=100 measured_takes=10 total_takes=110
PASS: 10 Takes; computed lane/surface relations remained valid; frame_id/PTS monotone
Exception: D:\Documents\Zab\Pulsar\.worktrees\eleven-253-latency\scripts\probe-253-benchmark.ps1:47
Line |
  47 |              throw "$codec probe failed; evidence preserved in $output …
     |              ~~~~~~~~~~~~~~~~~~~~~~~~~~~~~~~~~~~~~~~~~~~~~~~~~~~~~~~~~
     | nvenc probe failed; evidence preserved in
     | D:\Documents\Zab\Pulsar\.worktrees\eleven-253-latency\evidence\253\eleven\20260907T122600Z-visible-marker
